<?xml version="1.0" encoding="ISO-8859-1" ?>
<link_info>
   <banner>TI ARM Linker PC v20.2.4.LTS</banner>
   <copyright>Copyright (c) 1996-2018 Texas Instruments Incorporated</copyright>
   <link_time>0x608e4097</link_time>
   <link_errors>0x0</link_errors>
   <output_file>BME280_msp_ex_trimmed_final_backup122030ap.out</output_file>
   <entry_point>
      <name>_c_int00_noargs</name>
      <address>0x4b1d</address>
   </entry_point>
   <input_file_list>
      <input_file id="fl-2">
         <path>.\</path>
         <kind>object</kind>
         <file>bme280.obj</file>
         <name>bme280.obj</name>
      </input_file>
      <input_file id="fl-3">
         <path>.\</path>
         <kind>object</kind>
         <file>bme280_support.obj</file>
         <name>bme280_support.obj</name>
      </input_file>
      <input_file id="fl-4">
         <path>.\</path>
         <kind>object</kind>
         <file>demo_sysctl.obj</file>
         <name>demo_sysctl.obj</name>
      </input_file>
      <input_file id="fl-5">
         <path>.\</path>
         <kind>object</kind>
         <file>i2c_driver.obj</file>
         <name>i2c_driver.obj</name>
      </input_file>
      <input_file id="fl-6">
         <path>.\</path>
         <kind>object</kind>
         <file>main.obj</file>
         <name>main.obj</name>
      </input_file>
      <input_file id="fl-7">
         <path>.\</path>
         <kind>object</kind>
         <file>system_msp432p401r.obj</file>
         <name>system_msp432p401r.obj</name>
      </input_file>
      <input_file id="fl-8">
         <path>.\</path>
         <kind>object</kind>
         <file>uart_driver.obj</file>
         <name>uart_driver.obj</name>
      </input_file>
      <input_file id="fl-9">
         <path>.\ccs\</path>
         <kind>object</kind>
         <file>startup_msp432p401r_ccs.obj</file>
         <name>startup_msp432p401r_ccs.obj</name>
      </input_file>
      <input_file id="fl-13">
         <kind>object</kind>
         <file>&lt;internal&gt;</file>
         <name>&lt;internal&gt;</name>
      </input_file>
      <input_file id="fl-14">
         <path>C:\ti\simplelink_msp432p4_sdk_3_40_01_02\source\ti\devices\msp432p4xx\driverlib\ccs\</path>
         <kind>archive</kind>
         <file>msp432p4xx_driverlib.lib</file>
         <name>cs.o</name>
      </input_file>
      <input_file id="fl-15">
         <path>C:\ti\simplelink_msp432p4_sdk_3_40_01_02\source\ti\devices\msp432p4xx\driverlib\ccs\</path>
         <kind>archive</kind>
         <file>msp432p4xx_driverlib.lib</file>
         <name>gpio.o</name>
      </input_file>
      <input_file id="fl-16">
         <path>C:\ti\simplelink_msp432p4_sdk_3_40_01_02\source\ti\devices\msp432p4xx\driverlib\ccs\</path>
         <kind>archive</kind>
         <file>msp432p4xx_driverlib.lib</file>
         <name>i2c.o</name>
      </input_file>
      <input_file id="fl-17">
         <path>C:\ti\simplelink_msp432p4_sdk_3_40_01_02\source\ti\devices\msp432p4xx\driverlib\ccs\</path>
         <kind>archive</kind>
         <file>msp432p4xx_driverlib.lib</file>
         <name>interrupt.o</name>
      </input_file>
      <input_file id="fl-18">
         <path>C:\ti\simplelink_msp432p4_sdk_3_40_01_02\source\ti\devices\msp432p4xx\driverlib\ccs\</path>
         <kind>archive</kind>
         <file>msp432p4xx_driverlib.lib</file>
         <name>sysctl_a.o</name>
      </input_file>
      <input_file id="fl-19">
         <path>C:\ti\simplelink_msp432p4_sdk_3_40_01_02\source\ti\devices\msp432p4xx\driverlib\ccs\</path>
         <kind>archive</kind>
         <file>msp432p4xx_driverlib.lib</file>
         <name>uart.o</name>
      </input_file>
      <input_file id="fl-1a">
         <path>C:\ti\simplelink_msp432p4_sdk_3_40_01_02\source\ti\devices\msp432p4xx\driverlib\ccs\</path>
         <kind>archive</kind>
         <file>msp432p4xx_driverlib.lib</file>
         <name>cpu.o</name>
      </input_file>
      <input_file id="fl-d0">
         <path>C:\ti\ccs1020\ccs\tools\compiler\ti-cgt-arm_20.2.4.LTS\lib\</path>
         <kind>archive</kind>
         <file>rtsv7M4_T_le_v4SPD16_eabi.lib</file>
         <name>printf.c.obj</name>
      </input_file>
      <input_file id="fl-d1">
         <path>C:\ti\ccs1020\ccs\tools\compiler\ti-cgt-arm_20.2.4.LTS\lib\</path>
         <kind>archive</kind>
         <file>rtsv7M4_T_le_v4SPD16_eabi.lib</file>
         <name>_printfi.c.obj</name>
      </input_file>
      <input_file id="fl-d2">
         <path>C:\ti\ccs1020\ccs\tools\compiler\ti-cgt-arm_20.2.4.LTS\lib\</path>
         <kind>archive</kind>
         <file>rtsv7M4_T_le_v4SPD16_eabi.lib</file>
         <name>snprintf.c.obj</name>
      </input_file>
      <input_file id="fl-d3">
         <path>C:\ti\ccs1020\ccs\tools\compiler\ti-cgt-arm_20.2.4.LTS\lib\</path>
         <kind>archive</kind>
         <file>rtsv7M4_T_le_v4SPD16_eabi.lib</file>
         <name>fputc.c.obj</name>
      </input_file>
      <input_file id="fl-d4">
         <path>C:\ti\ccs1020\ccs\tools\compiler\ti-cgt-arm_20.2.4.LTS\lib\</path>
         <kind>archive</kind>
         <file>rtsv7M4_T_le_v4SPD16_eabi.lib</file>
         <name>fputs.c.obj</name>
      </input_file>
      <input_file id="fl-d5">
         <path>C:\ti\ccs1020\ccs\tools\compiler\ti-cgt-arm_20.2.4.LTS\lib\</path>
         <kind>archive</kind>
         <file>rtsv7M4_T_le_v4SPD16_eabi.lib</file>
         <name>_io_perm.c.obj</name>
      </input_file>
      <input_file id="fl-d6">
         <path>C:\ti\ccs1020\ccs\tools\compiler\ti-cgt-arm_20.2.4.LTS\lib\</path>
         <kind>archive</kind>
         <file>rtsv7M4_T_le_v4SPD16_eabi.lib</file>
         <name>setvbuf.c.obj</name>
      </input_file>
      <input_file id="fl-d7">
         <path>C:\ti\ccs1020\ccs\tools\compiler\ti-cgt-arm_20.2.4.LTS\lib\</path>
         <kind>archive</kind>
         <file>rtsv7M4_T_le_v4SPD16_eabi.lib</file>
         <name>s_frexp.c.obj</name>
      </input_file>
      <input_file id="fl-d8">
         <path>C:\ti\ccs1020\ccs\tools\compiler\ti-cgt-arm_20.2.4.LTS\lib\</path>
         <kind>archive</kind>
         <file>rtsv7M4_T_le_v4SPD16_eabi.lib</file>
         <name>s_scalbn.c.obj</name>
      </input_file>
      <input_file id="fl-d9">
         <path>C:\ti\ccs1020\ccs\tools\compiler\ti-cgt-arm_20.2.4.LTS\lib\</path>
         <kind>archive</kind>
         <file>rtsv7M4_T_le_v4SPD16_eabi.lib</file>
         <name>s_copysign.c.obj</name>
      </input_file>
      <input_file id="fl-da">
         <path>C:\ti\ccs1020\ccs\tools\compiler\ti-cgt-arm_20.2.4.LTS\lib\</path>
         <kind>archive</kind>
         <file>rtsv7M4_T_le_v4SPD16_eabi.lib</file>
         <name>ull_div_t2.asm.obj</name>
      </input_file>
      <input_file id="fl-db">
         <path>C:\ti\ccs1020\ccs\tools\compiler\ti-cgt-arm_20.2.4.LTS\lib\</path>
         <kind>archive</kind>
         <file>rtsv7M4_T_le_v4SPD16_eabi.lib</file>
         <name>memset_t2.asm.obj</name>
      </input_file>
      <input_file id="fl-dc">
         <path>C:\ti\ccs1020\ccs\tools\compiler\ti-cgt-arm_20.2.4.LTS\lib\</path>
         <kind>archive</kind>
         <file>rtsv7M4_T_le_v4SPD16_eabi.lib</file>
         <name>fd_add_t2.asm.obj</name>
      </input_file>
      <input_file id="fl-dd">
         <path>C:\ti\ccs1020\ccs\tools\compiler\ti-cgt-arm_20.2.4.LTS\lib\</path>
         <kind>archive</kind>
         <file>rtsv7M4_T_le_v4SPD16_eabi.lib</file>
         <name>fd_cmp_t2.asm.obj</name>
      </input_file>
      <input_file id="fl-de">
         <path>C:\ti\ccs1020\ccs\tools\compiler\ti-cgt-arm_20.2.4.LTS\lib\</path>
         <kind>archive</kind>
         <file>rtsv7M4_T_le_v4SPD16_eabi.lib</file>
         <name>fd_div_t2.asm.obj</name>
      </input_file>
      <input_file id="fl-df">
         <path>C:\ti\ccs1020\ccs\tools\compiler\ti-cgt-arm_20.2.4.LTS\lib\</path>
         <kind>archive</kind>
         <file>rtsv7M4_T_le_v4SPD16_eabi.lib</file>
         <name>fd_mul_t2.asm.obj</name>
      </input_file>
      <input_file id="fl-e0">
         <path>C:\ti\ccs1020\ccs\tools\compiler\ti-cgt-arm_20.2.4.LTS\lib\</path>
         <kind>archive</kind>
         <file>rtsv7M4_T_le_v4SPD16_eabi.lib</file>
         <name>fd_toi_t2.asm.obj</name>
      </input_file>
      <input_file id="fl-e1">
         <path>C:\ti\ccs1020\ccs\tools\compiler\ti-cgt-arm_20.2.4.LTS\lib\</path>
         <kind>archive</kind>
         <file>rtsv7M4_T_le_v4SPD16_eabi.lib</file>
         <name>fd_tos_t2.asm.obj</name>
      </input_file>
      <input_file id="fl-e2">
         <path>C:\ti\ccs1020\ccs\tools\compiler\ti-cgt-arm_20.2.4.LTS\lib\</path>
         <kind>archive</kind>
         <file>rtsv7M4_T_le_v4SPD16_eabi.lib</file>
         <name>fd_tou_t2.asm.obj</name>
      </input_file>
      <input_file id="fl-e3">
         <path>C:\ti\ccs1020\ccs\tools\compiler\ti-cgt-arm_20.2.4.LTS\lib\</path>
         <kind>archive</kind>
         <file>rtsv7M4_T_le_v4SPD16_eabi.lib</file>
         <name>fs_tod_t2.asm.obj</name>
      </input_file>
      <input_file id="fl-e4">
         <path>C:\ti\ccs1020\ccs\tools\compiler\ti-cgt-arm_20.2.4.LTS\lib\</path>
         <kind>archive</kind>
         <file>rtsv7M4_T_le_v4SPD16_eabi.lib</file>
         <name>i_tofd_t2.asm.obj</name>
      </input_file>
      <input_file id="fl-e5">
         <path>C:\ti\ccs1020\ccs\tools\compiler\ti-cgt-arm_20.2.4.LTS\lib\</path>
         <kind>archive</kind>
         <file>rtsv7M4_T_le_v4SPD16_eabi.lib</file>
         <name>memcpy_t2.asm.obj</name>
      </input_file>
      <input_file id="fl-e6">
         <path>C:\ti\ccs1020\ccs\tools\compiler\ti-cgt-arm_20.2.4.LTS\lib\</path>
         <kind>archive</kind>
         <file>rtsv7M4_T_le_v4SPD16_eabi.lib</file>
         <name>u_tofd_t2.asm.obj</name>
      </input_file>
      <input_file id="fl-e7">
         <path>C:\ti\ccs1020\ccs\tools\compiler\ti-cgt-arm_20.2.4.LTS\lib\</path>
         <kind>archive</kind>
         <file>rtsv7M4_T_le_v4SPD16_eabi.lib</file>
         <name>copy_zero_init.c.obj</name>
      </input_file>
      <input_file id="fl-e8">
         <path>C:\ti\ccs1020\ccs\tools\compiler\ti-cgt-arm_20.2.4.LTS\lib\</path>
         <kind>archive</kind>
         <file>rtsv7M4_T_le_v4SPD16_eabi.lib</file>
         <name>copy_decompress_none.c.obj</name>
      </input_file>
      <input_file id="fl-e9">
         <path>C:\ti\ccs1020\ccs\tools\compiler\ti-cgt-arm_20.2.4.LTS\lib\</path>
         <kind>archive</kind>
         <file>rtsv7M4_T_le_v4SPD16_eabi.lib</file>
         <name>copy_decompress_lzss.c.obj</name>
      </input_file>
      <input_file id="fl-ea">
         <path>C:\ti\ccs1020\ccs\tools\compiler\ti-cgt-arm_20.2.4.LTS\lib\</path>
         <kind>archive</kind>
         <file>rtsv7M4_T_le_v4SPD16_eabi.lib</file>
         <name>exit.c.obj</name>
      </input_file>
      <input_file id="fl-eb">
         <path>C:\ti\ccs1020\ccs\tools\compiler\ti-cgt-arm_20.2.4.LTS\lib\</path>
         <kind>archive</kind>
         <file>rtsv7M4_T_le_v4SPD16_eabi.lib</file>
         <name>_lock.c.obj</name>
      </input_file>
      <input_file id="fl-ec">
         <path>C:\ti\ccs1020\ccs\tools\compiler\ti-cgt-arm_20.2.4.LTS\lib\</path>
         <kind>archive</kind>
         <file>rtsv7M4_T_le_v4SPD16_eabi.lib</file>
         <name>_ltoa.c.obj</name>
      </input_file>
      <input_file id="fl-ed">
         <path>C:\ti\ccs1020\ccs\tools\compiler\ti-cgt-arm_20.2.4.LTS\lib\</path>
         <kind>archive</kind>
         <file>rtsv7M4_T_le_v4SPD16_eabi.lib</file>
         <name>atoi.c.obj</name>
      </input_file>
      <input_file id="fl-ee">
         <path>C:\ti\ccs1020\ccs\tools\compiler\ti-cgt-arm_20.2.4.LTS\lib\</path>
         <kind>archive</kind>
         <file>rtsv7M4_T_le_v4SPD16_eabi.lib</file>
         <name>ctype.c.obj</name>
      </input_file>
      <input_file id="fl-ef">
         <path>C:\ti\ccs1020\ccs\tools\compiler\ti-cgt-arm_20.2.4.LTS\lib\</path>
         <kind>archive</kind>
         <file>rtsv7M4_T_le_v4SPD16_eabi.lib</file>
         <name>defs.c.obj</name>
      </input_file>
      <input_file id="fl-f0">
         <path>C:\ti\ccs1020\ccs\tools\compiler\ti-cgt-arm_20.2.4.LTS\lib\</path>
         <kind>archive</kind>
         <file>rtsv7M4_T_le_v4SPD16_eabi.lib</file>
         <name>memccpy.c.obj</name>
      </input_file>
      <input_file id="fl-f1">
         <path>C:\ti\ccs1020\ccs\tools\compiler\ti-cgt-arm_20.2.4.LTS\lib\</path>
         <kind>archive</kind>
         <file>rtsv7M4_T_le_v4SPD16_eabi.lib</file>
         <name>memchr.c.obj</name>
      </input_file>
      <input_file id="fl-f2">
         <path>C:\ti\ccs1020\ccs\tools\compiler\ti-cgt-arm_20.2.4.LTS\lib\</path>
         <kind>archive</kind>
         <file>rtsv7M4_T_le_v4SPD16_eabi.lib</file>
         <name>memory.c.obj</name>
      </input_file>
      <input_file id="fl-f3">
         <path>C:\ti\ccs1020\ccs\tools\compiler\ti-cgt-arm_20.2.4.LTS\lib\</path>
         <kind>archive</kind>
         <file>rtsv7M4_T_le_v4SPD16_eabi.lib</file>
         <name>strchr.c.obj</name>
      </input_file>
      <input_file id="fl-f4">
         <path>C:\ti\ccs1020\ccs\tools\compiler\ti-cgt-arm_20.2.4.LTS\lib\</path>
         <kind>archive</kind>
         <file>rtsv7M4_T_le_v4SPD16_eabi.lib</file>
         <name>strlen.c.obj</name>
      </input_file>
      <input_file id="fl-f5">
         <path>C:\ti\ccs1020\ccs\tools\compiler\ti-cgt-arm_20.2.4.LTS\lib\</path>
         <kind>archive</kind>
         <file>rtsv7M4_T_le_v4SPD16_eabi.lib</file>
         <name>strncpy.c.obj</name>
      </input_file>
      <input_file id="fl-f6">
         <path>C:\ti\ccs1020\ccs\tools\compiler\ti-cgt-arm_20.2.4.LTS\lib\</path>
         <kind>archive</kind>
         <file>rtsv7M4_T_le_v4SPD16_eabi.lib</file>
         <name>errno.c.obj</name>
      </input_file>
      <input_file id="fl-f7">
         <path>C:\ti\ccs1020\ccs\tools\compiler\ti-cgt-arm_20.2.4.LTS\lib\</path>
         <kind>archive</kind>
         <file>rtsv7M4_T_le_v4SPD16_eabi.lib</file>
         <name>boot_cortex_m.c.obj</name>
      </input_file>
      <input_file id="fl-f8">
         <path>C:\ti\ccs1020\ccs\tools\compiler\ti-cgt-arm_20.2.4.LTS\lib\</path>
         <kind>archive</kind>
         <file>rtsv7M4_T_le_v4SPD16_eabi.lib</file>
         <name>write.c.obj</name>
      </input_file>
      <input_file id="fl-f9">
         <path>C:\ti\ccs1020\ccs\tools\compiler\ti-cgt-arm_20.2.4.LTS\lib\</path>
         <kind>archive</kind>
         <file>rtsv7M4_T_le_v4SPD16_eabi.lib</file>
         <name>host_device.c.obj</name>
      </input_file>
      <input_file id="fl-fa">
         <path>C:\ti\ccs1020\ccs\tools\compiler\ti-cgt-arm_20.2.4.LTS\lib\</path>
         <kind>archive</kind>
         <file>rtsv7M4_T_le_v4SPD16_eabi.lib</file>
         <name>wcslen.c.obj</name>
      </input_file>
      <input_file id="fl-fb">
         <path>C:\ti\ccs1020\ccs\tools\compiler\ti-cgt-arm_20.2.4.LTS\lib\</path>
         <kind>archive</kind>
         <file>rtsv7M4_T_le_v4SPD16_eabi.lib</file>
         <name>fflush.c.obj</name>
      </input_file>
      <input_file id="fl-fc">
         <path>C:\ti\ccs1020\ccs\tools\compiler\ti-cgt-arm_20.2.4.LTS\lib\</path>
         <kind>archive</kind>
         <file>rtsv7M4_T_le_v4SPD16_eabi.lib</file>
         <name>fopen.c.obj</name>
      </input_file>
      <input_file id="fl-fd">
         <path>C:\ti\ccs1020\ccs\tools\compiler\ti-cgt-arm_20.2.4.LTS\lib\</path>
         <kind>archive</kind>
         <file>rtsv7M4_T_le_v4SPD16_eabi.lib</file>
         <name>fseek.c.obj</name>
      </input_file>
      <input_file id="fl-fe">
         <path>C:\ti\ccs1020\ccs\tools\compiler\ti-cgt-arm_20.2.4.LTS\lib\</path>
         <kind>archive</kind>
         <file>rtsv7M4_T_le_v4SPD16_eabi.lib</file>
         <name>div0.asm.obj</name>
      </input_file>
      <input_file id="fl-ff">
         <path>C:\ti\ccs1020\ccs\tools\compiler\ti-cgt-arm_20.2.4.LTS\lib\</path>
         <kind>archive</kind>
         <file>rtsv7M4_T_le_v4SPD16_eabi.lib</file>
         <name>autoinit.c.obj</name>
      </input_file>
      <input_file id="fl-100">
         <path>C:\ti\ccs1020\ccs\tools\compiler\ti-cgt-arm_20.2.4.LTS\lib\</path>
         <kind>archive</kind>
         <file>rtsv7M4_T_le_v4SPD16_eabi.lib</file>
         <name>cpy_tbl.c.obj</name>
      </input_file>
      <input_file id="fl-101">
         <path>C:\ti\ccs1020\ccs\tools\compiler\ti-cgt-arm_20.2.4.LTS\lib\</path>
         <kind>archive</kind>
         <file>rtsv7M4_T_le_v4SPD16_eabi.lib</file>
         <name>args_main.c.obj</name>
      </input_file>
      <input_file id="fl-102">
         <path>C:\ti\ccs1020\ccs\tools\compiler\ti-cgt-arm_20.2.4.LTS\lib\</path>
         <kind>archive</kind>
         <file>rtsv7M4_T_le_v4SPD16_eabi.lib</file>
         <name>hostclose.c.obj</name>
      </input_file>
      <input_file id="fl-103">
         <path>C:\ti\ccs1020\ccs\tools\compiler\ti-cgt-arm_20.2.4.LTS\lib\</path>
         <kind>archive</kind>
         <file>rtsv7M4_T_le_v4SPD16_eabi.lib</file>
         <name>hostlseek.c.obj</name>
      </input_file>
      <input_file id="fl-104">
         <path>C:\ti\ccs1020\ccs\tools\compiler\ti-cgt-arm_20.2.4.LTS\lib\</path>
         <kind>archive</kind>
         <file>rtsv7M4_T_le_v4SPD16_eabi.lib</file>
         <name>hostopen.c.obj</name>
      </input_file>
      <input_file id="fl-105">
         <path>C:\ti\ccs1020\ccs\tools\compiler\ti-cgt-arm_20.2.4.LTS\lib\</path>
         <kind>archive</kind>
         <file>rtsv7M4_T_le_v4SPD16_eabi.lib</file>
         <name>hostread.c.obj</name>
      </input_file>
      <input_file id="fl-106">
         <path>C:\ti\ccs1020\ccs\tools\compiler\ti-cgt-arm_20.2.4.LTS\lib\</path>
         <kind>archive</kind>
         <file>rtsv7M4_T_le_v4SPD16_eabi.lib</file>
         <name>hostrename.c.obj</name>
      </input_file>
      <input_file id="fl-107">
         <path>C:\ti\ccs1020\ccs\tools\compiler\ti-cgt-arm_20.2.4.LTS\lib\</path>
         <kind>archive</kind>
         <file>rtsv7M4_T_le_v4SPD16_eabi.lib</file>
         <name>hostunlink.c.obj</name>
      </input_file>
      <input_file id="fl-108">
         <path>C:\ti\ccs1020\ccs\tools\compiler\ti-cgt-arm_20.2.4.LTS\lib\</path>
         <kind>archive</kind>
         <file>rtsv7M4_T_le_v4SPD16_eabi.lib</file>
         <name>hostwrite.c.obj</name>
      </input_file>
      <input_file id="fl-109">
         <path>C:\ti\ccs1020\ccs\tools\compiler\ti-cgt-arm_20.2.4.LTS\lib\</path>
         <kind>archive</kind>
         <file>rtsv7M4_T_le_v4SPD16_eabi.lib</file>
         <name>trgmsg.c.obj</name>
      </input_file>
      <input_file id="fl-10a">
         <path>C:\ti\ccs1020\ccs\tools\compiler\ti-cgt-arm_20.2.4.LTS\lib\</path>
         <kind>archive</kind>
         <file>rtsv7M4_T_le_v4SPD16_eabi.lib</file>
         <name>open.c.obj</name>
      </input_file>
      <input_file id="fl-10b">
         <path>C:\ti\ccs1020\ccs\tools\compiler\ti-cgt-arm_20.2.4.LTS\lib\</path>
         <kind>archive</kind>
         <file>rtsv7M4_T_le_v4SPD16_eabi.lib</file>
         <name>lseek.c.obj</name>
      </input_file>
      <input_file id="fl-10c">
         <path>C:\ti\ccs1020\ccs\tools\compiler\ti-cgt-arm_20.2.4.LTS\lib\</path>
         <kind>archive</kind>
         <file>rtsv7M4_T_le_v4SPD16_eabi.lib</file>
         <name>fclose.c.obj</name>
      </input_file>
      <input_file id="fl-10d">
         <path>C:\ti\ccs1020\ccs\tools\compiler\ti-cgt-arm_20.2.4.LTS\lib\</path>
         <kind>archive</kind>
         <file>rtsv7M4_T_le_v4SPD16_eabi.lib</file>
         <name>getdevice.c.obj</name>
      </input_file>
      <input_file id="fl-10e">
         <path>C:\ti\ccs1020\ccs\tools\compiler\ti-cgt-arm_20.2.4.LTS\lib\</path>
         <kind>archive</kind>
         <file>rtsv7M4_T_le_v4SPD16_eabi.lib</file>
         <name>strcmp.c.obj</name>
      </input_file>
      <input_file id="fl-10f">
         <path>C:\ti\ccs1020\ccs\tools\compiler\ti-cgt-arm_20.2.4.LTS\lib\</path>
         <kind>archive</kind>
         <file>rtsv7M4_T_le_v4SPD16_eabi.lib</file>
         <name>strcpy.c.obj</name>
      </input_file>
      <input_file id="fl-110">
         <path>C:\ti\ccs1020\ccs\tools\compiler\ti-cgt-arm_20.2.4.LTS\lib\</path>
         <kind>archive</kind>
         <file>rtsv7M4_T_le_v4SPD16_eabi.lib</file>
         <name>remove.c.obj</name>
      </input_file>
      <input_file id="fl-111">
         <path>C:\ti\ccs1020\ccs\tools\compiler\ti-cgt-arm_20.2.4.LTS\lib\</path>
         <kind>archive</kind>
         <file>rtsv7M4_T_le_v4SPD16_eabi.lib</file>
         <name>close.c.obj</name>
      </input_file>
      <input_file id="fl-112">
         <path>C:\ti\ccs1020\ccs\tools\compiler\ti-cgt-arm_20.2.4.LTS\lib\</path>
         <kind>archive</kind>
         <file>rtsv7M4_T_le_v4SPD16_eabi.lib</file>
         <name>unlink.c.obj</name>
      </input_file>
   </input_file_list>
   <object_component_list>
      <object_component id="oc-26">
         <name>.intvecs:retain</name>
         <load_address>0x0</load_address>
         <run_address>0x0</run_address>
         <size>0xe4</size>
         <input_file_ref idref="fl-9"/>
      </object_component>
      <object_component id="oc-2ad">
         <name>.text:__TI_printfi</name>
         <load_address>0xe4</load_address>
         <run_address>0xe4</run_address>
         <size>0xa4e</size>
         <input_file_ref idref="fl-d1"/>
      </object_component>
      <object_component id="oc-70">
         <name>.text:Default_Handler</name>
         <load_address>0xb32</load_address>
         <run_address>0xb32</run_address>
         <size>0x2</size>
         <input_file_ref idref="fl-9"/>
      </object_component>
      <object_component id="oc-c4">
         <name>.text:main</name>
         <load_address>0xb34</load_address>
         <run_address>0xb34</run_address>
         <size>0x2b4</size>
         <input_file_ref idref="fl-6"/>
      </object_component>
      <object_component id="oc-3b0">
         <name>.text:_pconv_a</name>
         <load_address>0xde8</load_address>
         <run_address>0xde8</run_address>
         <size>0x270</size>
         <input_file_ref idref="fl-d1"/>
      </object_component>
      <object_component id="oc-39e">
         <name>.text:_pconv_g</name>
         <load_address>0x1058</load_address>
         <run_address>0x1058</run_address>
         <size>0x1d0</size>
         <input_file_ref idref="fl-d1"/>
      </object_component>
      <object_component id="oc-217">
         <name>.text</name>
         <load_address>0x1228</load_address>
         <run_address>0x1228</run_address>
         <size>0x1b6</size>
         <input_file_ref idref="fl-dc"/>
      </object_component>
      <object_component id="oc-76">
         <name>.text:WDT_A_IRQHandler</name>
         <load_address>0x13de</load_address>
         <run_address>0x13de</run_address>
         <size>0x2</size>
         <input_file_ref idref="fl-6"/>
      </object_component>
      <object_component id="oc-36a">
         <name>.text:bme280_get_calib_param</name>
         <load_address>0x13e0</load_address>
         <run_address>0x13e0</run_address>
         <size>0x1a0</size>
         <input_file_ref idref="fl-2"/>
      </object_component>
      <object_component id="oc-239">
         <name>.text:bme280_set_oversamp_humidity</name>
         <load_address>0x1580</load_address>
         <run_address>0x1580</run_address>
         <size>0x198</size>
         <input_file_ref idref="fl-2"/>
      </object_component>
      <object_component id="oc-146">
         <name>.text:bme280_set_power_mode</name>
         <load_address>0x1718</load_address>
         <run_address>0x1718</run_address>
         <size>0x174</size>
         <input_file_ref idref="fl-2"/>
      </object_component>
      <object_component id="oc-245">
         <name>.text:bme280_set_oversamp_temperature</name>
         <load_address>0x188c</load_address>
         <run_address>0x188c</run_address>
         <size>0x16c</size>
         <input_file_ref idref="fl-2"/>
      </object_component>
      <object_component id="oc-24b">
         <name>.text:bme280_set_standby_durn</name>
         <load_address>0x19f8</load_address>
         <run_address>0x19f8</run_address>
         <size>0x164</size>
         <input_file_ref idref="fl-2"/>
      </object_component>
      <object_component id="oc-134">
         <name>.text:uartInit</name>
         <load_address>0x1b5c</load_address>
         <run_address>0x1b5c</run_address>
         <size>0x15c</size>
         <input_file_ref idref="fl-8"/>
      </object_component>
      <object_component id="oc-23f">
         <name>.text:bme280_set_oversamp_pressure</name>
         <load_address>0x1cb8</load_address>
         <run_address>0x1cb8</run_address>
         <size>0x158</size>
         <input_file_ref idref="fl-2"/>
      </object_component>
      <object_component id="oc-3aa">
         <name>.text:_pconv_e</name>
         <load_address>0x1e10</load_address>
         <run_address>0x1e10</run_address>
         <size>0x13c</size>
         <input_file_ref idref="fl-d1"/>
      </object_component>
      <object_component id="oc-453">
         <name>.text:readI2C</name>
         <load_address>0x1f4c</load_address>
         <run_address>0x1f4c</run_address>
         <size>0x138</size>
         <input_file_ref idref="fl-5"/>
      </object_component>
      <object_component id="oc-15c">
         <name>.text</name>
         <load_address>0x2084</load_address>
         <run_address>0x2084</run_address>
         <size>0x136</size>
         <input_file_ref idref="fl-de"/>
      </object_component>
      <object_component id="oc-3d4">
         <name>.text:_nop</name>
         <load_address>0x21ba</load_address>
         <run_address>0x21ba</run_address>
         <size>0x2</size>
         <input_file_ref idref="fl-eb"/>
      </object_component>
      <object_component id="oc-275">
         <name>.text:bme280_compensate_pressure_int32</name>
         <load_address>0x21bc</load_address>
         <run_address>0x21bc</run_address>
         <size>0x130</size>
         <input_file_ref idref="fl-2"/>
      </object_component>
      <object_component id="oc-48d">
         <name>.text:fcvt</name>
         <load_address>0x22ec</load_address>
         <run_address>0x22ec</run_address>
         <size>0x124</size>
         <input_file_ref idref="fl-d1"/>
      </object_component>
      <object_component id="oc-3e2">
         <name>.text:fputs</name>
         <load_address>0x2410</load_address>
         <run_address>0x2410</run_address>
         <size>0x114</size>
         <input_file_ref idref="fl-d4"/>
      </object_component>
      <object_component id="oc-4a1">
         <name>.text:scalbn</name>
         <load_address>0x2524</load_address>
         <run_address>0x2524</run_address>
         <size>0x110</size>
         <input_file_ref idref="fl-d8"/>
      </object_component>
      <object_component id="oc-345">
         <name>.text:_CSComputeCLKFrequency</name>
         <load_address>0x2634</load_address>
         <run_address>0x2634</run_address>
         <size>0x104</size>
         <input_file_ref idref="fl-14"/>
      </object_component>
      <object_component id="oc-5e6">
         <name>.text:aligned_alloc</name>
         <load_address>0x2738</load_address>
         <run_address>0x2738</run_address>
         <size>0x100</size>
         <input_file_ref idref="fl-f2"/>
      </object_component>
      <object_component id="oc-157">
         <name>.text</name>
         <load_address>0x2838</load_address>
         <run_address>0x2838</run_address>
         <size>0xfc</size>
         <input_file_ref idref="fl-df"/>
      </object_component>
      <object_component id="oc-442">
         <name>.text:CS_getDCOFrequency</name>
         <load_address>0x2934</load_address>
         <run_address>0x2934</run_address>
         <size>0xf8</size>
         <input_file_ref idref="fl-14"/>
      </object_component>
      <object_component id="oc-140">
         <name>.text:bme280_data_readout_template</name>
         <load_address>0x2a2c</load_address>
         <run_address>0x2a2c</run_address>
         <size>0xf0</size>
         <input_file_ref idref="fl-3"/>
      </object_component>
      <object_component id="oc-88">
         <name>.text:EUSCIB1_IRQHandler</name>
         <load_address>0x2b1c</load_address>
         <run_address>0x2b1c</run_address>
         <size>0xec</size>
         <input_file_ref idref="fl-5"/>
      </object_component>
      <object_component id="oc-44c">
         <name>.text:writeI2C</name>
         <load_address>0x2c08</load_address>
         <run_address>0x2c08</run_address>
         <size>0xe8</size>
         <input_file_ref idref="fl-5"/>
      </object_component>
      <object_component id="oc-333">
         <name>.text:CS_startHFXTWithTimeout</name>
         <load_address>0x2cf0</load_address>
         <run_address>0x2cf0</run_address>
         <size>0xe4</size>
         <input_file_ref idref="fl-14"/>
      </object_component>
      <object_component id="oc-5a2">
         <name>.text:free</name>
         <load_address>0x2dd4</load_address>
         <run_address>0x2dd4</run_address>
         <size>0xe4</size>
         <input_file_ref idref="fl-f2"/>
      </object_component>
      <object_component id="oc-33a">
         <name>.text:CS_startLFXTWithTimeout</name>
         <load_address>0x2eb8</load_address>
         <run_address>0x2eb8</run_address>
         <size>0xe0</size>
         <input_file_ref idref="fl-14"/>
      </object_component>
      <object_component id="oc-428">
         <name>.text:_CSGetHFXTFrequency</name>
         <load_address>0x2f98</load_address>
         <run_address>0x2f98</run_address>
         <size>0xdc</size>
         <input_file_ref idref="fl-14"/>
      </object_component>
      <object_component id="oc-568">
         <name>.text:setvbuf</name>
         <load_address>0x3074</load_address>
         <run_address>0x3074</run_address>
         <size>0xdc</size>
         <input_file_ref idref="fl-d6"/>
      </object_component>
      <object_component id="oc-27b">
         <name>.text:bme280_compensate_humidity_int32</name>
         <load_address>0x3150</load_address>
         <run_address>0x3150</run_address>
         <size>0xbc</size>
         <input_file_ref idref="fl-2"/>
      </object_component>
      <object_component id="oc-12e">
         <name>.text:setSystemClock</name>
         <load_address>0x320c</load_address>
         <run_address>0x320c</run_address>
         <size>0xb4</size>
         <input_file_ref idref="fl-6"/>
      </object_component>
      <object_component id="oc-393">
         <name>.text:_ltostr</name>
         <load_address>0x32c0</load_address>
         <run_address>0x32c0</run_address>
         <size>0xb1</size>
         <input_file_ref idref="fl-d1"/>
      </object_component>
      <object_component id="oc-531">
         <name>.text</name>
         <load_address>0x3372</load_address>
         <run_address>0x3372</run_address>
         <size>0x2</size>
         <input_file_ref idref="fl-fe"/>
      </object_component>
      <object_component id="oc-e0">
         <name>.text:uartReceive</name>
         <load_address>0x3374</load_address>
         <run_address>0x3374</run_address>
         <size>0xac</size>
         <input_file_ref idref="fl-8"/>
      </object_component>
      <object_component id="oc-3a">
         <name>.text</name>
         <load_address>0x3420</load_address>
         <run_address>0x3420</run_address>
         <size>0x9c</size>
         <input_file_ref idref="fl-e5"/>
      </object_component>
      <object_component id="oc-269">
         <name>.text:bme280_read_uncomp_pressure_temperature_humidity</name>
         <load_address>0x34bc</load_address>
         <run_address>0x34bc</run_address>
         <size>0x98</size>
         <input_file_ref idref="fl-2"/>
      </object_component>
      <object_component id="oc-469">
         <name>.text</name>
         <load_address>0x3554</load_address>
         <run_address>0x3554</run_address>
         <size>0x96</size>
         <input_file_ref idref="fl-da"/>
      </object_component>
      <object_component id="oc-4fc">
         <name>.text:SysCtl_A_getTLVInfo</name>
         <load_address>0x35ec</load_address>
         <run_address>0x35ec</run_address>
         <size>0x94</size>
         <input_file_ref idref="fl-18"/>
      </object_component>
      <object_component id="oc-3e9">
         <name>.text:fputc</name>
         <load_address>0x3680</load_address>
         <run_address>0x3680</run_address>
         <size>0x8c</size>
         <input_file_ref idref="fl-d3"/>
      </object_component>
      <object_component id="oc-223">
         <name>.text:GPIO_setAsPeripheralModuleFunctionOutputPin</name>
         <load_address>0x370c</load_address>
         <run_address>0x370c</run_address>
         <size>0x88</size>
         <input_file_ref idref="fl-15"/>
      </object_component>
      <object_component id="oc-399">
         <name>.text:__aeabi_cdcmple</name>
         <load_address>0x3794</load_address>
         <run_address>0x3794</run_address>
         <size>0x86</size>
         <input_file_ref idref="fl-dd"/>
      </object_component>
      <object_component id="oc-208">
         <name>.text:__aeabi_cdrcmple</name>
         <load_address>0x381a</load_address>
         <run_address>0x381a</run_address>
         <size>0x86</size>
         <input_file_ref idref="fl-dd"/>
      </object_component>
      <object_component id="oc-502">
         <name>.text:_CSGetDOCFrequency</name>
         <load_address>0x38a0</load_address>
         <run_address>0x38a0</run_address>
         <size>0x7c</size>
         <input_file_ref idref="fl-14"/>
      </object_component>
      <object_component id="oc-26f">
         <name>.text:bme280_compensate_temperature_int32</name>
         <load_address>0x391c</load_address>
         <run_address>0x391c</run_address>
         <size>0x7c</size>
         <input_file_ref idref="fl-2"/>
      </object_component>
      <object_component id="oc-b8">
         <name>.text</name>
         <load_address>0x3998</load_address>
         <run_address>0x3998</run_address>
         <size>0x7a</size>
         <input_file_ref idref="fl-db"/>
      </object_component>
      <object_component id="oc-d6">
         <name>.text:SystemInit</name>
         <load_address>0x3a14</load_address>
         <run_address>0x3a14</run_address>
         <size>0x78</size>
         <input_file_ref idref="fl-7"/>
      </object_component>
      <object_component id="oc-5ed">
         <name>.text:__TI_closefile</name>
         <load_address>0x3a8c</load_address>
         <run_address>0x3a8c</run_address>
         <size>0x74</size>
         <input_file_ref idref="fl-10c"/>
      </object_component>
      <object_component id="oc-62e">
         <name>.text:split</name>
         <load_address>0x3b00</load_address>
         <run_address>0x3b00</run_address>
         <size>0x70</size>
         <input_file_ref idref="fl-f2"/>
      </object_component>
      <object_component id="oc-486">
         <name>.text:_mcpy</name>
         <load_address>0x3b70</load_address>
         <run_address>0x3b70</run_address>
         <size>0x6e</size>
         <input_file_ref idref="fl-d1"/>
      </object_component>
      <object_component id="oc-161">
         <name>.text</name>
         <load_address>0x3bde</load_address>
         <run_address>0x3bde</run_address>
         <size>0x6e</size>
         <input_file_ref idref="fl-e1"/>
      </object_component>
      <object_component id="oc-61d">
         <name>.text:HOSTrename</name>
         <load_address>0x3c4c</load_address>
         <run_address>0x3c4c</run_address>
         <size>0x6c</size>
         <input_file_ref idref="fl-106"/>
      </object_component>
      <object_component id="oc-611">
         <name>.text:HOSTlseek</name>
         <load_address>0x3cb8</load_address>
         <run_address>0x3cb8</run_address>
         <size>0x68</size>
         <input_file_ref idref="fl-103"/>
      </object_component>
      <object_component id="oc-51a">
         <name>.text:I2C_masterSendMultiByteStart</name>
         <load_address>0x3d20</load_address>
         <run_address>0x3d20</run_address>
         <size>0x68</size>
         <input_file_ref idref="fl-16"/>
      </object_component>
      <object_component id="oc-17">
         <name>.text:decompress:lzss:__TI_decompress_lzss</name>
         <load_address>0x3d88</load_address>
         <run_address>0x3d88</run_address>
         <size>0x68</size>
         <input_file_ref idref="fl-e9"/>
      </object_component>
      <object_component id="oc-166">
         <name>.text:printf</name>
         <load_address>0x3df0</load_address>
         <run_address>0x3df0</run_address>
         <size>0x68</size>
         <input_file_ref idref="fl-d0"/>
      </object_component>
      <object_component id="oc-14c">
         <name>.text:bme280_read_pressure_temperature_humidity</name>
         <load_address>0x3e58</load_address>
         <run_address>0x3e58</run_address>
         <size>0x64</size>
         <input_file_ref idref="fl-2"/>
      </object_component>
      <object_component id="oc-25d">
         <name>.text:bme280_read_uncomp_pressure</name>
         <load_address>0x3ebc</load_address>
         <run_address>0x3ebc</run_address>
         <size>0x64</size>
         <input_file_ref idref="fl-2"/>
      </object_component>
      <object_component id="oc-257">
         <name>.text:bme280_read_uncomp_temperature</name>
         <load_address>0x3f20</load_address>
         <run_address>0x3f20</run_address>
         <size>0x64</size>
         <input_file_ref idref="fl-2"/>
      </object_component>
      <object_component id="oc-49b">
         <name>.text:frexp</name>
         <load_address>0x3f84</load_address>
         <run_address>0x3f84</run_address>
         <size>0x64</size>
         <input_file_ref idref="fl-d7"/>
      </object_component>
      <object_component id="oc-562">
         <name>.text:fseek</name>
         <load_address>0x3fe8</load_address>
         <run_address>0x3fe8</run_address>
         <size>0x64</size>
         <input_file_ref idref="fl-fd"/>
      </object_component>
      <object_component id="oc-436">
         <name>.text:_CSGetDividerValue</name>
         <load_address>0x404c</load_address>
         <run_address>0x404c</run_address>
         <size>0x62</size>
         <input_file_ref idref="fl-14"/>
      </object_component>
      <object_component id="oc-4cd">
         <name>.text:__TI_wrt_ok</name>
         <load_address>0x40ae</load_address>
         <run_address>0x40ae</run_address>
         <size>0x62</size>
         <input_file_ref idref="fl-d5"/>
      </object_component>
      <object_component id="oc-5f9">
         <name>.text:HOSTopen</name>
         <load_address>0x4110</load_address>
         <run_address>0x4110</run_address>
         <size>0x60</size>
         <input_file_ref idref="fl-104"/>
      </object_component>
      <object_component id="oc-233">
         <name>.text:bme280_init</name>
         <load_address>0x4170</load_address>
         <run_address>0x4170</run_address>
         <size>0x5c</size>
         <input_file_ref idref="fl-2"/>
      </object_component>
      <object_component id="oc-263">
         <name>.text:bme280_read_uncomp_humidity</name>
         <load_address>0x41cc</load_address>
         <run_address>0x41cc</run_address>
         <size>0x5c</size>
         <input_file_ref idref="fl-2"/>
      </object_component>
      <object_component id="oc-635">
         <name>.text:close</name>
         <load_address>0x4228</load_address>
         <run_address>0x4228</run_address>
         <size>0x5c</size>
         <input_file_ref idref="fl-111"/>
      </object_component>
      <object_component id="oc-605">
         <name>.text:HOSTread</name>
         <load_address>0x4284</load_address>
         <run_address>0x4284</run_address>
         <size>0x58</size>
         <input_file_ref idref="fl-105"/>
      </object_component>
      <object_component id="oc-60b">
         <name>.text:HOSTwrite</name>
         <load_address>0x42dc</load_address>
         <run_address>0x42dc</run_address>
         <size>0x58</size>
         <input_file_ref idref="fl-108"/>
      </object_component>
      <object_component id="oc-3a4">
         <name>.text:_pconv_f</name>
         <load_address>0x4334</load_address>
         <run_address>0x4334</run_address>
         <size>0x56</size>
         <input_file_ref idref="fl-d1"/>
      </object_component>
      <object_component id="oc-475">
         <name>.text:__TI_ltoa</name>
         <load_address>0x438a</load_address>
         <run_address>0x438a</run_address>
         <size>0x54</size>
         <input_file_ref idref="fl-ec"/>
      </object_component>
      <object_component id="oc-288">
         <name>.text:bme280_get_power_mode</name>
         <load_address>0x43e0</load_address>
         <run_address>0x43e0</run_address>
         <size>0x54</size>
         <input_file_ref idref="fl-2"/>
      </object_component>
      <object_component id="oc-251">
         <name>.text:bme280_get_standby_durn</name>
         <load_address>0x4434</load_address>
         <run_address>0x4434</run_address>
         <size>0x54</size>
         <input_file_ref idref="fl-2"/>
      </object_component>
      <object_component id="oc-480">
         <name>.text:_ecpy</name>
         <load_address>0x4488</load_address>
         <run_address>0x4488</run_address>
         <size>0x52</size>
         <input_file_ref idref="fl-d1"/>
      </object_component>
      <object_component id="oc-8e">
         <name>.text:PORT1_IRQHandler</name>
         <load_address>0x44dc</load_address>
         <run_address>0x44dc</run_address>
         <size>0x50</size>
         <input_file_ref idref="fl-6"/>
      </object_component>
      <object_component id="oc-4d9">
         <name>.text:__TI_doflush</name>
         <load_address>0x452c</load_address>
         <run_address>0x452c</run_address>
         <size>0x4c</size>
         <input_file_ref idref="fl-fb"/>
      </object_component>
      <object_component id="oc-38d">
         <name>.text:atoi</name>
         <load_address>0x4578</load_address>
         <run_address>0x4578</run_address>
         <size>0x4c</size>
         <input_file_ref idref="fl-ed"/>
      </object_component>
      <object_component id="oc-29a">
         <name>.text:bme280_read_register</name>
         <load_address>0x45c4</load_address>
         <run_address>0x45c4</run_address>
         <size>0x4c</size>
         <input_file_ref idref="fl-2"/>
      </object_component>
      <object_component id="oc-294">
         <name>.text:bme280_write_register</name>
         <load_address>0x4610</load_address>
         <run_address>0x4610</run_address>
         <size>0x4c</size>
         <input_file_ref idref="fl-2"/>
      </object_component>
      <object_component id="oc-172">
         <name>.text:sendText</name>
         <load_address>0x465c</load_address>
         <run_address>0x465c</run_address>
         <size>0x4c</size>
         <input_file_ref idref="fl-8"/>
      </object_component>
      <object_component id="oc-16c">
         <name>.text:snprintf</name>
         <load_address>0x46a8</load_address>
         <run_address>0x46a8</run_address>
         <size>0x4c</size>
         <input_file_ref idref="fl-d2"/>
      </object_component>
      <object_component id="oc-18b">
         <name>.text:exit</name>
         <load_address>0x46f4</load_address>
         <run_address>0x46f4</run_address>
         <size>0x48</size>
         <input_file_ref idref="fl-ea"/>
      </object_component>
      <object_component id="oc-470">
         <name>.text</name>
         <load_address>0x473c</load_address>
         <run_address>0x473c</run_address>
         <size>0x48</size>
         <input_file_ref idref="fl-e0"/>
      </object_component>
      <object_component id="oc-5ff">
         <name>.text:HOSTclose</name>
         <load_address>0x4784</load_address>
         <run_address>0x4784</run_address>
         <size>0x44</size>
         <input_file_ref idref="fl-102"/>
      </object_component>
      <object_component id="oc-617">
         <name>.text:HOSTunlink</name>
         <load_address>0x47c8</load_address>
         <run_address>0x47c8</run_address>
         <size>0x44</size>
         <input_file_ref idref="fl-107"/>
      </object_component>
      <object_component id="oc-94">
         <name>.text:PORT5_IRQHandler</name>
         <load_address>0x480c</load_address>
         <run_address>0x480c</run_address>
         <size>0x44</size>
         <input_file_ref idref="fl-6"/>
      </object_component>
      <object_component id="oc-191">
         <name>.text:__TI_auto_init_nobinit_nopinit:__TI_auto_init_nobinit_nopinit</name>
         <load_address>0x4850</load_address>
         <run_address>0x4850</run_address>
         <size>0x44</size>
         <input_file_ref idref="fl-ff"/>
      </object_component>
      <object_component id="oc-28e">
         <name>.text:bme280_set_soft_rst</name>
         <load_address>0x4894</load_address>
         <run_address>0x4894</run_address>
         <size>0x44</size>
         <input_file_ref idref="fl-2"/>
      </object_component>
      <object_component id="oc-66d">
         <name>.text:getdevice</name>
         <load_address>0x48d8</load_address>
         <run_address>0x48d8</run_address>
         <size>0x44</size>
         <input_file_ref idref="fl-10d"/>
      </object_component>
      <object_component id="oc-20d">
         <name>.text</name>
         <load_address>0x491c</load_address>
         <run_address>0x491c</run_address>
         <size>0x44</size>
         <input_file_ref idref="fl-e2"/>
      </object_component>
      <object_component id="oc-493">
         <name>.text:_fcpy</name>
         <load_address>0x4960</load_address>
         <run_address>0x4960</run_address>
         <size>0x3e</size>
         <input_file_ref idref="fl-d1"/>
      </object_component>
      <object_component id="oc-22d">
         <name>.text:I2C_routine</name>
         <load_address>0x49a0</load_address>
         <run_address>0x49a0</run_address>
         <size>0x38</size>
         <input_file_ref idref="fl-3"/>
      </object_component>
      <object_component id="oc-646">
         <name>.text:__TI_writemsg</name>
         <load_address>0x49d8</load_address>
         <run_address>0x49d8</run_address>
         <size>0x38</size>
         <input_file_ref idref="fl-109"/>
      </object_component>
      <object_component id="oc-152">
         <name>.text</name>
         <load_address>0x4a10</load_address>
         <run_address>0x4a10</run_address>
         <size>0x38</size>
         <input_file_ref idref="fl-e3"/>
      </object_component>
      <object_component id="oc-1c4">
         <name>.text:strncpy</name>
         <load_address>0x4a48</load_address>
         <run_address>0x4a48</run_address>
         <size>0x36</size>
         <input_file_ref idref="fl-f5"/>
      </object_component>
      <object_component id="oc-2e4">
         <name>.text:UART_transmitData</name>
         <load_address>0x4a80</load_address>
         <run_address>0x4a80</run_address>
         <size>0x34</size>
         <input_file_ref idref="fl-19"/>
      </object_component>
      <object_component id="oc-5ae">
         <name>.text:__TI_cleanup</name>
         <load_address>0x4ab4</load_address>
         <run_address>0x4ab4</run_address>
         <size>0x34</size>
         <input_file_ref idref="fl-fc"/>
      </object_component>
      <object_component id="oc-64c">
         <name>.text:__TI_readmsg</name>
         <load_address>0x4ae8</load_address>
         <run_address>0x4ae8</run_address>
         <size>0x34</size>
         <input_file_ref idref="fl-109"/>
      </object_component>
      <object_component id="oc-58">
         <name>.text:_c_int00_noargs:_c_int00_noargs</name>
         <load_address>0x4b1c</load_address>
         <run_address>0x4b1c</run_address>
         <size>0x34</size>
         <input_file_ref idref="fl-f7"/>
      </object_component>
      <object_component id="oc-43c">
         <name>.text:CS_clearInterruptFlag</name>
         <load_address>0x4b50</load_address>
         <run_address>0x4b50</run_address>
         <size>0x30</size>
         <input_file_ref idref="fl-14"/>
      </object_component>
      <object_component id="oc-2cc">
         <name>.text:_outs</name>
         <load_address>0x4b80</load_address>
         <run_address>0x4b80</run_address>
         <size>0x30</size>
         <input_file_ref idref="fl-d2"/>
      </object_component>
      <object_component id="oc-68f">
         <name>.text:finddevice</name>
         <load_address>0x4bb0</load_address>
         <run_address>0x4bb0</run_address>
         <size>0x30</size>
         <input_file_ref idref="fl-10d"/>
      </object_component>
      <object_component id="oc-47b">
         <name>.text</name>
         <load_address>0x4be0</load_address>
         <run_address>0x4be0</run_address>
         <size>0x2e</size>
         <input_file_ref idref="fl-e4"/>
      </object_component>
      <object_component id="oc-35d">
         <name>.text:BME280_I2C_bus_read</name>
         <load_address>0x4c0e</load_address>
         <run_address>0x4c0e</run_address>
         <size>0x2c</size>
         <input_file_ref idref="fl-3"/>
      </object_component>
      <object_component id="oc-357">
         <name>.text:BME280_I2C_bus_write</name>
         <load_address>0x4c3a</load_address>
         <run_address>0x4c3a</run_address>
         <size>0x2c</size>
         <input_file_ref idref="fl-3"/>
      </object_component>
      <object_component id="oc-63b">
         <name>.text:unlink</name>
         <load_address>0x4c68</load_address>
         <run_address>0x4c68</run_address>
         <size>0x2c</size>
         <input_file_ref idref="fl-112"/>
      </object_component>
      <object_component id="oc-522">
         <name>.text:CS_getMCLK</name>
         <load_address>0x4c94</load_address>
         <run_address>0x4c94</run_address>
         <size>0x28</size>
         <input_file_ref idref="fl-14"/>
      </object_component>
      <object_component id="oc-21d">
         <name>.text:CS_getSMCLK</name>
         <load_address>0x4cbc</load_address>
         <run_address>0x4cbc</run_address>
         <size>0x28</size>
         <input_file_ref idref="fl-14"/>
      </object_component>
      <object_component id="oc-5df">
         <name>.text:free_list_insert</name>
         <load_address>0x4ce4</load_address>
         <run_address>0x4ce4</run_address>
         <size>0x28</size>
         <input_file_ref idref="fl-f2"/>
      </object_component>
      <object_component id="oc-59a">
         <name>.text:lseek</name>
         <load_address>0x4d0c</load_address>
         <run_address>0x4d0c</run_address>
         <size>0x28</size>
         <input_file_ref idref="fl-10b"/>
      </object_component>
      <object_component id="oc-128">
         <name>.text:startCrystalOscillator</name>
         <load_address>0x4d34</load_address>
         <run_address>0x4d34</run_address>
         <size>0x28</size>
         <input_file_ref idref="fl-6"/>
      </object_component>
      <object_component id="oc-4df">
         <name>.text:write</name>
         <load_address>0x4d5c</load_address>
         <run_address>0x4d5c</run_address>
         <size>0x28</size>
         <input_file_ref idref="fl-f8"/>
      </object_component>
      <object_component id="oc-45a">
         <name>.text:DelayMs</name>
         <load_address>0x4d84</load_address>
         <run_address>0x4d84</run_address>
         <size>0x26</size>
         <input_file_ref idref="fl-4"/>
      </object_component>
      <object_component id="oc-82">
         <name>.text:EUSCIA0_IRQHandler</name>
         <load_address>0x4dac</load_address>
         <run_address>0x4dac</run_address>
         <size>0x24</size>
         <input_file_ref idref="fl-8"/>
      </object_component>
      <object_component id="oc-1f5">
         <name>.text:CS_setExternalClockSourceFrequency</name>
         <load_address>0x4dd0</load_address>
         <run_address>0x4dd0</run_address>
         <size>0x20</size>
         <input_file_ref idref="fl-14"/>
      </object_component>
      <object_component id="oc-4d3">
         <name>.text:memchr</name>
         <load_address>0x4df0</load_address>
         <run_address>0x4df0</run_address>
         <size>0x20</size>
         <input_file_ref idref="fl-f1"/>
      </object_component>
      <object_component id="oc-212">
         <name>.text</name>
         <load_address>0x4e10</load_address>
         <run_address>0x4e10</run_address>
         <size>0x20</size>
         <input_file_ref idref="fl-e6"/>
      </object_component>
      <object_component id="oc-46">
         <name>.text:decompress:ZI:__TI_zero_init_nomemset:__TI_zero_init_nomemset</name>
         <load_address>0x4e30</load_address>
         <run_address>0x4e30</run_address>
         <size>0x1c</size>
         <input_file_ref idref="fl-e7"/>
      </object_component>
      <object_component id="oc-5d9">
         <name>.text:free_list_remove</name>
         <load_address>0x4e4c</load_address>
         <run_address>0x4e4c</run_address>
         <size>0x1c</size>
         <input_file_ref idref="fl-f2"/>
      </object_component>
      <object_component id="oc-13a">
         <name>.text:initI2C</name>
         <load_address>0x4e68</load_address>
         <run_address>0x4e68</run_address>
         <size>0x1c</size>
         <input_file_ref idref="fl-5"/>
      </object_component>
      <object_component id="oc-3b6">
         <name>.text:memccpy</name>
         <load_address>0x4e84</load_address>
         <run_address>0x4e84</run_address>
         <size>0x1c</size>
         <input_file_ref idref="fl-f0"/>
      </object_component>
      <object_component id="oc-546">
         <name>.text:copysign</name>
         <load_address>0x4ea0</load_address>
         <run_address>0x4ea0</run_address>
         <size>0x1a</size>
         <input_file_ref idref="fl-d9"/>
      </object_component>
      <object_component id="oc-422">
         <name>.text:SysCtl_A_disableNMISource</name>
         <load_address>0x4ebc</load_address>
         <run_address>0x4ebc</run_address>
         <size>0x18</size>
         <input_file_ref idref="fl-18"/>
      </object_component>
      <object_component id="oc-42e">
         <name>.text:SysCtl_A_enableNMISource</name>
         <load_address>0x4ed4</load_address>
         <run_address>0x4ed4</run_address>
         <size>0x18</size>
         <input_file_ref idref="fl-18"/>
      </object_component>
      <object_component id="oc-7c">
         <name>.text:TA0_0_IRQHandler</name>
         <load_address>0x4eec</load_address>
         <run_address>0x4eec</run_address>
         <size>0x18</size>
         <input_file_ref idref="fl-6"/>
      </object_component>
      <object_component id="oc-2d2">
         <name>.text:_outc</name>
         <load_address>0x4f04</load_address>
         <run_address>0x4f04</run_address>
         <size>0x18</size>
         <input_file_ref idref="fl-d2"/>
      </object_component>
      <object_component id="oc-6a4">
         <name>.text:strcmp</name>
         <load_address>0x4f1c</load_address>
         <run_address>0x4f1c</run_address>
         <size>0x18</size>
         <input_file_ref idref="fl-10e"/>
      </object_component>
      <object_component id="oc-4a7">
         <name>.text:strchr</name>
         <load_address>0x4f34</load_address>
         <run_address>0x4f34</run_address>
         <size>0x16</size>
         <input_file_ref idref="fl-f3"/>
      </object_component>
      <object_component id="oc-be">
         <name>.text:_system_pre_init</name>
         <load_address>0x4f4c</load_address>
         <run_address>0x4f4c</run_address>
         <size>0x14</size>
         <input_file_ref idref="fl-6"/>
      </object_component>
      <object_component id="oc-660">
         <name>.text:strcpy</name>
         <load_address>0x4f60</load_address>
         <run_address>0x4f60</run_address>
         <size>0x14</size>
         <input_file_ref idref="fl-10f"/>
      </object_component>
      <object_component id="oc-387">
         <name>.text:strlen</name>
         <load_address>0x4f74</load_address>
         <run_address>0x4f74</run_address>
         <size>0x14</size>
         <input_file_ref idref="fl-f4"/>
      </object_component>
      <object_component id="oc-1fb">
         <name>.text:CS_startHFXT</name>
         <load_address>0x4f88</load_address>
         <run_address>0x4f88</run_address>
         <size>0x12</size>
         <input_file_ref idref="fl-14"/>
      </object_component>
      <object_component id="oc-3bc">
         <name>.text:wcslen</name>
         <load_address>0x4f9a</load_address>
         <run_address>0x4f9a</run_address>
         <size>0x12</size>
         <input_file_ref idref="fl-fa"/>
      </object_component>
      <object_component id="oc-41c">
         <name>.text:SysCtl_A_getNMISourceStatus</name>
         <load_address>0x4fac</load_address>
         <run_address>0x4fac</run_address>
         <size>0x10</size>
         <input_file_ref idref="fl-18"/>
      </object_component>
      <object_component id="oc-201">
         <name>.text:CS_startLFXT</name>
         <load_address>0x4fbc</load_address>
         <run_address>0x4fbc</run_address>
         <size>0xe</size>
         <input_file_ref idref="fl-14"/>
      </object_component>
      <object_component id="oc-1d">
         <name>.text:decompress:none:__TI_decompress_none</name>
         <load_address>0x4fca</load_address>
         <run_address>0x4fca</run_address>
         <size>0xe</size>
         <input_file_ref idref="fl-e8"/>
      </object_component>
      <object_component id="oc-363">
         <name>.text:BME280_delay_msek</name>
         <load_address>0x4fd8</load_address>
         <run_address>0x4fd8</run_address>
         <size>0xc</size>
         <input_file_ref idref="fl-3"/>
      </object_component>
      <object_component id="oc-6a">
         <name>.text:Reset_Handler</name>
         <load_address>0x4fe4</load_address>
         <run_address>0x4fe4</run_address>
         <size>0xc</size>
         <input_file_ref idref="fl-9"/>
      </object_component>
      <object_component id="oc-3c2">
         <name>.text:__aeabi_errno_addr</name>
         <load_address>0x4ff0</load_address>
         <run_address>0x4ff0</run_address>
         <size>0x8</size>
         <input_file_ref idref="fl-f6"/>
      </object_component>
      <object_component id="oc-5a8">
         <name>.text:malloc</name>
         <load_address>0x4ff8</load_address>
         <run_address>0x4ff8</run_address>
         <size>0x8</size>
         <input_file_ref idref="fl-f2"/>
      </object_component>
      <object_component id="oc-528">
         <name>.text:SysCtlDelay</name>
         <load_address>0x5000</load_address>
         <run_address>0x5000</run_address>
         <size>0x6</size>
         <input_file_ref idref="fl-4"/>
      </object_component>
      <object_component id="oc-2bf">
         <name>.text:_outc</name>
         <load_address>0x5006</load_address>
         <run_address>0x5006</run_address>
         <size>0x4</size>
         <input_file_ref idref="fl-d0"/>
      </object_component>
      <object_component id="oc-2b9">
         <name>.text:_outs</name>
         <load_address>0x500a</load_address>
         <run_address>0x500a</run_address>
         <size>0x4</size>
         <input_file_ref idref="fl-d0"/>
      </object_component>
      <object_component id="oc-185">
         <name>.text:abort:abort</name>
         <load_address>0x500e</load_address>
         <run_address>0x500e</run_address>
         <size>0x4</size>
         <input_file_ref idref="fl-ea"/>
      </object_component>
      <object_component id="oc-464">
         <name>.const:.string:_ctypes_</name>
         <load_address>0x5014</load_address>
         <run_address>0x5014</run_address>
         <size>0x101</size>
         <input_file_ref idref="fl-ee"/>
      </object_component>
      <object_component id="oc-34c">
         <name>.const:GPIO_PORT_TO_BASE</name>
         <load_address>0x5118</load_address>
         <run_address>0x5118</run_address>
         <size>0x30</size>
         <input_file_ref idref="fl-15"/>
      </object_component>
      <object_component id="oc-181">
         <name>.const:.string:wdtWakeUpPeriod</name>
         <load_address>0x5148</load_address>
         <run_address>0x5148</run_address>
         <size>0x8</size>
         <input_file_ref idref="fl-6"/>
      </object_component>
      <object_component id="oc-17e">
         <name>.const:.string:timeSamplesBME</name>
         <load_address>0x5150</load_address>
         <run_address>0x5150</run_address>
         <size>0x6</size>
         <input_file_ref idref="fl-6"/>
      </object_component>
      <object_component id="oc-6e2">
         <name>.cinit..data.load</name>
         <load_address>0x5158</load_address>
         <run_address>0x5158</run_address>
         <size>0x87</size>
      </object_component>
      <object_component id="oc-6e0">
         <name>__TI_handler_table</name>
         <load_address>0x51e0</load_address>
         <run_address>0x51e0</run_address>
         <size>0xc</size>
      </object_component>
      <object_component id="oc-6e3">
         <name>.cinit..bss.load</name>
         <load_address>0x51f0</load_address>
         <run_address>0x51f0</run_address>
         <size>0x8</size>
      </object_component>
      <object_component id="oc-6e1">
         <name>__TI_cinit_table</name>
         <load_address>0x51f8</load_address>
         <run_address>0x51f8</run_address>
         <size>0x10</size>
      </object_component>
      <object_component id="oc-6b4">
         <name>.binit</name>
         <load_address>0x0</load_address>
         <run_address>0x0</run_address>
         <size>0x0</size>
      </object_component>
      <object_component id="oc-2a3">
         <name>.data</name>
         <load_address>0x20000b2e</load_address>
         <run_address>0x20000b2e</run_address>
         <size>0x1</size>
         <input_file_ref idref="fl-2"/>
      </object_component>
      <object_component id="oc-f4">
         <name>.data</name>
         <load_address>0x20000b2f</load_address>
         <run_address>0x20000b2f</run_address>
         <size>0x1</size>
         <input_file_ref idref="fl-5"/>
      </object_component>
      <object_component id="oc-229">
         <name>.data:i2cConfig</name>
         <load_address>0x20000d14</load_address>
         <run_address>0x20000d14</run_address>
         <size>0x14</size>
         <input_file_ref idref="fl-5"/>
      </object_component>
      <object_component id="oc-17b">
         <name>.data</name>
         <load_address>0x20000ce8</load_address>
         <run_address>0x20000ce8</run_address>
         <size>0x2c</size>
         <input_file_ref idref="fl-6"/>
      </object_component>
      <object_component id="oc-e6">
         <name>.data:test</name>
         <load_address>0x20000800</load_address>
         <run_address>0x20000800</run_address>
         <size>0x21f</size>
         <input_file_ref idref="fl-8"/>
      </object_component>
      <object_component id="oc-1ca">
         <name>.data</name>
         <load_address>0x20000d54</load_address>
         <run_address>0x20000d54</run_address>
         <size>0x8</size>
         <input_file_ref idref="fl-8"/>
      </object_component>
      <object_component id="oc-1cb">
         <name>.data:pieceOfString$2</name>
         <load_address>0x20000a1f</load_address>
         <run_address>0x20000a1f</run_address>
         <size>0x10f</size>
         <input_file_ref idref="fl-8"/>
      </object_component>
      <object_component id="oc-2fe">
         <name>.data:$O1$$</name>
         <load_address>0x20000d38</load_address>
         <run_address>0x20000d38</run_address>
         <size>0xc</size>
         <input_file_ref idref="fl-ea"/>
      </object_component>
      <object_component id="oc-2b3">
         <name>.data:$O1$$</name>
         <load_address>0x20000d44</load_address>
         <run_address>0x20000d44</run_address>
         <size>0x8</size>
         <input_file_ref idref="fl-eb"/>
      </object_component>
      <object_component id="oc-2b6">
         <name>.data:_ftable</name>
         <load_address>0x20000b30</load_address>
         <run_address>0x20000b30</run_address>
         <size>0xf0</size>
         <input_file_ref idref="fl-ef"/>
      </object_component>
      <object_component id="oc-5f3">
         <name>.data</name>
         <load_address>0x20000d28</load_address>
         <run_address>0x20000d28</run_address>
         <size>0x10</size>
         <input_file_ref idref="fl-ef"/>
      </object_component>
      <object_component id="oc-629">
         <name>.data:$O1$$</name>
         <load_address>0x20000d4c</load_address>
         <run_address>0x20000d4c</run_address>
         <size>0x8</size>
         <input_file_ref idref="fl-f2"/>
      </object_component>
      <object_component id="oc-4b7">
         <name>.data</name>
         <load_address>0x20000d5c</load_address>
         <run_address>0x20000d5c</run_address>
         <size>0x4</size>
         <input_file_ref idref="fl-f6"/>
      </object_component>
      <object_component id="oc-5c1">
         <name>.data:_device</name>
         <load_address>0x20000c20</load_address>
         <run_address>0x20000c20</run_address>
         <size>0x78</size>
         <input_file_ref idref="fl-f9"/>
      </object_component>
      <object_component id="oc-574">
         <name>.data:_stream</name>
         <load_address>0x20000c98</load_address>
         <run_address>0x20000c98</run_address>
         <size>0x50</size>
         <input_file_ref idref="fl-f9"/>
      </object_component>
      <object_component id="oc-2a0">
         <name>.bss</name>
         <uninitialized>true</uninitialized>
         <run_address>0x20000f6c</run_address>
         <size>0x4</size>
         <input_file_ref idref="fl-2"/>
      </object_component>
      <object_component id="oc-32a">
         <name>.bss</name>
         <uninitialized>true</uninitialized>
         <run_address>0x20000f5c</run_address>
         <size>0x8</size>
         <input_file_ref idref="fl-14"/>
      </object_component>
      <object_component id="oc-677">
         <name>.bss:_CIOBUF_</name>
         <uninitialized>true</uninitialized>
         <run_address>0x20000d60</run_address>
         <size>0x120</size>
         <input_file_ref idref="fl-109"/>
      </object_component>
      <object_component id="oc-281">
         <name>.common:bme280</name>
         <uninitialized>true</uninitialized>
         <run_address>0x20000f20</run_address>
         <size>0x3c</size>
      </object_component>
      <object_component id="oc-ef">
         <name>.common:ui8Status</name>
         <uninitialized>true</uninitialized>
         <run_address>0x20000f7d</run_address>
         <size>0x1</size>
      </object_component>
      <object_component id="oc-f2">
         <name>.common:pData</name>
         <uninitialized>true</uninitialized>
         <run_address>0x20000f74</run_address>
         <size>0x4</size>
      </object_component>
      <object_component id="oc-f3">
         <name>.common:ui8DummyRead</name>
         <uninitialized>true</uninitialized>
         <run_address>0x20000f7c</run_address>
         <size>0x1</size>
      </object_component>
      <object_component id="oc-f7">
         <name>.common:g_ui32ByteCount</name>
         <uninitialized>true</uninitialized>
         <run_address>0x20000f70</run_address>
         <size>0x4</size>
      </object_component>
      <object_component id="oc-178">
         <name>.common:returnRslt</name>
         <uninitialized>true</uninitialized>
         <run_address>0x20000f78</run_address>
         <size>0x4</size>
      </object_component>
      <object_component id="oc-641">
         <name>.common:__TI_tmpnams</name>
         <uninitialized>true</uninitialized>
         <run_address>0x20000e80</run_address>
         <size>0xa0</size>
      </object_component>
      <object_component id="oc-652">
         <name>.common:parmbuf</name>
         <uninitialized>true</uninitialized>
         <run_address>0x20000f64</run_address>
         <size>0x8</size>
      </object_component>
      <object_component id="oc-29">
         <name>.sysmem</name>
         <uninitialized>true</uninitialized>
         <run_address>0x20000000</run_address>
         <size>0x10</size>
         <input_file_ref idref="fl-f2"/>
      </object_component>
      <object_component id="oc-6e6">
         <name>.sysmem</name>
         <uninitialized>true</uninitialized>
         <run_address>0x20000000</run_address>
         <size>0x0</size>
      </object_component>
      <object_component id="oc-2c">
         <name>.stack</name>
         <uninitialized>true</uninitialized>
         <run_address>0x2000fe00</run_address>
         <size>0x4</size>
         <input_file_ref idref="fl-f7"/>
      </object_component>
      <object_component id="oc-6e5">
         <name>.stack</name>
         <uninitialized>true</uninitialized>
         <run_address>0x2000fe00</run_address>
         <size>0x0</size>
      </object_component>
      <object_component id="oc-2a8">
         <name>.debug_info</name>
         <load_address>0x0</load_address>
         <run_address>0x0</run_address>
         <size>0x2e6</size>
         <input_file_ref idref="fl-2"/>
      </object_component>
      <object_component id="oc-2a1">
         <name>.debug_info</name>
         <load_address>0x2e6</load_address>
         <run_address>0x2e6</run_address>
         <size>0xc5</size>
         <input_file_ref idref="fl-2"/>
      </object_component>
      <object_component id="oc-2a4">
         <name>.debug_info</name>
         <load_address>0x3ab</load_address>
         <run_address>0x3ab</run_address>
         <size>0xe1</size>
         <input_file_ref idref="fl-2"/>
      </object_component>
      <object_component id="oc-234">
         <name>.debug_info</name>
         <load_address>0x48c</load_address>
         <run_address>0x48c</run_address>
         <size>0x183</size>
         <input_file_ref idref="fl-2"/>
      </object_component>
      <object_component id="oc-258">
         <name>.debug_info</name>
         <load_address>0x60f</load_address>
         <run_address>0x60f</run_address>
         <size>0x1e3</size>
         <input_file_ref idref="fl-2"/>
      </object_component>
      <object_component id="oc-270">
         <name>.debug_info</name>
         <load_address>0x7f2</load_address>
         <run_address>0x7f2</run_address>
         <size>0x1f9</size>
         <input_file_ref idref="fl-2"/>
      </object_component>
      <object_component id="oc-25e">
         <name>.debug_info</name>
         <load_address>0x9eb</load_address>
         <run_address>0x9eb</run_address>
         <size>0x1cf</size>
         <input_file_ref idref="fl-2"/>
      </object_component>
      <object_component id="oc-276">
         <name>.debug_info</name>
         <load_address>0xbba</load_address>
         <run_address>0xbba</run_address>
         <size>0x1ea</size>
         <input_file_ref idref="fl-2"/>
      </object_component>
      <object_component id="oc-264">
         <name>.debug_info</name>
         <load_address>0xda4</load_address>
         <run_address>0xda4</run_address>
         <size>0x1d2</size>
         <input_file_ref idref="fl-2"/>
      </object_component>
      <object_component id="oc-27c">
         <name>.debug_info</name>
         <load_address>0xf76</load_address>
         <run_address>0xf76</run_address>
         <size>0x1ac</size>
         <input_file_ref idref="fl-2"/>
      </object_component>
      <object_component id="oc-26a">
         <name>.debug_info</name>
         <load_address>0x1122</load_address>
         <run_address>0x1122</run_address>
         <size>0x2d6</size>
         <input_file_ref idref="fl-2"/>
      </object_component>
      <object_component id="oc-14d">
         <name>.debug_info</name>
         <load_address>0x13f8</load_address>
         <run_address>0x13f8</run_address>
         <size>0x391</size>
         <input_file_ref idref="fl-2"/>
      </object_component>
      <object_component id="oc-36b">
         <name>.debug_info</name>
         <load_address>0x1789</load_address>
         <run_address>0x1789</run_address>
         <size>0x168</size>
         <input_file_ref idref="fl-2"/>
      </object_component>
      <object_component id="oc-246">
         <name>.debug_info</name>
         <load_address>0x18f1</load_address>
         <run_address>0x18f1</run_address>
         <size>0x31d</size>
         <input_file_ref idref="fl-2"/>
      </object_component>
      <object_component id="oc-240">
         <name>.debug_info</name>
         <load_address>0x1c0e</load_address>
         <run_address>0x1c0e</run_address>
         <size>0x317</size>
         <input_file_ref idref="fl-2"/>
      </object_component>
      <object_component id="oc-23a">
         <name>.debug_info</name>
         <load_address>0x1f25</load_address>
         <run_address>0x1f25</run_address>
         <size>0x32b</size>
         <input_file_ref idref="fl-2"/>
      </object_component>
      <object_component id="oc-289">
         <name>.debug_info</name>
         <load_address>0x2250</load_address>
         <run_address>0x2250</run_address>
         <size>0x1a3</size>
         <input_file_ref idref="fl-2"/>
      </object_component>
      <object_component id="oc-147">
         <name>.debug_info</name>
         <load_address>0x23f3</load_address>
         <run_address>0x23f3</run_address>
         <size>0x32d</size>
         <input_file_ref idref="fl-2"/>
      </object_component>
      <object_component id="oc-28f">
         <name>.debug_info</name>
         <load_address>0x2720</load_address>
         <run_address>0x2720</run_address>
         <size>0x14e</size>
         <input_file_ref idref="fl-2"/>
      </object_component>
      <object_component id="oc-252">
         <name>.debug_info</name>
         <load_address>0x286e</load_address>
         <run_address>0x286e</run_address>
         <size>0x1ad</size>
         <input_file_ref idref="fl-2"/>
      </object_component>
      <object_component id="oc-24e">
         <name>.debug_info</name>
         <load_address>0x2a1b</load_address>
         <run_address>0x2a1b</run_address>
         <size>0x325</size>
         <input_file_ref idref="fl-2"/>
      </object_component>
      <object_component id="oc-296">
         <name>.debug_info</name>
         <load_address>0x2d40</load_address>
         <run_address>0x2d40</run_address>
         <size>0x1d7</size>
         <input_file_ref idref="fl-2"/>
      </object_component>
      <object_component id="oc-29d">
         <name>.debug_info</name>
         <load_address>0x2f17</load_address>
         <run_address>0x2f17</run_address>
         <size>0x1d5</size>
         <input_file_ref idref="fl-2"/>
      </object_component>
      <object_component id="oc-35">
         <name>.debug_info</name>
         <load_address>0x30ec</load_address>
         <run_address>0x30ec</run_address>
         <size>0x84</size>
         <input_file_ref idref="fl-2"/>
      </object_component>
      <object_component id="oc-283">
         <name>.debug_info</name>
         <load_address>0x3170</load_address>
         <run_address>0x3170</run_address>
         <size>0x87</size>
         <input_file_ref idref="fl-2"/>
      </object_component>
      <object_component id="oc-325">
         <name>.debug_info</name>
         <load_address>0x31f7</load_address>
         <run_address>0x31f7</run_address>
         <size>0x2c8</size>
         <input_file_ref idref="fl-2"/>
      </object_component>
      <object_component id="oc-1f2">
         <name>.debug_info</name>
         <load_address>0x34bf</load_address>
         <run_address>0x34bf</run_address>
         <size>0xb01</size>
         <input_file_ref idref="fl-3"/>
      </object_component>
      <object_component id="oc-141">
         <name>.debug_info</name>
         <load_address>0x3fc0</load_address>
         <run_address>0x3fc0</run_address>
         <size>0x4d8</size>
         <input_file_ref idref="fl-3"/>
      </object_component>
      <object_component id="oc-22e">
         <name>.debug_info</name>
         <load_address>0x4498</load_address>
         <run_address>0x4498</run_address>
         <size>0x116</size>
         <input_file_ref idref="fl-3"/>
      </object_component>
      <object_component id="oc-358">
         <name>.debug_info</name>
         <load_address>0x45ae</load_address>
         <run_address>0x45ae</run_address>
         <size>0x208</size>
         <input_file_ref idref="fl-3"/>
      </object_component>
      <object_component id="oc-35e">
         <name>.debug_info</name>
         <load_address>0x47b6</load_address>
         <run_address>0x47b6</run_address>
         <size>0x205</size>
         <input_file_ref idref="fl-3"/>
      </object_component>
      <object_component id="oc-364">
         <name>.debug_info</name>
         <load_address>0x49bb</load_address>
         <run_address>0x49bb</run_address>
         <size>0x152</size>
         <input_file_ref idref="fl-3"/>
      </object_component>
      <object_component id="oc-1d7">
         <name>.debug_info</name>
         <load_address>0x4b0d</load_address>
         <run_address>0x4b0d</run_address>
         <size>0x6c</size>
         <input_file_ref idref="fl-3"/>
      </object_component>
      <object_component id="oc-107">
         <name>.debug_info</name>
         <load_address>0x4b79</load_address>
         <run_address>0x4b79</run_address>
         <size>0x26b</size>
         <input_file_ref idref="fl-3"/>
      </object_component>
      <object_component id="oc-1e6">
         <name>.debug_info</name>
         <load_address>0x4de4</load_address>
         <run_address>0x4de4</run_address>
         <size>0x1028</size>
         <input_file_ref idref="fl-3"/>
      </object_component>
      <object_component id="oc-1e1">
         <name>.debug_info</name>
         <load_address>0x5e0c</load_address>
         <run_address>0x5e0c</run_address>
         <size>0x37e2</size>
         <input_file_ref idref="fl-3"/>
      </object_component>
      <object_component id="oc-1dc">
         <name>.debug_info</name>
         <load_address>0x95ee</load_address>
         <run_address>0x95ee</run_address>
         <size>0x9a</size>
         <input_file_ref idref="fl-3"/>
      </object_component>
      <object_component id="oc-2f2">
         <name>.debug_info</name>
         <load_address>0x9688</load_address>
         <run_address>0x9688</run_address>
         <size>0x341</size>
         <input_file_ref idref="fl-3"/>
      </object_component>
      <object_component id="oc-ea">
         <name>.debug_info</name>
         <load_address>0x99c9</load_address>
         <run_address>0x99c9</run_address>
         <size>0x8b</size>
         <input_file_ref idref="fl-3"/>
      </object_component>
      <object_component id="oc-1ed">
         <name>.debug_info</name>
         <load_address>0x9a54</load_address>
         <run_address>0x9a54</run_address>
         <size>0x2a4</size>
         <input_file_ref idref="fl-3"/>
      </object_component>
      <object_component id="oc-f9">
         <name>.debug_info</name>
         <load_address>0x9cf8</load_address>
         <run_address>0x9cf8</run_address>
         <size>0xef</size>
         <input_file_ref idref="fl-3"/>
      </object_component>
      <object_component id="oc-ff">
         <name>.debug_info</name>
         <load_address>0x9de7</load_address>
         <run_address>0x9de7</run_address>
         <size>0xbb</size>
         <input_file_ref idref="fl-3"/>
      </object_component>
      <object_component id="oc-45d">
         <name>.debug_info</name>
         <load_address>0x9ea2</load_address>
         <run_address>0x9ea2</run_address>
[...]
      </symbol>
      <symbol id="sm-7bf">
         <name>__aeabi_memset</name>
         <value>0x399b</value>
         <object_component_ref idref="oc-b8"/>
      </symbol>
      <symbol id="sm-7c0">
         <name>memset</name>
         <value>0x39a1</value>
         <object_component_ref idref="oc-b8"/>
      </symbol>
      <symbol id="sm-7c1">
         <name>__aeabi_memset8</name>
         <value>0x399b</value>
         <object_component_ref idref="oc-b8"/>
      </symbol>
      <symbol id="sm-7c2">
         <name>__aeabi_memset4</name>
         <value>0x399b</value>
         <object_component_ref idref="oc-b8"/>
      </symbol>
      <symbol id="sm-7c3">
         <name>__aeabi_memclr8</name>
         <value>0x3999</value>
         <object_component_ref idref="oc-b8"/>
      </symbol>
      <symbol id="sm-7c4">
         <name>__aeabi_memclr4</name>
         <value>0x3999</value>
         <object_component_ref idref="oc-b8"/>
      </symbol>
      <symbol id="sm-7c5">
         <name>__aeabi_memclr</name>
         <value>0x3999</value>
         <object_component_ref idref="oc-b8"/>
      </symbol>
      <symbol id="sm-7dc">
         <name>__aeabi_dsub</name>
         <value>0x1229</value>
         <object_component_ref idref="oc-217"/>
      </symbol>
      <symbol id="sm-7dd">
         <name>__aeabi_dadd</name>
         <value>0x1233</value>
         <object_component_ref idref="oc-217"/>
      </symbol>
      <symbol id="sm-7ff">
         <name>__aeabi_cdcmpeq</name>
         <value>0x3795</value>
         <object_component_ref idref="oc-399"/>
      </symbol>
      <symbol id="sm-800">
         <name>__aeabi_cdcmple</name>
         <value>0x3795</value>
         <object_component_ref idref="oc-399"/>
      </symbol>
      <symbol id="sm-801">
         <name>__aeabi_cdrcmple</name>
         <value>0x381b</value>
         <object_component_ref idref="oc-208"/>
      </symbol>
      <symbol id="sm-815">
         <name>__aeabi_ddiv</name>
         <value>0x2085</value>
         <object_component_ref idref="oc-15c"/>
      </symbol>
      <symbol id="sm-820">
         <name>__aeabi_dmul</name>
         <value>0x2839</value>
         <object_component_ref idref="oc-157"/>
      </symbol>
      <symbol id="sm-82a">
         <name>__aeabi_d2iz</name>
         <value>0x473d</value>
         <object_component_ref idref="oc-470"/>
      </symbol>
      <symbol id="sm-836">
         <name>__aeabi_d2f</name>
         <value>0x3bdf</value>
         <object_component_ref idref="oc-161"/>
      </symbol>
      <symbol id="sm-840">
         <name>__aeabi_d2uiz</name>
         <value>0x491d</value>
         <object_component_ref idref="oc-20d"/>
      </symbol>
      <symbol id="sm-84b">
         <name>__aeabi_f2d</name>
         <value>0x4a11</value>
         <object_component_ref idref="oc-152"/>
      </symbol>
      <symbol id="sm-855">
         <name>__aeabi_i2d</name>
         <value>0x4be1</value>
         <object_component_ref idref="oc-47b"/>
      </symbol>
      <symbol id="sm-870">
         <name>memcpy</name>
         <value>0x3421</value>
         <object_component_ref idref="oc-3a"/>
      </symbol>
      <symbol id="sm-871">
         <name>__aeabi_memcpy</name>
         <value>0x3421</value>
         <object_component_ref idref="oc-3a"/>
      </symbol>
      <symbol id="sm-872">
         <name>__aeabi_memcpy8</name>
         <value>0x3421</value>
         <object_component_ref idref="oc-3a"/>
      </symbol>
      <symbol id="sm-873">
         <name>__aeabi_memcpy4</name>
         <value>0x3421</value>
         <object_component_ref idref="oc-3a"/>
      </symbol>
      <symbol id="sm-87d">
         <name>__aeabi_ui2d</name>
         <value>0x4e11</value>
         <object_component_ref idref="oc-212"/>
      </symbol>
      <symbol id="sm-891">
         <name>__TI_zero_init_nomemset</name>
         <value>0x4e31</value>
         <object_component_ref idref="oc-46"/>
      </symbol>
      <symbol id="sm-8a8">
         <name>__TI_decompress_none</name>
         <value>0x4fcb</value>
         <object_component_ref idref="oc-1d"/>
      </symbol>
      <symbol id="sm-8cb">
         <name>__TI_decompress_lzss</name>
         <value>0x3d89</value>
         <object_component_ref idref="oc-17"/>
      </symbol>
      <symbol id="sm-8f1">
         <name>C$$EXIT</name>
         <value>0x500f</value>
         <object_component_ref idref="oc-185"/>
      </symbol>
      <symbol id="sm-8f2">
         <name>abort</name>
         <value>0x500f</value>
         <object_component_ref idref="oc-185"/>
      </symbol>
      <symbol id="sm-8f3">
         <name>__TI_dtors_ptr</name>
         <value>0x20000d3c</value>
         <object_component_ref idref="oc-2fe"/>
      </symbol>
      <symbol id="sm-8f4">
         <name>__TI_cleanup_ptr</name>
         <value>0x20000d38</value>
         <object_component_ref idref="oc-2fe"/>
      </symbol>
      <symbol id="sm-8f5">
         <name>__TI_enable_exit_profile_output</name>
         <value>0x20000d40</value>
         <object_component_ref idref="oc-2fe"/>
      </symbol>
      <symbol id="sm-8f6">
         <name>exit</name>
         <value>0x46f5</value>
         <object_component_ref idref="oc-18b"/>
      </symbol>
      <symbol id="sm-90b">
         <name>_nop</name>
         <value>0x21bb</value>
         <object_component_ref idref="oc-3d4"/>
      </symbol>
      <symbol id="sm-90c">
         <name>_lock</name>
         <value>0x20000d44</value>
         <object_component_ref idref="oc-2b3"/>
      </symbol>
      <symbol id="sm-90d">
         <name>_unlock</name>
         <value>0x20000d48</value>
         <object_component_ref idref="oc-2b3"/>
      </symbol>
      <symbol id="sm-91c">
         <name>__TI_ltoa</name>
         <value>0x438b</value>
         <object_component_ref idref="oc-475"/>
      </symbol>
      <symbol id="sm-932">
         <name>atoi</name>
         <value>0x4579</value>
         <object_component_ref idref="oc-38d"/>
      </symbol>
      <symbol id="sm-93d">
         <name>_ctypes_</name>
         <value>0x5014</value>
         <object_component_ref idref="oc-464"/>
      </symbol>
      <symbol id="sm-952">
         <name>__TI_tmpnams</name>
         <value>0x20000e80</value>
      </symbol>
      <symbol id="sm-953">
         <name>__aeabi_stdout</name>
         <value>0x20000d30</value>
         <object_component_ref idref="oc-5f3"/>
      </symbol>
      <symbol id="sm-954">
         <name>__aeabi_stderr</name>
         <value>0x20000d34</value>
         <object_component_ref idref="oc-5f3"/>
      </symbol>
      <symbol id="sm-955">
         <name>__aeabi_stdin</name>
         <value>0x20000d2c</value>
         <object_component_ref idref="oc-5f3"/>
      </symbol>
      <symbol id="sm-956">
         <name>_ftable</name>
         <value>0x20000b30</value>
         <object_component_ref idref="oc-2b6"/>
      </symbol>
      <symbol id="sm-957">
         <name>__TI_ft_end</name>
         <value>0x20000d28</value>
         <object_component_ref idref="oc-5f3"/>
      </symbol>
      <symbol id="sm-967">
         <name>memccpy</name>
         <value>0x4e85</value>
         <object_component_ref idref="oc-3b6"/>
      </symbol>
      <symbol id="sm-977">
         <name>memchr</name>
         <value>0x4df1</value>
         <object_component_ref idref="oc-4d3"/>
      </symbol>
      <symbol id="sm-a00">
         <name>_sys_memory</name>
         <value>0x20000000</value>
         <object_component_ref idref="oc-29"/>
      </symbol>
      <symbol id="sm-a01">
         <name>free</name>
         <value>0x2dd5</value>
         <object_component_ref idref="oc-5a2"/>
      </symbol>
      <symbol id="sm-a02">
         <name>memalign</name>
         <value>0x2739</value>
         <object_component_ref idref="oc-5e6"/>
      </symbol>
      <symbol id="sm-a03">
         <name>malloc</name>
         <value>0x4ff9</value>
         <object_component_ref idref="oc-5a8"/>
      </symbol>
      <symbol id="sm-a04">
         <name>aligned_alloc</name>
         <value>0x2739</value>
         <object_component_ref idref="oc-5e6"/>
      </symbol>
      <symbol id="sm-a14">
         <name>strchr</name>
         <value>0x4f35</value>
         <object_component_ref idref="oc-4a7"/>
      </symbol>
      <symbol id="sm-a22">
         <name>strlen</name>
         <value>0x4f75</value>
         <object_component_ref idref="oc-387"/>
      </symbol>
      <symbol id="sm-a32">
         <name>strncpy</name>
         <value>0x4a49</value>
         <object_component_ref idref="oc-1c4"/>
      </symbol>
      <symbol id="sm-a48">
         <name>__aeabi_errno_addr</name>
         <value>0x4ff1</value>
         <object_component_ref idref="oc-3c2"/>
      </symbol>
      <symbol id="sm-a49">
         <name>errno</name>
         <value>0x20000d5c</value>
         <object_component_ref idref="oc-4b7"/>
      </symbol>
      <symbol id="sm-a5c">
         <name>__stack</name>
         <value>0x2000fe00</value>
         <object_component_ref idref="oc-2c"/>
      </symbol>
      <symbol id="sm-a5d">
         <name>_c_int00_noargs</name>
         <value>0x4b1d</value>
         <object_component_ref idref="oc-58"/>
      </symbol>
      <symbol id="sm-a77">
         <name>write</name>
         <value>0x4d5d</value>
         <object_component_ref idref="oc-4df"/>
      </symbol>
      <symbol id="sm-a88">
         <name>_stream</name>
         <value>0x20000c98</value>
         <object_component_ref idref="oc-574"/>
      </symbol>
      <symbol id="sm-a89">
         <name>_device</name>
         <value>0x20000c20</value>
         <object_component_ref idref="oc-5c1"/>
      </symbol>
      <symbol id="sm-aa2">
         <name>wcslen</name>
         <value>0x4f9b</value>
         <object_component_ref idref="oc-3bc"/>
      </symbol>
      <symbol id="sm-ab2">
         <name>__TI_doflush</name>
         <value>0x452d</value>
         <object_component_ref idref="oc-4d9"/>
      </symbol>
      <symbol id="sm-ac2">
         <name>__TI_cleanup</name>
         <value>0x4ab5</value>
         <object_component_ref idref="oc-5ae"/>
      </symbol>
      <symbol id="sm-ad4">
         <name>fseek</name>
         <value>0x3fe9</value>
         <object_component_ref idref="oc-562"/>
      </symbol>
      <symbol id="sm-ade">
         <name>__aeabi_idiv0</name>
         <value>0x3373</value>
         <object_component_ref idref="oc-531"/>
      </symbol>
      <symbol id="sm-adf">
         <name>__aeabi_ldiv0</name>
         <value>0x3373</value>
         <object_component_ref idref="oc-531"/>
      </symbol>
      <symbol id="sm-b07">
         <name>__TI_auto_init_nobinit_nopinit</name>
         <value>0x4851</value>
         <object_component_ref idref="oc-191"/>
      </symbol>
      <symbol id="sm-b1a">
         <name>HOSTclose</name>
         <value>0x4785</value>
         <object_component_ref idref="oc-5ff"/>
      </symbol>
      <symbol id="sm-b2b">
         <name>HOSTlseek</name>
         <value>0x3cb9</value>
         <object_component_ref idref="oc-611"/>
      </symbol>
      <symbol id="sm-b3d">
         <name>parmbuf</name>
         <value>0x20000f64</value>
      </symbol>
      <symbol id="sm-b3e">
         <name>HOSTopen</name>
         <value>0x4111</value>
         <object_component_ref idref="oc-5f9"/>
      </symbol>
      <symbol id="sm-b4f">
         <name>HOSTread</name>
         <value>0x4285</value>
         <object_component_ref idref="oc-605"/>
      </symbol>
      <symbol id="sm-b60">
         <name>HOSTrename</name>
         <value>0x3c4d</value>
         <object_component_ref idref="oc-61d"/>
      </symbol>
      <symbol id="sm-b71">
         <name>HOSTunlink</name>
         <value>0x47c9</value>
         <object_component_ref idref="oc-617"/>
      </symbol>
      <symbol id="sm-b82">
         <name>HOSTwrite</name>
         <value>0x42dd</value>
         <object_component_ref idref="oc-60b"/>
      </symbol>
      <symbol id="sm-ba6">
         <name>__TI_readmsg</name>
         <value>0x4ae9</value>
         <object_component_ref idref="oc-64c"/>
      </symbol>
      <symbol id="sm-ba7">
         <name>C$$IO$$</name>
         <value>0x4a07</value>
         <object_component_ref idref="oc-646"/>
      </symbol>
      <symbol id="sm-ba8">
         <name>__CIOBUF_</name>
         <value>0x20000d60</value>
         <object_component_ref idref="oc-677"/>
      </symbol>
      <symbol id="sm-ba9">
         <name>__TI_writemsg</name>
         <value>0x49d9</value>
         <object_component_ref idref="oc-646"/>
      </symbol>
      <symbol id="sm-bba">
         <name>lseek</name>
         <value>0x4d0d</value>
         <object_component_ref idref="oc-59a"/>
      </symbol>
      <symbol id="sm-bcf">
         <name>__TI_closefile</name>
         <value>0x3a8d</value>
         <object_component_ref idref="oc-5ed"/>
      </symbol>
      <symbol id="sm-bf2">
         <name>finddevice</name>
         <value>0x4bb1</value>
         <object_component_ref idref="oc-68f"/>
      </symbol>
      <symbol id="sm-bf3">
         <name>getdevice</name>
         <value>0x48d9</value>
         <object_component_ref idref="oc-66d"/>
      </symbol>
      <symbol id="sm-c02">
         <name>strcmp</name>
         <value>0x4f1d</value>
         <object_component_ref idref="oc-6a4"/>
      </symbol>
      <symbol id="sm-c10">
         <name>strcpy</name>
         <value>0x4f61</value>
         <object_component_ref idref="oc-660"/>
      </symbol>
      <symbol id="sm-c25">
         <name>close</name>
         <value>0x4229</value>
         <object_component_ref idref="oc-635"/>
      </symbol>
      <symbol id="sm-c35">
         <name>unlink</name>
         <value>0x4c69</value>
         <object_component_ref idref="oc-63b"/>
      </symbol>
      <symbol id="sm-c36">
         <name>__TI_static_base__</name>
         <value>0x0</value>
      </symbol>
      <symbol id="sm-c39">
         <name>__mpu_init</name>
         <value>0x0</value>
      </symbol>
      <symbol id="sm-c3a">
         <name>_system_post_cinit</name>
         <value>0x0</value>
      </symbol>
      <symbol id="sm-c3b">
         <name>NMI_Handler</name>
         <value>0xb33</value>
      </symbol>
      <symbol id="sm-c3c">
         <name>HardFault_Handler</name>
         <value>0xb33</value>
      </symbol>
      <symbol id="sm-c3d">
         <name>MemManage_Handler</name>
         <value>0xb33</value>
      </symbol>
      <symbol id="sm-c3e">
         <name>BusFault_Handler</name>
         <value>0xb33</value>
      </symbol>
      <symbol id="sm-c3f">
         <name>UsageFault_Handler</name>
         <value>0xb33</value>
      </symbol>
      <symbol id="sm-c40">
         <name>SVC_Handler</name>
         <value>0xb33</value>
      </symbol>
      <symbol id="sm-c41">
         <name>DebugMon_Handler</name>
         <value>0xb33</value>
      </symbol>
      <symbol id="sm-c42">
         <name>PendSV_Handler</name>
         <value>0xb33</value>
      </symbol>
      <symbol id="sm-c43">
         <name>SysTick_Handler</name>
         <value>0xb33</value>
      </symbol>
      <symbol id="sm-c44">
         <name>PSS_IRQHandler</name>
         <value>0xb33</value>
      </symbol>
      <symbol id="sm-c45">
         <name>CS_IRQHandler</name>
         <value>0xb33</value>
      </symbol>
      <symbol id="sm-c46">
         <name>PCM_IRQHandler</name>
         <value>0xb33</value>
      </symbol>
      <symbol id="sm-c47">
         <name>WDT_A_IRQHandler</name>
         <value>0x13df</value>
      </symbol>
      <symbol id="sm-c48">
         <name>FPU_IRQHandler</name>
         <value>0xb33</value>
      </symbol>
      <symbol id="sm-c49">
         <name>FLCTL_IRQHandler</name>
         <value>0xb33</value>
      </symbol>
      <symbol id="sm-c4a">
         <name>COMP_E0_IRQHandler</name>
         <value>0xb33</value>
      </symbol>
      <symbol id="sm-c4b">
         <name>COMP_E1_IRQHandler</name>
         <value>0xb33</value>
      </symbol>
      <symbol id="sm-c4c">
         <name>TA0_0_IRQHandler</name>
         <value>0x4eed</value>
      </symbol>
      <symbol id="sm-c4d">
         <name>TA0_N_IRQHandler</name>
         <value>0xb33</value>
      </symbol>
      <symbol id="sm-c4e">
         <name>TA1_0_IRQHandler</name>
         <value>0xb33</value>
      </symbol>
      <symbol id="sm-c4f">
         <name>TA1_N_IRQHandler</name>
         <value>0xb33</value>
      </symbol>
      <symbol id="sm-c50">
         <name>TA2_0_IRQHandler</name>
         <value>0xb33</value>
      </symbol>
      <symbol id="sm-c51">
         <name>TA2_N_IRQHandler</name>
         <value>0xb33</value>
      </symbol>
      <symbol id="sm-c52">
         <name>TA3_0_IRQHandler</name>
         <value>0xb33</value>
      </symbol>
      <symbol id="sm-c53">
         <name>TA3_N_IRQHandler</name>
         <value>0xb33</value>
      </symbol>
      <symbol id="sm-c54">
         <name>EUSCIA0_IRQHandler</name>
         <value>0x4dad</value>
      </symbol>
      <symbol id="sm-c55">
         <name>EUSCIA1_IRQHandler</name>
         <value>0xb33</value>
      </symbol>
      <symbol id="sm-c56">
         <name>EUSCIA2_IRQHandler</name>
         <value>0xb33</value>
      </symbol>
      <symbol id="sm-c57">
         <name>EUSCIA3_IRQHandler</name>
         <value>0xb33</value>
      </symbol>
      <symbol id="sm-c58">
         <name>EUSCIB0_IRQHandler</name>
         <value>0xb33</value>
      </symbol>
      <symbol id="sm-c59">
         <name>EUSCIB1_IRQHandler</name>
         <value>0x2b1d</value>
      </symbol>
      <symbol id="sm-c5a">
         <name>EUSCIB2_IRQHandler</name>
         <value>0xb33</value>
      </symbol>
      <symbol id="sm-c5b">
         <name>EUSCIB3_IRQHandler</name>
         <value>0xb33</value>
      </symbol>
      <symbol id="sm-c5c">
         <name>ADC14_IRQHandler</name>
         <value>0xb33</value>
      </symbol>
      <symbol id="sm-c5d">
         <name>T32_INT1_IRQHandler</name>
         <value>0xb33</value>
      </symbol>
      <symbol id="sm-c5e">
         <name>T32_INT2_IRQHandler</name>
         <value>0xb33</value>
      </symbol>
      <symbol id="sm-c5f">
         <name>T32_INTC_IRQHandler</name>
         <value>0xb33</value>
      </symbol>
      <symbol id="sm-c60">
         <name>AES256_IRQHandler</name>
         <value>0xb33</value>
      </symbol>
      <symbol id="sm-c61">
         <name>RTC_C_IRQHandler</name>
         <value>0xb33</value>
      </symbol>
      <symbol id="sm-c62">
         <name>DMA_ERR_IRQHandler</name>
         <value>0xb33</value>
      </symbol>
      <symbol id="sm-c63">
         <name>DMA_INT3_IRQHandler</name>
         <value>0xb33</value>
      </symbol>
      <symbol id="sm-c64">
         <name>DMA_INT2_IRQHandler</name>
         <value>0xb33</value>
      </symbol>
      <symbol id="sm-c65">
         <name>DMA_INT1_IRQHandler</name>
         <value>0xb33</value>
      </symbol>
      <symbol id="sm-c66">
         <name>DMA_INT0_IRQHandler</name>
         <value>0xb33</value>
      </symbol>
      <symbol id="sm-c67">
         <name>PORT1_IRQHandler</name>
         <value>0x44dd</value>
      </symbol>
      <symbol id="sm-c68">
         <name>PORT2_IRQHandler</name>
         <value>0xb33</value>
      </symbol>
      <symbol id="sm-c69">
         <name>PORT3_IRQHandler</name>
         <value>0xb33</value>
      </symbol>
      <symbol id="sm-c6a">
         <name>PORT4_IRQHandler</name>
         <value>0xb33</value>
      </symbol>
      <symbol id="sm-c6b">
         <name>PORT5_IRQHandler</name>
         <value>0x480d</value>
      </symbol>
      <symbol id="sm-c6c">
         <name>PORT6_IRQHandler</name>
         <value>0xb33</value>
      </symbol>
      <symbol id="sm-c6d">
         <name>remove</name>
         <value>0x4c69</value>
      </symbol>
   </symbol_table>
   <title>Link successful</title>
</link_info>
