<?xml version="1.0" encoding="ISO-8859-1" ?>
<link_info>
   <banner>TI ARM Linker PC v20.2.4.LTS</banner>
   <copyright>Copyright (c) 1996-2018 Texas Instruments Incorporated</copyright>
   <link_time>0x608ef388</link_time>
   <link_errors>0x0</link_errors>
   <output_file>BME280_U_bup_1234am_2may2.out</output_file>
   <entry_point>
      <name>_c_int00_noargs</name>
      <address>0x4ced</address>
   </entry_point>
   <input_file_list>
      <input_file id="fl-2">
         <path>.\ccs\</path>
         <kind>object</kind>
         <file>startup_msp432p401r_ccs.obj</file>
         <name>startup_msp432p401r_ccs.obj</name>
      </input_file>
      <input_file id="fl-3">
         <path>.\source\</path>
         <kind>object</kind>
         <file>UART0.obj</file>
         <name>UART0.obj</name>
      </input_file>
      <input_file id="fl-4">
         <path>.\source\</path>
         <kind>object</kind>
         <file>bme280.obj</file>
         <name>bme280.obj</name>
      </input_file>
      <input_file id="fl-5">
         <path>.\source\</path>
         <kind>object</kind>
         <file>bme280_support.obj</file>
         <name>bme280_support.obj</name>
      </input_file>
      <input_file id="fl-6">
         <path>.\source\</path>
         <kind>object</kind>
         <file>cbfifo.obj</file>
         <name>cbfifo.obj</name>
      </input_file>
      <input_file id="fl-7">
         <path>.\source\</path>
         <kind>object</kind>
         <file>cli.obj</file>
         <name>cli.obj</name>
      </input_file>
      <input_file id="fl-8">
         <path>.\source\</path>
         <kind>object</kind>
         <file>demo_sysctl.obj</file>
         <name>demo_sysctl.obj</name>
      </input_file>
      <input_file id="fl-9">
         <path>.\source\</path>
         <kind>object</kind>
         <file>i2c_driver.obj</file>
         <name>i2c_driver.obj</name>
      </input_file>
      <input_file id="fl-a">
         <path>.\source\</path>
         <kind>object</kind>
         <file>main.obj</file>
         <name>main.obj</name>
      </input_file>
      <input_file id="fl-b">
         <path>.\source\</path>
         <kind>object</kind>
         <file>system_msp432p401r.obj</file>
         <name>system_msp432p401r.obj</name>
      </input_file>
      <input_file id="fl-15">
         <kind>object</kind>
         <file>&lt;internal&gt;</file>
         <name>&lt;internal&gt;</name>
      </input_file>
      <input_file id="fl-16">
         <path>C:\ti\simplelink_msp432p4_sdk_3_40_01_02\source\ti\devices\msp432p4xx\driverlib\ccs\</path>
         <kind>archive</kind>
         <file>msp432p4xx_driverlib.lib</file>
         <name>cs.o</name>
      </input_file>
      <input_file id="fl-17">
         <path>C:\ti\simplelink_msp432p4_sdk_3_40_01_02\source\ti\devices\msp432p4xx\driverlib\ccs\</path>
         <kind>archive</kind>
         <file>msp432p4xx_driverlib.lib</file>
         <name>gpio.o</name>
      </input_file>
      <input_file id="fl-18">
         <path>C:\ti\simplelink_msp432p4_sdk_3_40_01_02\source\ti\devices\msp432p4xx\driverlib\ccs\</path>
         <kind>archive</kind>
         <file>msp432p4xx_driverlib.lib</file>
         <name>i2c.o</name>
      </input_file>
      <input_file id="fl-19">
         <path>C:\ti\simplelink_msp432p4_sdk_3_40_01_02\source\ti\devices\msp432p4xx\driverlib\ccs\</path>
         <kind>archive</kind>
         <file>msp432p4xx_driverlib.lib</file>
         <name>interrupt.o</name>
      </input_file>
      <input_file id="fl-1a">
         <path>C:\ti\simplelink_msp432p4_sdk_3_40_01_02\source\ti\devices\msp432p4xx\driverlib\ccs\</path>
         <kind>archive</kind>
         <file>msp432p4xx_driverlib.lib</file>
         <name>sysctl_a.o</name>
      </input_file>
      <input_file id="fl-1b">
         <path>C:\ti\simplelink_msp432p4_sdk_3_40_01_02\source\ti\devices\msp432p4xx\driverlib\ccs\</path>
         <kind>archive</kind>
         <file>msp432p4xx_driverlib.lib</file>
         <name>cpu.o</name>
      </input_file>
      <input_file id="fl-d1">
         <path>C:\ti\ccs1020\ccs\tools\compiler\ti-cgt-arm_20.2.4.LTS\lib\</path>
         <kind>archive</kind>
         <file>rtsv7M4_T_le_v4SPD16_eabi.lib</file>
         <name>printf.c.obj</name>
      </input_file>
      <input_file id="fl-d2">
         <path>C:\ti\ccs1020\ccs\tools\compiler\ti-cgt-arm_20.2.4.LTS\lib\</path>
         <kind>archive</kind>
         <file>rtsv7M4_T_le_v4SPD16_eabi.lib</file>
         <name>_printfi.c.obj</name>
      </input_file>
      <input_file id="fl-d3">
         <path>C:\ti\ccs1020\ccs\tools\compiler\ti-cgt-arm_20.2.4.LTS\lib\</path>
         <kind>archive</kind>
         <file>rtsv7M4_T_le_v4SPD16_eabi.lib</file>
         <name>sprintf.c.obj</name>
      </input_file>
      <input_file id="fl-d4">
         <path>C:\ti\ccs1020\ccs\tools\compiler\ti-cgt-arm_20.2.4.LTS\lib\</path>
         <kind>archive</kind>
         <file>rtsv7M4_T_le_v4SPD16_eabi.lib</file>
         <name>fputc.c.obj</name>
      </input_file>
      <input_file id="fl-d5">
         <path>C:\ti\ccs1020\ccs\tools\compiler\ti-cgt-arm_20.2.4.LTS\lib\</path>
         <kind>archive</kind>
         <file>rtsv7M4_T_le_v4SPD16_eabi.lib</file>
         <name>fputs.c.obj</name>
      </input_file>
      <input_file id="fl-d6">
         <path>C:\ti\ccs1020\ccs\tools\compiler\ti-cgt-arm_20.2.4.LTS\lib\</path>
         <kind>archive</kind>
         <file>rtsv7M4_T_le_v4SPD16_eabi.lib</file>
         <name>_io_perm.c.obj</name>
      </input_file>
      <input_file id="fl-d7">
         <path>C:\ti\ccs1020\ccs\tools\compiler\ti-cgt-arm_20.2.4.LTS\lib\</path>
         <kind>archive</kind>
         <file>rtsv7M4_T_le_v4SPD16_eabi.lib</file>
         <name>setvbuf.c.obj</name>
      </input_file>
      <input_file id="fl-d8">
         <path>C:\ti\ccs1020\ccs\tools\compiler\ti-cgt-arm_20.2.4.LTS\lib\</path>
         <kind>archive</kind>
         <file>rtsv7M4_T_le_v4SPD16_eabi.lib</file>
         <name>s_frexp.c.obj</name>
      </input_file>
      <input_file id="fl-d9">
         <path>C:\ti\ccs1020\ccs\tools\compiler\ti-cgt-arm_20.2.4.LTS\lib\</path>
         <kind>archive</kind>
         <file>rtsv7M4_T_le_v4SPD16_eabi.lib</file>
         <name>s_scalbn.c.obj</name>
      </input_file>
      <input_file id="fl-da">
         <path>C:\ti\ccs1020\ccs\tools\compiler\ti-cgt-arm_20.2.4.LTS\lib\</path>
         <kind>archive</kind>
         <file>rtsv7M4_T_le_v4SPD16_eabi.lib</file>
         <name>s_copysign.c.obj</name>
      </input_file>
      <input_file id="fl-db">
         <path>C:\ti\ccs1020\ccs\tools\compiler\ti-cgt-arm_20.2.4.LTS\lib\</path>
         <kind>archive</kind>
         <file>rtsv7M4_T_le_v4SPD16_eabi.lib</file>
         <name>ull_div_t2.asm.obj</name>
      </input_file>
      <input_file id="fl-dc">
         <path>C:\ti\ccs1020\ccs\tools\compiler\ti-cgt-arm_20.2.4.LTS\lib\</path>
         <kind>archive</kind>
         <file>rtsv7M4_T_le_v4SPD16_eabi.lib</file>
         <name>memset_t2.asm.obj</name>
      </input_file>
      <input_file id="fl-dd">
         <path>C:\ti\ccs1020\ccs\tools\compiler\ti-cgt-arm_20.2.4.LTS\lib\</path>
         <kind>archive</kind>
         <file>rtsv7M4_T_le_v4SPD16_eabi.lib</file>
         <name>fd_add_t2.asm.obj</name>
      </input_file>
      <input_file id="fl-de">
         <path>C:\ti\ccs1020\ccs\tools\compiler\ti-cgt-arm_20.2.4.LTS\lib\</path>
         <kind>archive</kind>
         <file>rtsv7M4_T_le_v4SPD16_eabi.lib</file>
         <name>fd_cmp_t2.asm.obj</name>
      </input_file>
      <input_file id="fl-df">
         <path>C:\ti\ccs1020\ccs\tools\compiler\ti-cgt-arm_20.2.4.LTS\lib\</path>
         <kind>archive</kind>
         <file>rtsv7M4_T_le_v4SPD16_eabi.lib</file>
         <name>fd_div_t2.asm.obj</name>
      </input_file>
      <input_file id="fl-e0">
         <path>C:\ti\ccs1020\ccs\tools\compiler\ti-cgt-arm_20.2.4.LTS\lib\</path>
         <kind>archive</kind>
         <file>rtsv7M4_T_le_v4SPD16_eabi.lib</file>
         <name>fd_mul_t2.asm.obj</name>
      </input_file>
      <input_file id="fl-e1">
         <path>C:\ti\ccs1020\ccs\tools\compiler\ti-cgt-arm_20.2.4.LTS\lib\</path>
         <kind>archive</kind>
         <file>rtsv7M4_T_le_v4SPD16_eabi.lib</file>
         <name>fd_toi_t2.asm.obj</name>
      </input_file>
      <input_file id="fl-e2">
         <path>C:\ti\ccs1020\ccs\tools\compiler\ti-cgt-arm_20.2.4.LTS\lib\</path>
         <kind>archive</kind>
         <file>rtsv7M4_T_le_v4SPD16_eabi.lib</file>
         <name>fd_tos_t2.asm.obj</name>
      </input_file>
      <input_file id="fl-e3">
         <path>C:\ti\ccs1020\ccs\tools\compiler\ti-cgt-arm_20.2.4.LTS\lib\</path>
         <kind>archive</kind>
         <file>rtsv7M4_T_le_v4SPD16_eabi.lib</file>
         <name>fs_tod_t2.asm.obj</name>
      </input_file>
      <input_file id="fl-e4">
         <path>C:\ti\ccs1020\ccs\tools\compiler\ti-cgt-arm_20.2.4.LTS\lib\</path>
         <kind>archive</kind>
         <file>rtsv7M4_T_le_v4SPD16_eabi.lib</file>
         <name>i_tofd_t2.asm.obj</name>
      </input_file>
      <input_file id="fl-e5">
         <path>C:\ti\ccs1020\ccs\tools\compiler\ti-cgt-arm_20.2.4.LTS\lib\</path>
         <kind>archive</kind>
         <file>rtsv7M4_T_le_v4SPD16_eabi.lib</file>
         <name>memcpy_t2.asm.obj</name>
      </input_file>
      <input_file id="fl-e6">
         <path>C:\ti\ccs1020\ccs\tools\compiler\ti-cgt-arm_20.2.4.LTS\lib\</path>
         <kind>archive</kind>
         <file>rtsv7M4_T_le_v4SPD16_eabi.lib</file>
         <name>copy_zero_init.c.obj</name>
      </input_file>
      <input_file id="fl-e7">
         <path>C:\ti\ccs1020\ccs\tools\compiler\ti-cgt-arm_20.2.4.LTS\lib\</path>
         <kind>archive</kind>
         <file>rtsv7M4_T_le_v4SPD16_eabi.lib</file>
         <name>copy_decompress_none.c.obj</name>
      </input_file>
      <input_file id="fl-e8">
         <path>C:\ti\ccs1020\ccs\tools\compiler\ti-cgt-arm_20.2.4.LTS\lib\</path>
         <kind>archive</kind>
         <file>rtsv7M4_T_le_v4SPD16_eabi.lib</file>
         <name>copy_decompress_lzss.c.obj</name>
      </input_file>
      <input_file id="fl-e9">
         <path>C:\ti\ccs1020\ccs\tools\compiler\ti-cgt-arm_20.2.4.LTS\lib\</path>
         <kind>archive</kind>
         <file>rtsv7M4_T_le_v4SPD16_eabi.lib</file>
         <name>exit.c.obj</name>
      </input_file>
      <input_file id="fl-ea">
         <path>C:\ti\ccs1020\ccs\tools\compiler\ti-cgt-arm_20.2.4.LTS\lib\</path>
         <kind>archive</kind>
         <file>rtsv7M4_T_le_v4SPD16_eabi.lib</file>
         <name>_lock.c.obj</name>
      </input_file>
      <input_file id="fl-eb">
         <path>C:\ti\ccs1020\ccs\tools\compiler\ti-cgt-arm_20.2.4.LTS\lib\</path>
         <kind>archive</kind>
         <file>rtsv7M4_T_le_v4SPD16_eabi.lib</file>
         <name>_ltoa.c.obj</name>
      </input_file>
      <input_file id="fl-ec">
         <path>C:\ti\ccs1020\ccs\tools\compiler\ti-cgt-arm_20.2.4.LTS\lib\</path>
         <kind>archive</kind>
         <file>rtsv7M4_T_le_v4SPD16_eabi.lib</file>
         <name>assert.c.obj</name>
      </input_file>
      <input_file id="fl-ed">
         <path>C:\ti\ccs1020\ccs\tools\compiler\ti-cgt-arm_20.2.4.LTS\lib\</path>
         <kind>archive</kind>
         <file>rtsv7M4_T_le_v4SPD16_eabi.lib</file>
         <name>atoi.c.obj</name>
      </input_file>
      <input_file id="fl-ee">
         <path>C:\ti\ccs1020\ccs\tools\compiler\ti-cgt-arm_20.2.4.LTS\lib\</path>
         <kind>archive</kind>
         <file>rtsv7M4_T_le_v4SPD16_eabi.lib</file>
         <name>ctype.c.obj</name>
      </input_file>
      <input_file id="fl-ef">
         <path>C:\ti\ccs1020\ccs\tools\compiler\ti-cgt-arm_20.2.4.LTS\lib\</path>
         <kind>archive</kind>
         <file>rtsv7M4_T_le_v4SPD16_eabi.lib</file>
         <name>defs.c.obj</name>
      </input_file>
      <input_file id="fl-f0">
         <path>C:\ti\ccs1020\ccs\tools\compiler\ti-cgt-arm_20.2.4.LTS\lib\</path>
         <kind>archive</kind>
         <file>rtsv7M4_T_le_v4SPD16_eabi.lib</file>
         <name>memccpy.c.obj</name>
      </input_file>
      <input_file id="fl-f1">
         <path>C:\ti\ccs1020\ccs\tools\compiler\ti-cgt-arm_20.2.4.LTS\lib\</path>
         <kind>archive</kind>
         <file>rtsv7M4_T_le_v4SPD16_eabi.lib</file>
         <name>memchr.c.obj</name>
      </input_file>
      <input_file id="fl-f2">
         <path>C:\ti\ccs1020\ccs\tools\compiler\ti-cgt-arm_20.2.4.LTS\lib\</path>
         <kind>archive</kind>
         <file>rtsv7M4_T_le_v4SPD16_eabi.lib</file>
         <name>memory.c.obj</name>
      </input_file>
      <input_file id="fl-f3">
         <path>C:\ti\ccs1020\ccs\tools\compiler\ti-cgt-arm_20.2.4.LTS\lib\</path>
         <kind>archive</kind>
         <file>rtsv7M4_T_le_v4SPD16_eabi.lib</file>
         <name>strchr.c.obj</name>
      </input_file>
      <input_file id="fl-f4">
         <path>C:\ti\ccs1020\ccs\tools\compiler\ti-cgt-arm_20.2.4.LTS\lib\</path>
         <kind>archive</kind>
         <file>rtsv7M4_T_le_v4SPD16_eabi.lib</file>
         <name>strlen.c.obj</name>
      </input_file>
      <input_file id="fl-f5">
         <path>C:\ti\ccs1020\ccs\tools\compiler\ti-cgt-arm_20.2.4.LTS\lib\</path>
         <kind>archive</kind>
         <file>rtsv7M4_T_le_v4SPD16_eabi.lib</file>
         <name>errno.c.obj</name>
      </input_file>
      <input_file id="fl-f6">
         <path>C:\ti\ccs1020\ccs\tools\compiler\ti-cgt-arm_20.2.4.LTS\lib\</path>
         <kind>archive</kind>
         <file>rtsv7M4_T_le_v4SPD16_eabi.lib</file>
         <name>boot_cortex_m.c.obj</name>
      </input_file>
      <input_file id="fl-f7">
         <path>C:\ti\ccs1020\ccs\tools\compiler\ti-cgt-arm_20.2.4.LTS\lib\</path>
         <kind>archive</kind>
         <file>rtsv7M4_T_le_v4SPD16_eabi.lib</file>
         <name>write.c.obj</name>
      </input_file>
      <input_file id="fl-f8">
         <path>C:\ti\ccs1020\ccs\tools\compiler\ti-cgt-arm_20.2.4.LTS\lib\</path>
         <kind>archive</kind>
         <file>rtsv7M4_T_le_v4SPD16_eabi.lib</file>
         <name>host_device.c.obj</name>
      </input_file>
      <input_file id="fl-f9">
         <path>C:\ti\ccs1020\ccs\tools\compiler\ti-cgt-arm_20.2.4.LTS\lib\</path>
         <kind>archive</kind>
         <file>rtsv7M4_T_le_v4SPD16_eabi.lib</file>
         <name>wcslen.c.obj</name>
      </input_file>
      <input_file id="fl-fa">
         <path>C:\ti\ccs1020\ccs\tools\compiler\ti-cgt-arm_20.2.4.LTS\lib\</path>
         <kind>archive</kind>
         <file>rtsv7M4_T_le_v4SPD16_eabi.lib</file>
         <name>fflush.c.obj</name>
      </input_file>
      <input_file id="fl-fb">
         <path>C:\ti\ccs1020\ccs\tools\compiler\ti-cgt-arm_20.2.4.LTS\lib\</path>
         <kind>archive</kind>
         <file>rtsv7M4_T_le_v4SPD16_eabi.lib</file>
         <name>fopen.c.obj</name>
      </input_file>
      <input_file id="fl-fc">
         <path>C:\ti\ccs1020\ccs\tools\compiler\ti-cgt-arm_20.2.4.LTS\lib\</path>
         <kind>archive</kind>
         <file>rtsv7M4_T_le_v4SPD16_eabi.lib</file>
         <name>fseek.c.obj</name>
      </input_file>
      <input_file id="fl-fd">
         <path>C:\ti\ccs1020\ccs\tools\compiler\ti-cgt-arm_20.2.4.LTS\lib\</path>
         <kind>archive</kind>
         <file>rtsv7M4_T_le_v4SPD16_eabi.lib</file>
         <name>div0.asm.obj</name>
      </input_file>
      <input_file id="fl-fe">
         <path>C:\ti\ccs1020\ccs\tools\compiler\ti-cgt-arm_20.2.4.LTS\lib\</path>
         <kind>archive</kind>
         <file>rtsv7M4_T_le_v4SPD16_eabi.lib</file>
         <name>autoinit.c.obj</name>
      </input_file>
      <input_file id="fl-ff">
         <path>C:\ti\ccs1020\ccs\tools\compiler\ti-cgt-arm_20.2.4.LTS\lib\</path>
         <kind>archive</kind>
         <file>rtsv7M4_T_le_v4SPD16_eabi.lib</file>
         <name>cpy_tbl.c.obj</name>
      </input_file>
      <input_file id="fl-100">
         <path>C:\ti\ccs1020\ccs\tools\compiler\ti-cgt-arm_20.2.4.LTS\lib\</path>
         <kind>archive</kind>
         <file>rtsv7M4_T_le_v4SPD16_eabi.lib</file>
         <name>args_main.c.obj</name>
      </input_file>
      <input_file id="fl-101">
         <path>C:\ti\ccs1020\ccs\tools\compiler\ti-cgt-arm_20.2.4.LTS\lib\</path>
         <kind>archive</kind>
         <file>rtsv7M4_T_le_v4SPD16_eabi.lib</file>
         <name>hostclose.c.obj</name>
      </input_file>
      <input_file id="fl-102">
         <path>C:\ti\ccs1020\ccs\tools\compiler\ti-cgt-arm_20.2.4.LTS\lib\</path>
         <kind>archive</kind>
         <file>rtsv7M4_T_le_v4SPD16_eabi.lib</file>
         <name>hostlseek.c.obj</name>
      </input_file>
      <input_file id="fl-103">
         <path>C:\ti\ccs1020\ccs\tools\compiler\ti-cgt-arm_20.2.4.LTS\lib\</path>
         <kind>archive</kind>
         <file>rtsv7M4_T_le_v4SPD16_eabi.lib</file>
         <name>hostopen.c.obj</name>
      </input_file>
      <input_file id="fl-104">
         <path>C:\ti\ccs1020\ccs\tools\compiler\ti-cgt-arm_20.2.4.LTS\lib\</path>
         <kind>archive</kind>
         <file>rtsv7M4_T_le_v4SPD16_eabi.lib</file>
         <name>hostread.c.obj</name>
      </input_file>
      <input_file id="fl-105">
         <path>C:\ti\ccs1020\ccs\tools\compiler\ti-cgt-arm_20.2.4.LTS\lib\</path>
         <kind>archive</kind>
         <file>rtsv7M4_T_le_v4SPD16_eabi.lib</file>
         <name>hostrename.c.obj</name>
      </input_file>
      <input_file id="fl-106">
         <path>C:\ti\ccs1020\ccs\tools\compiler\ti-cgt-arm_20.2.4.LTS\lib\</path>
         <kind>archive</kind>
         <file>rtsv7M4_T_le_v4SPD16_eabi.lib</file>
         <name>hostunlink.c.obj</name>
      </input_file>
      <input_file id="fl-107">
         <path>C:\ti\ccs1020\ccs\tools\compiler\ti-cgt-arm_20.2.4.LTS\lib\</path>
         <kind>archive</kind>
         <file>rtsv7M4_T_le_v4SPD16_eabi.lib</file>
         <name>hostwrite.c.obj</name>
      </input_file>
      <input_file id="fl-108">
         <path>C:\ti\ccs1020\ccs\tools\compiler\ti-cgt-arm_20.2.4.LTS\lib\</path>
         <kind>archive</kind>
         <file>rtsv7M4_T_le_v4SPD16_eabi.lib</file>
         <name>trgmsg.c.obj</name>
      </input_file>
      <input_file id="fl-109">
         <path>C:\ti\ccs1020\ccs\tools\compiler\ti-cgt-arm_20.2.4.LTS\lib\</path>
         <kind>archive</kind>
         <file>rtsv7M4_T_le_v4SPD16_eabi.lib</file>
         <name>open.c.obj</name>
      </input_file>
      <input_file id="fl-10a">
         <path>C:\ti\ccs1020\ccs\tools\compiler\ti-cgt-arm_20.2.4.LTS\lib\</path>
         <kind>archive</kind>
         <file>rtsv7M4_T_le_v4SPD16_eabi.lib</file>
         <name>lseek.c.obj</name>
      </input_file>
      <input_file id="fl-10b">
         <path>C:\ti\ccs1020\ccs\tools\compiler\ti-cgt-arm_20.2.4.LTS\lib\</path>
         <kind>archive</kind>
         <file>rtsv7M4_T_le_v4SPD16_eabi.lib</file>
         <name>fclose.c.obj</name>
      </input_file>
      <input_file id="fl-10c">
         <path>C:\ti\ccs1020\ccs\tools\compiler\ti-cgt-arm_20.2.4.LTS\lib\</path>
         <kind>archive</kind>
         <file>rtsv7M4_T_le_v4SPD16_eabi.lib</file>
         <name>getdevice.c.obj</name>
      </input_file>
      <input_file id="fl-10d">
         <path>C:\ti\ccs1020\ccs\tools\compiler\ti-cgt-arm_20.2.4.LTS\lib\</path>
         <kind>archive</kind>
         <file>rtsv7M4_T_le_v4SPD16_eabi.lib</file>
         <name>strcmp.c.obj</name>
      </input_file>
      <input_file id="fl-10e">
         <path>C:\ti\ccs1020\ccs\tools\compiler\ti-cgt-arm_20.2.4.LTS\lib\</path>
         <kind>archive</kind>
         <file>rtsv7M4_T_le_v4SPD16_eabi.lib</file>
         <name>strcpy.c.obj</name>
      </input_file>
      <input_file id="fl-10f">
         <path>C:\ti\ccs1020\ccs\tools\compiler\ti-cgt-arm_20.2.4.LTS\lib\</path>
         <kind>archive</kind>
         <file>rtsv7M4_T_le_v4SPD16_eabi.lib</file>
         <name>strncpy.c.obj</name>
      </input_file>
      <input_file id="fl-110">
         <path>C:\ti\ccs1020\ccs\tools\compiler\ti-cgt-arm_20.2.4.LTS\lib\</path>
         <kind>archive</kind>
         <file>rtsv7M4_T_le_v4SPD16_eabi.lib</file>
         <name>remove.c.obj</name>
      </input_file>
      <input_file id="fl-111">
         <path>C:\ti\ccs1020\ccs\tools\compiler\ti-cgt-arm_20.2.4.LTS\lib\</path>
         <kind>archive</kind>
         <file>rtsv7M4_T_le_v4SPD16_eabi.lib</file>
         <name>close.c.obj</name>
      </input_file>
      <input_file id="fl-112">
         <path>C:\ti\ccs1020\ccs\tools\compiler\ti-cgt-arm_20.2.4.LTS\lib\</path>
         <kind>archive</kind>
         <file>rtsv7M4_T_le_v4SPD16_eabi.lib</file>
         <name>unlink.c.obj</name>
      </input_file>
   </input_file_list>
   <object_component_list>
      <object_component id="oc-26">
         <name>.intvecs:retain</name>
         <load_address>0x0</load_address>
         <run_address>0x0</run_address>
         <size>0xe4</size>
         <input_file_ref idref="fl-2"/>
      </object_component>
      <object_component id="oc-2bd">
         <name>.text:__TI_printfi</name>
         <load_address>0xe4</load_address>
         <run_address>0xe4</run_address>
         <size>0xa4e</size>
         <input_file_ref idref="fl-d2"/>
      </object_component>
      <object_component id="oc-70">
         <name>.text:Default_Handler</name>
         <load_address>0xb32</load_address>
         <run_address>0xb32</run_address>
         <size>0x2</size>
         <input_file_ref idref="fl-2"/>
      </object_component>
      <object_component id="oc-c4">
         <name>.text:main</name>
         <load_address>0xb34</load_address>
         <run_address>0xb34</run_address>
         <size>0x2a4</size>
         <input_file_ref idref="fl-a"/>
      </object_component>
      <object_component id="oc-3b4">
         <name>.text:_pconv_a</name>
         <load_address>0xdd8</load_address>
         <run_address>0xdd8</run_address>
         <size>0x270</size>
         <input_file_ref idref="fl-d2"/>
      </object_component>
      <object_component id="oc-3a2">
         <name>.text:_pconv_g</name>
         <load_address>0x1048</load_address>
         <run_address>0x1048</run_address>
         <size>0x1d0</size>
         <input_file_ref idref="fl-d2"/>
      </object_component>
      <object_component id="oc-48e">
         <name>.text</name>
         <load_address>0x1218</load_address>
         <run_address>0x1218</run_address>
         <size>0x1b6</size>
         <input_file_ref idref="fl-dd"/>
      </object_component>
      <object_component id="oc-76">
         <name>.text:WDT_A_IRQHandler</name>
         <load_address>0x13ce</load_address>
         <run_address>0x13ce</run_address>
         <size>0x2</size>
         <input_file_ref idref="fl-a"/>
      </object_component>
      <object_component id="oc-367">
         <name>.text:bme280_get_calib_param</name>
         <load_address>0x13d0</load_address>
         <run_address>0x13d0</run_address>
         <size>0x1a0</size>
         <input_file_ref idref="fl-4"/>
      </object_component>
      <object_component id="oc-247">
         <name>.text:bme280_set_oversamp_humidity</name>
         <load_address>0x1570</load_address>
         <run_address>0x1570</run_address>
         <size>0x198</size>
         <input_file_ref idref="fl-4"/>
      </object_component>
      <object_component id="oc-153">
         <name>.text:bme280_set_power_mode</name>
         <load_address>0x1708</load_address>
         <run_address>0x1708</run_address>
         <size>0x174</size>
         <input_file_ref idref="fl-4"/>
      </object_component>
      <object_component id="oc-253">
         <name>.text:bme280_set_oversamp_temperature</name>
         <load_address>0x187c</load_address>
         <run_address>0x187c</run_address>
         <size>0x16c</size>
         <input_file_ref idref="fl-4"/>
      </object_component>
      <object_component id="oc-259">
         <name>.text:bme280_set_standby_durn</name>
         <load_address>0x19e8</load_address>
         <run_address>0x19e8</run_address>
         <size>0x164</size>
         <input_file_ref idref="fl-4"/>
      </object_component>
      <object_component id="oc-24d">
         <name>.text:bme280_set_oversamp_pressure</name>
         <load_address>0x1b4c</load_address>
         <run_address>0x1b4c</run_address>
         <size>0x158</size>
         <input_file_ref idref="fl-4"/>
      </object_component>
      <object_component id="oc-e6">
         <name>.text:cbfifo_dequeue</name>
         <load_address>0x1ca4</load_address>
         <run_address>0x1ca4</run_address>
         <size>0x148</size>
         <input_file_ref idref="fl-6"/>
      </object_component>
      <object_component id="oc-3ae">
         <name>.text:_pconv_e</name>
         <load_address>0x1dec</load_address>
         <run_address>0x1dec</run_address>
         <size>0x13c</size>
         <input_file_ref idref="fl-d2"/>
      </object_component>
      <object_component id="oc-45c">
         <name>.text:readI2C</name>
         <load_address>0x1f28</load_address>
         <run_address>0x1f28</run_address>
         <size>0x138</size>
         <input_file_ref idref="fl-9"/>
      </object_component>
      <object_component id="oc-169">
         <name>.text</name>
         <load_address>0x2060</load_address>
         <run_address>0x2060</run_address>
         <size>0x136</size>
         <input_file_ref idref="fl-df"/>
      </object_component>
      <object_component id="oc-3d8">
         <name>.text:_nop</name>
         <load_address>0x2196</load_address>
         <run_address>0x2196</run_address>
         <size>0x2</size>
         <input_file_ref idref="fl-ea"/>
      </object_component>
      <object_component id="oc-283">
         <name>.text:bme280_compensate_pressure_int32</name>
         <load_address>0x2198</load_address>
         <run_address>0x2198</run_address>
         <size>0x130</size>
         <input_file_ref idref="fl-4"/>
      </object_component>
      <object_component id="oc-4a0">
         <name>.text:fcvt</name>
         <load_address>0x22c8</load_address>
         <run_address>0x22c8</run_address>
         <size>0x124</size>
         <input_file_ref idref="fl-d2"/>
      </object_component>
      <object_component id="oc-3e6">
         <name>.text:fputs</name>
         <load_address>0x23ec</load_address>
         <run_address>0x23ec</run_address>
         <size>0x114</size>
         <input_file_ref idref="fl-d5"/>
      </object_component>
      <object_component id="oc-4b4">
         <name>.text:scalbn</name>
         <load_address>0x2500</load_address>
         <run_address>0x2500</run_address>
         <size>0x110</size>
         <input_file_ref idref="fl-d9"/>
      </object_component>
      <object_component id="oc-342">
         <name>.text:_CSComputeCLKFrequency</name>
         <load_address>0x2610</load_address>
         <run_address>0x2610</run_address>
         <size>0x104</size>
         <input_file_ref idref="fl-16"/>
      </object_component>
      <object_component id="oc-608">
         <name>.text:aligned_alloc</name>
         <load_address>0x2714</load_address>
         <run_address>0x2714</run_address>
         <size>0x100</size>
         <input_file_ref idref="fl-f2"/>
      </object_component>
      <object_component id="oc-164">
         <name>.text</name>
         <load_address>0x2814</load_address>
         <run_address>0x2814</run_address>
         <size>0xfc</size>
         <input_file_ref idref="fl-e0"/>
      </object_component>
      <object_component id="oc-44b">
         <name>.text:CS_getDCOFrequency</name>
         <load_address>0x2910</load_address>
         <run_address>0x2910</run_address>
         <size>0xf8</size>
         <input_file_ref idref="fl-16"/>
      </object_component>
      <object_component id="oc-14d">
         <name>.text:bme280_data_readout_template</name>
         <load_address>0x2a08</load_address>
         <run_address>0x2a08</run_address>
         <size>0xf0</size>
         <input_file_ref idref="fl-5"/>
      </object_component>
      <object_component id="oc-88">
         <name>.text:EUSCIB1_IRQHandler</name>
         <load_address>0x2af8</load_address>
         <run_address>0x2af8</run_address>
         <size>0xec</size>
         <input_file_ref idref="fl-9"/>
      </object_component>
      <object_component id="oc-455">
         <name>.text:writeI2C</name>
         <load_address>0x2be4</load_address>
         <run_address>0x2be4</run_address>
         <size>0xe8</size>
         <input_file_ref idref="fl-9"/>
      </object_component>
      <object_component id="oc-331">
         <name>.text:CS_startHFXTWithTimeout</name>
         <load_address>0x2ccc</load_address>
         <run_address>0x2ccc</run_address>
         <size>0xe4</size>
         <input_file_ref idref="fl-16"/>
      </object_component>
      <object_component id="oc-5c6">
         <name>.text:free</name>
         <load_address>0x2db0</load_address>
         <run_address>0x2db0</run_address>
         <size>0xe4</size>
         <input_file_ref idref="fl-f2"/>
      </object_component>
      <object_component id="oc-338">
         <name>.text:CS_startLFXTWithTimeout</name>
         <load_address>0x2e94</load_address>
         <run_address>0x2e94</run_address>
         <size>0xe0</size>
         <input_file_ref idref="fl-16"/>
      </object_component>
      <object_component id="oc-431">
         <name>.text:_CSGetHFXTFrequency</name>
         <load_address>0x2f74</load_address>
         <run_address>0x2f74</run_address>
         <size>0xdc</size>
         <input_file_ref idref="fl-16"/>
      </object_component>
      <object_component id="oc-589">
         <name>.text:setvbuf</name>
         <load_address>0x3050</load_address>
         <run_address>0x3050</run_address>
         <size>0xdc</size>
         <input_file_ref idref="fl-d7"/>
      </object_component>
      <object_component id="oc-289">
         <name>.text:bme280_compensate_humidity_int32</name>
         <load_address>0x312c</load_address>
         <run_address>0x312c</run_address>
         <size>0xbc</size>
         <input_file_ref idref="fl-4"/>
      </object_component>
      <object_component id="oc-e0">
         <name>.text:cbfifo_enqueue</name>
         <load_address>0x31e8</load_address>
         <run_address>0x31e8</run_address>
         <size>0xbc</size>
         <input_file_ref idref="fl-6"/>
      </object_component>
      <object_component id="oc-135">
         <name>.text:setSystemClock</name>
         <load_address>0x32a4</load_address>
         <run_address>0x32a4</run_address>
         <size>0xb4</size>
         <input_file_ref idref="fl-a"/>
      </object_component>
      <object_component id="oc-397">
         <name>.text:_ltostr</name>
         <load_address>0x3358</load_address>
         <run_address>0x3358</run_address>
         <size>0xb1</size>
         <input_file_ref idref="fl-d2"/>
      </object_component>
      <object_component id="oc-3a">
         <name>.text</name>
         <load_address>0x340a</load_address>
         <run_address>0x340a</run_address>
         <size>0x9c</size>
         <input_file_ref idref="fl-e5"/>
      </object_component>
      <object_component id="oc-550">
         <name>.text</name>
         <load_address>0x34a6</load_address>
         <run_address>0x34a6</run_address>
         <size>0x2</size>
         <input_file_ref idref="fl-fd"/>
      </object_component>
      <object_component id="oc-277">
         <name>.text:bme280_read_uncomp_pressure_temperature_humidity</name>
         <load_address>0x34a8</load_address>
         <run_address>0x34a8</run_address>
         <size>0x98</size>
         <input_file_ref idref="fl-4"/>
      </object_component>
      <object_component id="oc-472">
         <name>.text</name>
         <load_address>0x3540</load_address>
         <run_address>0x3540</run_address>
         <size>0x96</size>
         <input_file_ref idref="fl-db"/>
      </object_component>
      <object_component id="oc-51b">
         <name>.text:SysCtl_A_getTLVInfo</name>
         <load_address>0x35d8</load_address>
         <run_address>0x35d8</run_address>
         <size>0x94</size>
         <input_file_ref idref="fl-1a"/>
      </object_component>
      <object_component id="oc-13b">
         <name>.text:UART0_Init</name>
         <load_address>0x366c</load_address>
         <run_address>0x366c</run_address>
         <size>0x94</size>
         <input_file_ref idref="fl-3"/>
      </object_component>
      <object_component id="oc-3ed">
         <name>.text:fputc</name>
         <load_address>0x3700</load_address>
         <run_address>0x3700</run_address>
         <size>0x8c</size>
         <input_file_ref idref="fl-d4"/>
      </object_component>
      <object_component id="oc-231">
         <name>.text:GPIO_setAsPeripheralModuleFunctionOutputPin</name>
         <load_address>0x378c</load_address>
         <run_address>0x378c</run_address>
         <size>0x88</size>
         <input_file_ref idref="fl-17"/>
      </object_component>
      <object_component id="oc-39d">
         <name>.text:__aeabi_cdcmple</name>
         <load_address>0x3814</load_address>
         <run_address>0x3814</run_address>
         <size>0x86</size>
         <input_file_ref idref="fl-de"/>
      </object_component>
      <object_component id="oc-479">
         <name>.text:__aeabi_cdrcmple</name>
         <load_address>0x389a</load_address>
         <run_address>0x389a</run_address>
         <size>0x86</size>
         <input_file_ref idref="fl-de"/>
      </object_component>
      <object_component id="oc-521">
         <name>.text:_CSGetDOCFrequency</name>
         <load_address>0x3920</load_address>
         <run_address>0x3920</run_address>
         <size>0x7c</size>
         <input_file_ref idref="fl-16"/>
      </object_component>
      <object_component id="oc-27d">
         <name>.text:bme280_compensate_temperature_int32</name>
         <load_address>0x399c</load_address>
         <run_address>0x399c</run_address>
         <size>0x7c</size>
         <input_file_ref idref="fl-4"/>
      </object_component>
      <object_component id="oc-416">
         <name>.text:fflush</name>
         <load_address>0x3a18</load_address>
         <run_address>0x3a18</run_address>
         <size>0x7c</size>
         <input_file_ref idref="fl-fa"/>
      </object_component>
      <object_component id="oc-b8">
         <name>.text</name>
         <load_address>0x3a94</load_address>
         <run_address>0x3a94</run_address>
         <size>0x7a</size>
         <input_file_ref idref="fl-dc"/>
      </object_component>
      <object_component id="oc-d6">
         <name>.text:SystemInit</name>
         <load_address>0x3b10</load_address>
         <run_address>0x3b10</run_address>
         <size>0x78</size>
         <input_file_ref idref="fl-b"/>
      </object_component>
      <object_component id="oc-60f">
         <name>.text:__TI_closefile</name>
         <load_address>0x3b88</load_address>
         <run_address>0x3b88</run_address>
         <size>0x74</size>
         <input_file_ref idref="fl-10b"/>
      </object_component>
      <object_component id="oc-64d">
         <name>.text:split</name>
         <load_address>0x3bfc</load_address>
         <run_address>0x3bfc</run_address>
         <size>0x70</size>
         <input_file_ref idref="fl-f2"/>
      </object_component>
      <object_component id="oc-499">
         <name>.text:_mcpy</name>
         <load_address>0x3c6c</load_address>
         <run_address>0x3c6c</run_address>
         <size>0x6e</size>
         <input_file_ref idref="fl-d2"/>
      </object_component>
      <object_component id="oc-16e">
         <name>.text</name>
         <load_address>0x3cda</load_address>
         <run_address>0x3cda</run_address>
         <size>0x6e</size>
         <input_file_ref idref="fl-e2"/>
      </object_component>
      <object_component id="oc-63c">
         <name>.text:HOSTrename</name>
         <load_address>0x3d48</load_address>
         <run_address>0x3d48</run_address>
         <size>0x6c</size>
         <input_file_ref idref="fl-105"/>
      </object_component>
      <object_component id="oc-82">
         <name>.text:EUSCIA0_IRQHandler</name>
         <load_address>0x3db4</load_address>
         <run_address>0x3db4</run_address>
         <size>0x68</size>
         <input_file_ref idref="fl-3"/>
      </object_component>
      <object_component id="oc-630">
         <name>.text:HOSTlseek</name>
         <load_address>0x3e1c</load_address>
         <run_address>0x3e1c</run_address>
         <size>0x68</size>
         <input_file_ref idref="fl-102"/>
      </object_component>
      <object_component id="oc-539">
         <name>.text:I2C_masterSendMultiByteStart</name>
         <load_address>0x3e84</load_address>
         <run_address>0x3e84</run_address>
         <size>0x68</size>
         <input_file_ref idref="fl-18"/>
      </object_component>
      <object_component id="oc-17">
         <name>.text:decompress:lzss:__TI_decompress_lzss</name>
         <load_address>0x3eec</load_address>
         <run_address>0x3eec</run_address>
         <size>0x68</size>
         <input_file_ref idref="fl-e8"/>
      </object_component>
      <object_component id="oc-173">
         <name>.text:printf</name>
         <load_address>0x3f54</load_address>
         <run_address>0x3f54</run_address>
         <size>0x68</size>
         <input_file_ref idref="fl-d1"/>
      </object_component>
      <object_component id="oc-159">
         <name>.text:bme280_read_pressure_temperature_humidity</name>
         <load_address>0x3fbc</load_address>
         <run_address>0x3fbc</run_address>
         <size>0x64</size>
         <input_file_ref idref="fl-4"/>
      </object_component>
      <object_component id="oc-26b">
         <name>.text:bme280_read_uncomp_pressure</name>
         <load_address>0x4020</load_address>
         <run_address>0x4020</run_address>
         <size>0x64</size>
         <input_file_ref idref="fl-4"/>
      </object_component>
      <object_component id="oc-265">
         <name>.text:bme280_read_uncomp_temperature</name>
         <load_address>0x4084</load_address>
         <run_address>0x4084</run_address>
         <size>0x64</size>
         <input_file_ref idref="fl-4"/>
      </object_component>
      <object_component id="oc-4ae">
         <name>.text:frexp</name>
         <load_address>0x40e8</load_address>
         <run_address>0x40e8</run_address>
         <size>0x64</size>
         <input_file_ref idref="fl-d8"/>
      </object_component>
      <object_component id="oc-583">
         <name>.text:fseek</name>
         <load_address>0x414c</load_address>
         <run_address>0x414c</run_address>
         <size>0x64</size>
         <input_file_ref idref="fl-fc"/>
      </object_component>
      <object_component id="oc-43f">
         <name>.text:_CSGetDividerValue</name>
         <load_address>0x41b0</load_address>
         <run_address>0x41b0</run_address>
         <size>0x62</size>
         <input_file_ref idref="fl-16"/>
      </object_component>
      <object_component id="oc-4e5">
         <name>.text:__TI_wrt_ok</name>
         <load_address>0x4212</load_address>
         <run_address>0x4212</run_address>
         <size>0x62</size>
         <input_file_ref idref="fl-d6"/>
      </object_component>
      <object_component id="oc-618">
         <name>.text:HOSTopen</name>
         <load_address>0x4274</load_address>
         <run_address>0x4274</run_address>
         <size>0x60</size>
         <input_file_ref idref="fl-103"/>
      </object_component>
      <object_component id="oc-1d1">
         <name>.text:check_cbfifo_full</name>
         <load_address>0x42d4</load_address>
         <run_address>0x42d4</run_address>
         <size>0x5e</size>
         <input_file_ref idref="fl-6"/>
      </object_component>
      <object_component id="oc-241">
         <name>.text:bme280_init</name>
         <load_address>0x4334</load_address>
         <run_address>0x4334</run_address>
         <size>0x5c</size>
         <input_file_ref idref="fl-4"/>
      </object_component>
      <object_component id="oc-271">
         <name>.text:bme280_read_uncomp_humidity</name>
         <load_address>0x4390</load_address>
         <run_address>0x4390</run_address>
         <size>0x5c</size>
         <input_file_ref idref="fl-4"/>
      </object_component>
      <object_component id="oc-654">
         <name>.text:close</name>
         <load_address>0x43ec</load_address>
         <run_address>0x43ec</run_address>
         <size>0x5c</size>
         <input_file_ref idref="fl-111"/>
      </object_component>
      <object_component id="oc-624">
         <name>.text:HOSTread</name>
         <load_address>0x4448</load_address>
         <run_address>0x4448</run_address>
         <size>0x58</size>
         <input_file_ref idref="fl-104"/>
      </object_component>
      <object_component id="oc-62a">
         <name>.text:HOSTwrite</name>
         <load_address>0x44a0</load_address>
         <run_address>0x44a0</run_address>
         <size>0x58</size>
         <input_file_ref idref="fl-107"/>
      </object_component>
      <object_component id="oc-3a8">
         <name>.text:_pconv_f</name>
         <load_address>0x44f8</load_address>
         <run_address>0x44f8</run_address>
         <size>0x56</size>
         <input_file_ref idref="fl-d2"/>
      </object_component>
      <object_component id="oc-483">
         <name>.text:__TI_ltoa</name>
         <load_address>0x454e</load_address>
         <run_address>0x454e</run_address>
         <size>0x54</size>
         <input_file_ref idref="fl-eb"/>
      </object_component>
      <object_component id="oc-298">
         <name>.text:bme280_get_power_mode</name>
         <load_address>0x45a4</load_address>
         <run_address>0x45a4</run_address>
         <size>0x54</size>
         <input_file_ref idref="fl-4"/>
      </object_component>
      <object_component id="oc-25f">
         <name>.text:bme280_get_standby_durn</name>
         <load_address>0x45f8</load_address>
         <run_address>0x45f8</run_address>
         <size>0x54</size>
         <input_file_ref idref="fl-4"/>
      </object_component>
      <object_component id="oc-493">
         <name>.text:_ecpy</name>
         <load_address>0x464c</load_address>
         <run_address>0x464c</run_address>
         <size>0x52</size>
         <input_file_ref idref="fl-d2"/>
      </object_component>
      <object_component id="oc-8e">
         <name>.text:PORT1_IRQHandler</name>
         <load_address>0x46a0</load_address>
         <run_address>0x46a0</run_address>
         <size>0x50</size>
         <input_file_ref idref="fl-a"/>
      </object_component>
      <object_component id="oc-4f1">
         <name>.text:__TI_doflush</name>
         <load_address>0x46f0</load_address>
         <run_address>0x46f0</run_address>
         <size>0x4c</size>
         <input_file_ref idref="fl-fa"/>
      </object_component>
      <object_component id="oc-391">
         <name>.text:atoi</name>
         <load_address>0x473c</load_address>
         <run_address>0x473c</run_address>
         <size>0x4c</size>
         <input_file_ref idref="fl-ed"/>
      </object_component>
      <object_component id="oc-2aa">
         <name>.text:bme280_read_register</name>
         <load_address>0x4788</load_address>
         <run_address>0x4788</run_address>
         <size>0x4c</size>
         <input_file_ref idref="fl-4"/>
      </object_component>
      <object_component id="oc-2a4">
         <name>.text:bme280_write_register</name>
         <load_address>0x47d4</load_address>
         <run_address>0x47d4</run_address>
         <size>0x4c</size>
         <input_file_ref idref="fl-4"/>
      </object_component>
      <object_component id="oc-224">
         <name>.text:uart_prime_tx</name>
         <load_address>0x4820</load_address>
         <run_address>0x4820</run_address>
         <size>0x4c</size>
         <input_file_ref idref="fl-3"/>
      </object_component>
      <object_component id="oc-1cb">
         <name>.text:cbfifo_length</name>
         <load_address>0x486c</load_address>
         <run_address>0x486c</run_address>
         <size>0x48</size>
         <input_file_ref idref="fl-6"/>
      </object_component>
      <object_component id="oc-192">
         <name>.text:exit</name>
         <load_address>0x48b4</load_address>
         <run_address>0x48b4</run_address>
         <size>0x48</size>
         <input_file_ref idref="fl-e9"/>
      </object_component>
      <object_component id="oc-47e">
         <name>.text</name>
         <load_address>0x48fc</load_address>
         <run_address>0x48fc</run_address>
         <size>0x48</size>
         <input_file_ref idref="fl-e1"/>
      </object_component>
      <object_component id="oc-21d">
         <name>.text:Init_cbfifo</name>
         <load_address>0x4944</load_address>
         <run_address>0x4944</run_address>
         <size>0x46</size>
         <input_file_ref idref="fl-6"/>
      </object_component>
      <object_component id="oc-61e">
         <name>.text:HOSTclose</name>
         <load_address>0x498c</load_address>
         <run_address>0x498c</run_address>
         <size>0x44</size>
         <input_file_ref idref="fl-101"/>
      </object_component>
      <object_component id="oc-636">
         <name>.text:HOSTunlink</name>
         <load_address>0x49d0</load_address>
         <run_address>0x49d0</run_address>
         <size>0x44</size>
         <input_file_ref idref="fl-106"/>
      </object_component>
      <object_component id="oc-94">
         <name>.text:PORT5_IRQHandler</name>
         <load_address>0x4a14</load_address>
         <run_address>0x4a14</run_address>
         <size>0x44</size>
         <input_file_ref idref="fl-a"/>
      </object_component>
      <object_component id="oc-198">
         <name>.text:__TI_auto_init_nobinit_nopinit:__TI_auto_init_nobinit_nopinit</name>
         <load_address>0x4a58</load_address>
         <run_address>0x4a58</run_address>
         <size>0x44</size>
         <input_file_ref idref="fl-fe"/>
      </object_component>
      <object_component id="oc-29e">
         <name>.text:bme280_set_soft_rst</name>
         <load_address>0x4a9c</load_address>
         <run_address>0x4a9c</run_address>
         <size>0x44</size>
         <input_file_ref idref="fl-4"/>
      </object_component>
      <object_component id="oc-68a">
         <name>.text:getdevice</name>
         <load_address>0x4ae0</load_address>
         <run_address>0x4ae0</run_address>
         <size>0x44</size>
         <input_file_ref idref="fl-10c"/>
      </object_component>
      <object_component id="oc-179">
         <name>.text:sprintf</name>
         <load_address>0x4b24</load_address>
         <run_address>0x4b24</run_address>
         <size>0x40</size>
         <input_file_ref idref="fl-d3"/>
      </object_component>
      <object_component id="oc-4a6">
         <name>.text:_fcpy</name>
         <load_address>0x4b64</load_address>
         <run_address>0x4b64</run_address>
         <size>0x3e</size>
         <input_file_ref idref="fl-d2"/>
      </object_component>
      <object_component id="oc-23b">
         <name>.text:I2C_routine</name>
         <load_address>0x4ba4</load_address>
         <run_address>0x4ba4</run_address>
         <size>0x38</size>
         <input_file_ref idref="fl-5"/>
      </object_component>
      <object_component id="oc-663">
         <name>.text:__TI_writemsg</name>
         <load_address>0x4bdc</load_address>
         <run_address>0x4bdc</run_address>
         <size>0x38</size>
         <input_file_ref idref="fl-108"/>
      </object_component>
      <object_component id="oc-15f">
         <name>.text</name>
         <load_address>0x4c14</load_address>
         <run_address>0x4c14</run_address>
         <size>0x38</size>
         <input_file_ref idref="fl-e3"/>
      </object_component>
      <object_component id="oc-6ac">
         <name>.text:strncpy</name>
         <load_address>0x4c4c</load_address>
         <run_address>0x4c4c</run_address>
         <size>0x36</size>
         <input_file_ref idref="fl-10f"/>
      </object_component>
      <object_component id="oc-5d2">
         <name>.text:__TI_cleanup</name>
         <load_address>0x4c84</load_address>
         <run_address>0x4c84</run_address>
         <size>0x34</size>
         <input_file_ref idref="fl-fb"/>
      </object_component>
      <object_component id="oc-669">
         <name>.text:__TI_readmsg</name>
         <load_address>0x4cb8</load_address>
         <run_address>0x4cb8</run_address>
         <size>0x34</size>
         <input_file_ref idref="fl-108"/>
      </object_component>
      <object_component id="oc-58">
         <name>.text:_c_int00_noargs:_c_int00_noargs</name>
         <load_address>0x4cec</load_address>
         <run_address>0x4cec</run_address>
         <size>0x34</size>
         <input_file_ref idref="fl-f6"/>
      </object_component>
      <object_component id="oc-445">
         <name>.text:CS_clearInterruptFlag</name>
         <load_address>0x4d20</load_address>
         <run_address>0x4d20</run_address>
         <size>0x30</size>
         <input_file_ref idref="fl-16"/>
      </object_component>
      <object_component id="oc-217">
         <name>.text:__NVIC_EnableIRQ</name>
         <load_address>0x4d50</load_address>
         <run_address>0x4d50</run_address>
         <size>0x30</size>
         <input_file_ref idref="fl-3"/>
      </object_component>
      <object_component id="oc-6b2">
         <name>.text:finddevice</name>
         <load_address>0x4d80</load_address>
         <run_address>0x4d80</run_address>
         <size>0x30</size>
         <input_file_ref idref="fl-10c"/>
      </object_component>
      <object_component id="oc-489">
         <name>.text</name>
         <load_address>0x4db0</load_address>
         <run_address>0x4db0</run_address>
         <size>0x2e</size>
         <input_file_ref idref="fl-e4"/>
      </object_component>
      <object_component id="oc-35a">
         <name>.text:BME280_I2C_bus_read</name>
         <load_address>0x4dde</load_address>
         <run_address>0x4dde</run_address>
         <size>0x2c</size>
         <input_file_ref idref="fl-5"/>
      </object_component>
      <object_component id="oc-354">
         <name>.text:BME280_I2C_bus_write</name>
         <load_address>0x4e0a</load_address>
         <run_address>0x4e0a</run_address>
         <size>0x2c</size>
         <input_file_ref idref="fl-5"/>
      </object_component>
      <object_component id="oc-65a">
         <name>.text:unlink</name>
         <load_address>0x4e38</load_address>
         <run_address>0x4e38</run_address>
         <size>0x2c</size>
         <input_file_ref idref="fl-112"/>
      </object_component>
      <object_component id="oc-541">
         <name>.text:CS_getMCLK</name>
         <load_address>0x4e64</load_address>
         <run_address>0x4e64</run_address>
         <size>0x28</size>
         <input_file_ref idref="fl-16"/>
      </object_component>
      <object_component id="oc-22b">
         <name>.text:CS_getSMCLK</name>
         <load_address>0x4e8c</load_address>
         <run_address>0x4e8c</run_address>
         <size>0x28</size>
         <input_file_ref idref="fl-16"/>
      </object_component>
      <object_component id="oc-601">
         <name>.text:free_list_insert</name>
         <load_address>0x4eb4</load_address>
         <run_address>0x4eb4</run_address>
         <size>0x28</size>
         <input_file_ref idref="fl-f2"/>
      </object_component>
      <object_component id="oc-5be">
         <name>.text:lseek</name>
         <load_address>0x4edc</load_address>
         <run_address>0x4edc</run_address>
         <size>0x28</size>
         <input_file_ref idref="fl-10a"/>
      </object_component>
      <object_component id="oc-12f">
         <name>.text:startCrystalOscillator</name>
         <load_address>0x4f04</load_address>
         <run_address>0x4f04</run_address>
         <size>0x28</size>
         <input_file_ref idref="fl-a"/>
      </object_component>
      <object_component id="oc-141">
         <name>.text:uart_queue_str</name>
         <load_address>0x4f2c</load_address>
         <run_address>0x4f2c</run_address>
         <size>0x28</size>
         <input_file_ref idref="fl-3"/>
      </object_component>
      <object_component id="oc-4f7">
         <name>.text:write</name>
         <load_address>0x4f54</load_address>
         <run_address>0x4f54</run_address>
         <size>0x28</size>
         <input_file_ref idref="fl-f7"/>
      </object_component>
      <object_component id="oc-463">
         <name>.text:DelayMs</name>
         <load_address>0x4f7c</load_address>
         <run_address>0x4f7c</run_address>
         <size>0x26</size>
         <input_file_ref idref="fl-8"/>
      </object_component>
      <object_component id="oc-204">
         <name>.text:CS_setExternalClockSourceFrequency</name>
         <load_address>0x4fa4</load_address>
         <run_address>0x4fa4</run_address>
         <size>0x20</size>
         <input_file_ref idref="fl-16"/>
      </object_component>
      <object_component id="oc-4eb">
         <name>.text:memchr</name>
         <load_address>0x4fc4</load_address>
         <run_address>0x4fc4</run_address>
         <size>0x20</size>
         <input_file_ref idref="fl-f1"/>
      </object_component>
      <object_component id="oc-31a">
         <name>.text:_abort_msg</name>
         <load_address>0x4fe4</load_address>
         <run_address>0x4fe4</run_address>
         <size>0x1c</size>
         <input_file_ref idref="fl-ec"/>
      </object_component>
      <object_component id="oc-5fb">
         <name>.text:free_list_remove</name>
         <load_address>0x5000</load_address>
         <run_address>0x5000</run_address>
         <size>0x1c</size>
         <input_file_ref idref="fl-f2"/>
      </object_component>
      <object_component id="oc-147">
         <name>.text:initI2C</name>
         <load_address>0x501c</load_address>
         <run_address>0x501c</run_address>
         <size>0x1c</size>
         <input_file_ref idref="fl-9"/>
      </object_component>
      <object_component id="oc-3ba">
         <name>.text:memccpy</name>
         <load_address>0x5038</load_address>
         <run_address>0x5038</run_address>
         <size>0x1c</size>
         <input_file_ref idref="fl-f0"/>
      </object_component>
      <object_component id="oc-567">
         <name>.text:copysign</name>
         <load_address>0x5054</load_address>
         <run_address>0x5054</run_address>
         <size>0x1a</size>
         <input_file_ref idref="fl-da"/>
      </object_component>
      <object_component id="oc-42b">
         <name>.text:SysCtl_A_disableNMISource</name>
         <load_address>0x5070</load_address>
         <run_address>0x5070</run_address>
         <size>0x18</size>
         <input_file_ref idref="fl-1a"/>
      </object_component>
      <object_component id="oc-437">
         <name>.text:SysCtl_A_enableNMISource</name>
         <load_address>0x5088</load_address>
         <run_address>0x5088</run_address>
         <size>0x18</size>
         <input_file_ref idref="fl-1a"/>
      </object_component>
      <object_component id="oc-7c">
         <name>.text:TA0_0_IRQHandler</name>
         <load_address>0x50a0</load_address>
         <run_address>0x50a0</run_address>
         <size>0x18</size>
         <input_file_ref idref="fl-a"/>
      </object_component>
      <object_component id="oc-2dc">
         <name>.text:_outs</name>
         <load_address>0x50b8</load_address>
         <run_address>0x50b8</run_address>
         <size>0x18</size>
         <input_file_ref idref="fl-d3"/>
      </object_component>
      <object_component id="oc-6c9">
         <name>.text:strcmp</name>
         <load_address>0x50d0</load_address>
         <run_address>0x50d0</run_address>
         <size>0x18</size>
         <input_file_ref idref="fl-10d"/>
      </object_component>
      <object_component id="oc-4ba">
         <name>.text:strchr</name>
         <load_address>0x50e8</load_address>
         <run_address>0x50e8</run_address>
         <size>0x16</size>
         <input_file_ref idref="fl-f3"/>
      </object_component>
      <object_component id="oc-be">
         <name>.text:_system_pre_init</name>
         <load_address>0x5100</load_address>
         <run_address>0x5100</run_address>
         <size>0x14</size>
         <input_file_ref idref="fl-a"/>
      </object_component>
      <object_component id="oc-67d">
         <name>.text:strcpy</name>
         <load_address>0x5114</load_address>
         <run_address>0x5114</run_address>
         <size>0x14</size>
         <input_file_ref idref="fl-10e"/>
      </object_component>
      <object_component id="oc-38b">
         <name>.text:strlen</name>
         <load_address>0x5128</load_address>
         <run_address>0x5128</run_address>
         <size>0x14</size>
         <input_file_ref idref="fl-f4"/>
      </object_component>
      <object_component id="oc-20a">
         <name>.text:CS_startHFXT</name>
         <load_address>0x513c</load_address>
         <run_address>0x513c</run_address>
         <size>0x12</size>
         <input_file_ref idref="fl-16"/>
      </object_component>
      <object_component id="oc-3c0">
         <name>.text:wcslen</name>
         <load_address>0x514e</load_address>
         <run_address>0x514e</run_address>
         <size>0x12</size>
         <input_file_ref idref="fl-f9"/>
      </object_component>
      <object_component id="oc-425">
         <name>.text:SysCtl_A_getNMISourceStatus</name>
         <load_address>0x5160</load_address>
         <run_address>0x5160</run_address>
         <size>0x10</size>
         <input_file_ref idref="fl-1a"/>
      </object_component>
      <object_component id="oc-210">
         <name>.text:CS_startLFXT</name>
         <load_address>0x5170</load_address>
         <run_address>0x5170</run_address>
         <size>0xe</size>
         <input_file_ref idref="fl-16"/>
      </object_component>
      <object_component id="oc-1d">
         <name>.text:decompress:none:__TI_decompress_none</name>
         <load_address>0x517e</load_address>
         <run_address>0x517e</run_address>
         <size>0xe</size>
         <input_file_ref idref="fl-e7"/>
      </object_component>
      <object_component id="oc-360">
         <name>.text:BME280_delay_msek</name>
         <load_address>0x518c</load_address>
         <run_address>0x518c</run_address>
         <size>0xc</size>
         <input_file_ref idref="fl-5"/>
      </object_component>
      <object_component id="oc-6a">
         <name>.text:Reset_Handler</name>
         <load_address>0x5198</load_address>
         <run_address>0x5198</run_address>
         <size>0xc</size>
         <input_file_ref idref="fl-2"/>
      </object_component>
      <object_component id="oc-4c">
         <name>.text:decompress:ZI:__TI_zero_init</name>
         <load_address>0x51a4</load_address>
         <run_address>0x51a4</run_address>
         <size>0xc</size>
         <input_file_ref idref="fl-e6"/>
      </object_component>
      <object_component id="oc-2e2">
         <name>.text:_outc</name>
         <load_address>0x51b0</load_address>
         <run_address>0x51b0</run_address>
         <size>0xa</size>
         <input_file_ref idref="fl-d3"/>
      </object_component>
      <object_component id="oc-3c6">
         <name>.text:__aeabi_errno_addr</name>
         <load_address>0x51bc</load_address>
         <run_address>0x51bc</run_address>
         <size>0x8</size>
         <input_file_ref idref="fl-f5"/>
      </object_component>
      <object_component id="oc-5cc">
         <name>.text:malloc</name>
         <load_address>0x51c4</load_address>
         <run_address>0x51c4</run_address>
         <size>0x8</size>
         <input_file_ref idref="fl-f2"/>
      </object_component>
      <object_component id="oc-547">
         <name>.text:SysCtlDelay</name>
         <load_address>0x51cc</load_address>
         <run_address>0x51cc</run_address>
         <size>0x6</size>
         <input_file_ref idref="fl-8"/>
      </object_component>
      <object_component id="oc-2cf">
         <name>.text:_outc</name>
         <load_address>0x51d2</load_address>
         <run_address>0x51d2</run_address>
         <size>0x4</size>
         <input_file_ref idref="fl-d1"/>
      </object_component>
      <object_component id="oc-2c9">
         <name>.text:_outs</name>
         <load_address>0x51d6</load_address>
         <run_address>0x51d6</run_address>
         <size>0x4</size>
         <input_file_ref idref="fl-d1"/>
      </object_component>
      <object_component id="oc-18c">
         <name>.text:abort:abort</name>
         <load_address>0x51da</load_address>
         <run_address>0x51da</run_address>
         <size>0x4</size>
         <input_file_ref idref="fl-e9"/>
      </object_component>
      <object_component id="oc-46d">
         <name>.const:.string:_ctypes_</name>
         <load_address>0x51e0</load_address>
         <run_address>0x51e0</run_address>
         <size>0x101</size>
         <input_file_ref idref="fl-ee"/>
      </object_component>
      <object_component id="oc-349">
         <name>.const:GPIO_PORT_TO_BASE</name>
         <load_address>0x52e4</load_address>
         <run_address>0x52e4</run_address>
         <size>0x30</size>
         <input_file_ref idref="fl-17"/>
      </object_component>
      <object_component id="oc-188">
         <name>.const:.string:wdtWakeUpPeriod</name>
         <load_address>0x5314</load_address>
         <run_address>0x5314</run_address>
         <size>0x8</size>
         <input_file_ref idref="fl-a"/>
      </object_component>
      <object_component id="oc-185">
         <name>.const:.string:timeSamplesBME</name>
         <load_address>0x531c</load_address>
         <run_address>0x531c</run_address>
         <size>0x6</size>
         <input_file_ref idref="fl-a"/>
      </object_component>
      <object_component id="oc-709">
         <name>.cinit..data.load</name>
         <load_address>0x5328</load_address>
         <run_address>0x5328</run_address>
         <size>0x82</size>
      </object_component>
      <object_component id="oc-707">
         <name>__TI_handler_table</name>
         <load_address>0x53ac</load_address>
         <run_address>0x53ac</run_address>
         <size>0xc</size>
      </object_component>
      <object_component id="oc-70a">
         <name>.cinit..bss.load</name>
         <load_address>0x53b8</load_address>
         <run_address>0x53b8</run_address>
         <size>0x8</size>
      </object_component>
      <object_component id="oc-708">
         <name>__TI_cinit_table</name>
         <load_address>0x53c0</load_address>
         <run_address>0x53c0</run_address>
         <size>0x10</size>
      </object_component>
      <object_component id="oc-6db">
         <name>.binit</name>
         <load_address>0x0</load_address>
         <run_address>0x0</run_address>
         <size>0x0</size>
      </object_component>
      <object_component id="oc-2b3">
         <name>.data</name>
         <load_address>0x20000e70</load_address>
         <run_address>0x20000e70</run_address>
         <size>0x1</size>
         <input_file_ref idref="fl-4"/>
      </object_component>
      <object_component id="oc-fb">
         <name>.data</name>
         <load_address>0x20000e71</load_address>
         <run_address>0x20000e71</run_address>
         <size>0x1</size>
         <input_file_ref idref="fl-9"/>
      </object_component>
      <object_component id="oc-237">
         <name>.data:i2cConfig</name>
         <load_address>0x20000e2c</load_address>
         <run_address>0x20000e2c</run_address>
         <size>0x14</size>
         <input_file_ref idref="fl-9"/>
      </object_component>
      <object_component id="oc-17f">
         <name>.data</name>
         <load_address>0x20000df8</load_address>
         <run_address>0x20000df8</run_address>
         <size>0x34</size>
         <input_file_ref idref="fl-a"/>
      </object_component>
      <object_component id="oc-2fd">
         <name>.data:$O1$$</name>
         <load_address>0x20000e50</load_address>
         <run_address>0x20000e50</run_address>
         <size>0xc</size>
         <input_file_ref idref="fl-e9"/>
      </object_component>
      <object_component id="oc-2c3">
         <name>.data:$O1$$</name>
         <load_address>0x20000e5c</load_address>
         <run_address>0x20000e5c</run_address>
         <size>0x8</size>
         <input_file_ref idref="fl-ea"/>
      </object_component>
      <object_component id="oc-2c6">
         <name>.data:_ftable</name>
         <load_address>0x20000c40</load_address>
         <run_address>0x20000c40</run_address>
         <size>0xf0</size>
         <input_file_ref idref="fl-ef"/>
      </object_component>
      <object_component id="oc-50d">
         <name>.data</name>
         <load_address>0x20000e40</load_address>
         <run_address>0x20000e40</run_address>
         <size>0x10</size>
         <input_file_ref idref="fl-ef"/>
      </object_component>
      <object_component id="oc-648">
         <name>.data:$O1$$</name>
         <load_address>0x20000e64</load_address>
         <run_address>0x20000e64</run_address>
         <size>0x8</size>
         <input_file_ref idref="fl-f2"/>
      </object_component>
      <object_component id="oc-4ca">
         <name>.data</name>
         <load_address>0x20000e6c</load_address>
         <run_address>0x20000e6c</run_address>
         <size>0x4</size>
         <input_file_ref idref="fl-f5"/>
      </object_component>
      <object_component id="oc-5e3">
         <name>.data:_device</name>
         <load_address>0x20000d30</load_address>
         <run_address>0x20000d30</run_address>
         <size>0x78</size>
         <input_file_ref idref="fl-f8"/>
      </object_component>
      <object_component id="oc-594">
         <name>.data:_stream</name>
         <load_address>0x20000da8</load_address>
         <run_address>0x20000da8</run_address>
         <size>0x50</size>
         <input_file_ref idref="fl-f8"/>
      </object_component>
      <object_component id="oc-2b0">
         <name>.bss</name>
         <uninitialized>true</uninitialized>
         <run_address>0x20000c2c</run_address>
         <size>0x4</size>
         <input_file_ref idref="fl-4"/>
      </object_component>
      <object_component id="oc-328">
         <name>.bss</name>
         <uninitialized>true</uninitialized>
         <run_address>0x20000c1c</run_address>
         <size>0x8</size>
         <input_file_ref idref="fl-16"/>
      </object_component>
      <object_component id="oc-694">
         <name>.bss:_CIOBUF_</name>
         <uninitialized>true</uninitialized>
         <run_address>0x20000800</run_address>
         <size>0x120</size>
         <input_file_ref idref="fl-108"/>
      </object_component>
      <object_component id="oc-ec">
         <name>.common:Rx_cbuff0</name>
         <uninitialized>true</uninitialized>
         <run_address>0x20000920</run_address>
         <size>0x110</size>
      </object_component>
      <object_component id="oc-ef">
         <name>.common:Tx_cbuff0</name>
         <uninitialized>true</uninitialized>
         <run_address>0x20000a30</run_address>
         <size>0x110</size>
      </object_component>
      <object_component id="oc-28f">
         <name>.common:bme280</name>
         <uninitialized>true</uninitialized>
         <run_address>0x20000be0</run_address>
         <size>0x3c</size>
      </object_component>
      <object_component id="oc-f6">
         <name>.common:ui8Status</name>
         <uninitialized>true</uninitialized>
         <run_address>0x20000c3d</run_address>
         <size>0x1</size>
      </object_component>
      <object_component id="oc-f9">
         <name>.common:pData</name>
         <uninitialized>true</uninitialized>
         <run_address>0x20000c34</run_address>
         <size>0x4</size>
      </object_component>
      <object_component id="oc-fa">
         <name>.common:ui8DummyRead</name>
         <uninitialized>true</uninitialized>
         <run_address>0x20000c3c</run_address>
         <size>0x1</size>
      </object_component>
      <object_component id="oc-fe">
         <name>.common:g_ui32ByteCount</name>
         <uninitialized>true</uninitialized>
         <run_address>0x20000c30</run_address>
         <size>0x4</size>
      </object_component>
      <object_component id="oc-182">
         <name>.common:returnRslt</name>
         <uninitialized>true</uninitialized>
         <run_address>0x20000c38</run_address>
         <size>0x4</size>
      </object_component>
      <object_component id="oc-660">
         <name>.common:__TI_tmpnams</name>
         <uninitialized>true</uninitialized>
         <run_address>0x20000b40</run_address>
         <size>0xa0</size>
      </object_component>
      <object_component id="oc-66f">
         <name>.common:parmbuf</name>
         <uninitialized>true</uninitialized>
         <run_address>0x20000c24</run_address>
         <size>0x8</size>
      </object_component>
      <object_component id="oc-29">
         <name>.sysmem</name>
         <uninitialized>true</uninitialized>
         <run_address>0x20000000</run_address>
         <size>0x10</size>
         <input_file_ref idref="fl-f2"/>
      </object_component>
      <object_component id="oc-70d">
         <name>.sysmem</name>
         <uninitialized>true</uninitialized>
         <run_address>0x20000000</run_address>
         <size>0x0</size>
      </object_component>
      <object_component id="oc-2c">
         <name>.stack</name>
         <uninitialized>true</uninitialized>
         <run_address>0x2000fe00</run_address>
         <size>0x4</size>
         <input_file_ref idref="fl-f6"/>
      </object_component>
      <object_component id="oc-70c">
         <name>.stack</name>
         <uninitialized>true</uninitialized>
         <run_address>0x2000fe00</run_address>
         <size>0x0</size>
      </object_component>
      <object_component id="oc-9c">
         <name>.debug_info</name>
         <load_address>0x0</load_address>
         <run_address>0x0</run_address>
         <size>0x2e1</size>
         <input_file_ref idref="fl-2"/>
      </object_component>
      <object_component id="oc-27">
         <name>.debug_info</name>
         <load_address>0x2e1</load_address>
         <run_address>0x2e1</run_address>
         <size>0x10d</size>
         <input_file_ref idref="fl-2"/>
      </object_component>
      <object_component id="oc-6b">
         <name>.debug_info</name>
         <load_address>0x3ee</load_address>
         <run_address>0x3ee</run_address>
         <size>0x170</size>
         <input_file_ref idref="fl-2"/>
      </object_component>
      <object_component id="oc-71">
         <name>.debug_info</name>
         <load_address>0x55e</load_address>
         <run_address>0x55e</run_address>
         <size>0x158</size>
         <input_file_ref idref="fl-2"/>
      </object_component>
      <object_component id="oc-10e">
         <name>.debug_info</name>
         <load_address>0x6b6</load_address>
         <run_address>0x6b6</run_address>
         <size>0x26b</size>
         <input_file_ref idref="fl-2"/>
      </object_component>
      <object_component id="oc-35">
         <name>.debug_info</name>
         <load_address>0x921</load_address>
         <run_address>0x921</run_address>
         <size>0x84</size>
         <input_file_ref idref="fl-2"/>
      </object_component>
      <object_component id="oc-1fe">
         <name>.debug_info</name>
         <load_address>0x9a5</load_address>
         <run_address>0x9a5</run_address>
         <size>0x2a4</size>
         <input_file_ref idref="fl-2"/>
      </object_component>
      <object_component id="oc-100">
         <name>.debug_info</name>
         <load_address>0xc49</load_address>
         <run_address>0xc49</run_address>
         <size>0xef</size>
         <input_file_ref idref="fl-2"/>
      </object_component>
      <object_component id="oc-106">
         <name>.debug_info</name>
         <load_address>0xd38</load_address>
         <run_address>0xd38</run_address>
         <size>0xbb</size>
         <input_file_ref idref="fl-2"/>
      </object_component>
      <object_component id="oc-ed">
         <name>.debug_info</name>
         <load_address>0xdf3</load_address>
         <run_address>0xdf3</run_address>
         <size>0x65a</size>
         <input_file_ref idref="fl-3"/>
      </object_component>
      <object_component id="oc-218">
         <name>.debug_info</name>
         <load_address>0x144d</load_address>
         <run_address>0x144d</run_address>
         <size>0x1e3</size>
         <input_file_ref idref="fl-3"/>
      </object_component>
      <object_component id="oc-13d">
         <name>.debug_info</name>
         <load_address>0x1630</load_address>
         <run_address>0x1630</run_address>
         <size>0x167</size>
         <input_file_ref idref="fl-3"/>
      </object_component>
      <object_component id="oc-84">
         <name>.debug_info</name>
         <load_address>0x1797</load_address>
         <run_address>0x1797</run_address>
         <size>0x192</size>
         <input_file_ref idref="fl-3"/>
      </object_component>
      <object_component id="oc-226">
         <name>.debug_info</name>
         <load_address>0x1929</load_address>
         <run_address>0x1929</run_address>
         <size>0x153</size>
         <input_file_ref idref="fl-3"/>
      </object_component>
      <object_component id="oc-144">
         <name>.debug_info</name>
         <load_address>0x1a7c</load_address>
         <run_address>0x1a7c</run_address>
         <size>0x17c</size>
         <input_file_ref idref="fl-3"/>
      </object_component>
      <object_component id="oc-1dc">
         <name>.debug_info</name>
         <load_address>0x1bf8</load_address>
         <run_address>0x1bf8</run_address>
         <size>0x9b</size>
         <input_file_ref idref="fl-3"/>
      </object_component>
      <object_component id="oc-1e6">
         <name>.debug_info</name>
         <load_address>0x1c93</load_address>
         <run_address>0x1c93</run_address>
         <size>0x1028</size>
         <input_file_ref idref="fl-3"/>
      </object_component>
      <object_component id="oc-1e1">
         <name>.debug_info</name>
         <load_address>0x2cbb</load_address>
         <run_address>0x2cbb</run_address>
         <size>0x37e2</size>
         <input_file_ref idref="fl-3"/>
      </object_component>
      <object_component id="oc-f1">
         <name>.debug_info</name>
         <load_address>0x649d</load_address>
         <run_address>0x649d</run_address>
         <size>0x8b</size>
         <input_file_ref idref="fl-3"/>
      </object_component>
      <object_component id="oc-1eb">
         <name>.debug_info</name>
         <load_address>0x6528</load_address>
         <run_address>0x6528</run_address>
         <size>0x53</size>
         <input_file_ref idref="fl-3"/>
      </object_component>
      <object_component id="oc-2d7">
         <name>.debug_info</name>
         <load_address>0x657b</load_address>
         <run_address>0x657b</run_address>
         <size>0x2c</size>
         <input_file_ref idref="fl-3"/>
      </object_component>
      <object_component id="oc-2b8">
         <name>.debug_info</name>
         <load_address>0x65a7</load_address>
         <run_address>0x65a7</run_address>
         <size>0x30f</size>
         <input_file_ref idref="fl-4"/>
      </object_component>
      <object_component id="oc-2b1">
         <name>.debug_info</name>
         <load_address>0x68b6</load_address>
         <run_address>0x68b6</run_address>
         <size>0xee</size>
         <input_file_ref idref="fl-4"/>
      </object_component>
      <object_component id="oc-2b4">
         <name>.debug_info</name>
         <load_address>0x69a4</load_address>
         <run_address>0x69a4</run_address>
         <size>0x10a</size>
         <input_file_ref idref="fl-4"/>
      </object_component>
      <object_component id="oc-243">
         <name>.debug_info</name>
         <load_address>0x6aae</load_address>
         <run_address>0x6aae</run_address>
         <size>0x1ba</size>
         <input_file_ref idref="fl-4"/>
      </object_component>
      <object_component id="oc-266">
         <name>.debug_info</name>
         <load_address>0x6c68</load_address>
         <run_address>0x6c68</run_address>
         <size>0x21a</size>
         <input_file_ref idref="fl-4"/>
      </object_component>
      <object_component id="oc-27f">
         <name>.debug_info</name>
         <load_address>0x6e82</load_address>
         <run_address>0x6e82</run_address>
         <size>0x230</size>
         <input_file_ref idref="fl-4"/>
      </object_component>
      <object_component id="oc-26c">
         <name>.debug_info</name>
         <load_address>0x70b2</load_address>
         <run_address>0x70b2</run_address>
         <size>0x206</size>
         <input_file_ref idref="fl-4"/>
      </object_component>
      <object_component id="oc-285">
         <name>.debug_info</name>
         <load_address>0x72b8</load_address>
         <run_address>0x72b8</run_address>
         <size>0x221</size>
         <input_file_ref idref="fl-4"/>
      </object_component>
      <object_component id="oc-272">
         <name>.debug_info</name>
         <load_address>0x74d9</load_address>
         <run_address>0x74d9</run_address>
         <size>0x209</size>
         <input_file_ref idref="fl-4"/>
      </object_component>
      <object_component id="oc-28b">
         <name>.debug_info</name>
         <load_address>0x76e2</load_address>
         <run_address>0x76e2</run_address>
         <size>0x1e3</size>
         <input_file_ref idref="fl-4"/>
      </object_component>
      <object_component id="oc-278">
         <name>.debug_info</name>
         <load_address>0x78c5</load_address>
         <run_address>0x78c5</run_address>
         <size>0x30d</size>
         <input_file_ref idref="fl-4"/>
      </object_component>
      <object_component id="oc-15a">
         <name>.debug_info</name>
         <load_address>0x7bd2</load_address>
         <run_address>0x7bd2</run_address>
         <size>0x3c8</size>
         <input_file_ref idref="fl-4"/>
      </object_component>
      <object_component id="oc-368">
         <name>.debug_info</name>
         <load_address>0x7f9a</load_address>
         <run_address>0x7f9a</run_address>
         <size>0x19f</size>
         <input_file_ref idref="fl-4"/>
      </object_component>
      <object_component id="oc-254">
         <name>.debug_info</name>
         <load_address>0x8139</load_address>
         <run_address>0x8139</run_address>
         <size>0x354</size>
         <input_file_ref idref="fl-4"/>
      </object_component>
      <object_component id="oc-24e">
         <name>.debug_info</name>
         <load_address>0x848d</load_address>
         <run_address>0x848d</run_address>
         <size>0x34e</size>
         <input_file_ref idref="fl-4"/>
      </object_component>
      <object_component id="oc-248">
         <name>.debug_info</name>
         <load_address>0x87db</load_address>
         <run_address>0x87db</run_address>
         <size>0x362</size>
         <input_file_ref idref="fl-4"/>
      </object_component>
      <object_component id="oc-299">
         <name>.debug_info</name>
         <load_address>0x8b3d</load_address>
         <run_address>0x8b3d</run_address>
         <size>0x1da</size>
         <input_file_ref idref="fl-4"/>
      </object_component>
      <object_component id="oc-154">
         <name>.debug_info</name>
         <load_address>0x8d17</load_address>
         <run_address>0x8d17</run_address>
         <size>0x364</size>
         <input_file_ref idref="fl-4"/>
      </object_component>
      <object_component id="oc-29f">
         <name>.debug_info</name>
         <load_address>0x907b</load_address>
[...]
         <object_component_ref idref="oc-472"/>
      </symbol>
      <symbol id="sm-802">
         <name>__aeabi_memset</name>
         <value>0x3a97</value>
         <object_component_ref idref="oc-b8"/>
      </symbol>
      <symbol id="sm-803">
         <name>memset</name>
         <value>0x3a9d</value>
         <object_component_ref idref="oc-b8"/>
      </symbol>
      <symbol id="sm-804">
         <name>__aeabi_memset8</name>
         <value>0x3a97</value>
         <object_component_ref idref="oc-b8"/>
      </symbol>
      <symbol id="sm-805">
         <name>__aeabi_memset4</name>
         <value>0x3a97</value>
         <object_component_ref idref="oc-b8"/>
      </symbol>
      <symbol id="sm-806">
         <name>__aeabi_memclr8</name>
         <value>0x3a95</value>
         <object_component_ref idref="oc-b8"/>
      </symbol>
      <symbol id="sm-807">
         <name>__aeabi_memclr4</name>
         <value>0x3a95</value>
         <object_component_ref idref="oc-b8"/>
      </symbol>
      <symbol id="sm-808">
         <name>__aeabi_memclr</name>
         <value>0x3a95</value>
         <object_component_ref idref="oc-b8"/>
      </symbol>
      <symbol id="sm-81f">
         <name>__aeabi_dsub</name>
         <value>0x1219</value>
         <object_component_ref idref="oc-48e"/>
      </symbol>
      <symbol id="sm-820">
         <name>__aeabi_dadd</name>
         <value>0x1223</value>
         <object_component_ref idref="oc-48e"/>
      </symbol>
      <symbol id="sm-842">
         <name>__aeabi_cdcmpeq</name>
         <value>0x3815</value>
         <object_component_ref idref="oc-39d"/>
      </symbol>
      <symbol id="sm-843">
         <name>__aeabi_cdcmple</name>
         <value>0x3815</value>
         <object_component_ref idref="oc-39d"/>
      </symbol>
      <symbol id="sm-844">
         <name>__aeabi_cdrcmple</name>
         <value>0x389b</value>
         <object_component_ref idref="oc-479"/>
      </symbol>
      <symbol id="sm-858">
         <name>__aeabi_ddiv</name>
         <value>0x2061</value>
         <object_component_ref idref="oc-169"/>
      </symbol>
      <symbol id="sm-863">
         <name>__aeabi_dmul</name>
         <value>0x2815</value>
         <object_component_ref idref="oc-164"/>
      </symbol>
      <symbol id="sm-86d">
         <name>__aeabi_d2iz</name>
         <value>0x48fd</value>
         <object_component_ref idref="oc-47e"/>
      </symbol>
      <symbol id="sm-879">
         <name>__aeabi_d2f</name>
         <value>0x3cdb</value>
         <object_component_ref idref="oc-16e"/>
      </symbol>
      <symbol id="sm-884">
         <name>__aeabi_f2d</name>
         <value>0x4c15</value>
         <object_component_ref idref="oc-15f"/>
      </symbol>
      <symbol id="sm-88e">
         <name>__aeabi_i2d</name>
         <value>0x4db1</value>
         <object_component_ref idref="oc-489"/>
      </symbol>
      <symbol id="sm-8a9">
         <name>memcpy</name>
         <value>0x340b</value>
         <object_component_ref idref="oc-3a"/>
      </symbol>
      <symbol id="sm-8aa">
         <name>__aeabi_memcpy</name>
         <value>0x340b</value>
         <object_component_ref idref="oc-3a"/>
      </symbol>
      <symbol id="sm-8ab">
         <name>__aeabi_memcpy8</name>
         <value>0x340b</value>
         <object_component_ref idref="oc-3a"/>
      </symbol>
      <symbol id="sm-8ac">
         <name>__aeabi_memcpy4</name>
         <value>0x340b</value>
         <object_component_ref idref="oc-3a"/>
      </symbol>
      <symbol id="sm-8be">
         <name>__TI_zero_init</name>
         <value>0x51a5</value>
         <object_component_ref idref="oc-4c"/>
      </symbol>
      <symbol id="sm-8d5">
         <name>__TI_decompress_none</name>
         <value>0x517f</value>
         <object_component_ref idref="oc-1d"/>
      </symbol>
      <symbol id="sm-8f8">
         <name>__TI_decompress_lzss</name>
         <value>0x3eed</value>
         <object_component_ref idref="oc-17"/>
      </symbol>
      <symbol id="sm-91e">
         <name>C$$EXIT</name>
         <value>0x51db</value>
         <object_component_ref idref="oc-18c"/>
      </symbol>
      <symbol id="sm-91f">
         <name>abort</name>
         <value>0x51db</value>
         <object_component_ref idref="oc-18c"/>
      </symbol>
      <symbol id="sm-920">
         <name>__TI_dtors_ptr</name>
         <value>0x20000e54</value>
         <object_component_ref idref="oc-2fd"/>
      </symbol>
      <symbol id="sm-921">
         <name>__TI_cleanup_ptr</name>
         <value>0x20000e50</value>
         <object_component_ref idref="oc-2fd"/>
      </symbol>
      <symbol id="sm-922">
         <name>__TI_enable_exit_profile_output</name>
         <value>0x20000e58</value>
         <object_component_ref idref="oc-2fd"/>
      </symbol>
      <symbol id="sm-923">
         <name>exit</name>
         <value>0x48b5</value>
         <object_component_ref idref="oc-192"/>
      </symbol>
      <symbol id="sm-938">
         <name>_nop</name>
         <value>0x2197</value>
         <object_component_ref idref="oc-3d8"/>
      </symbol>
      <symbol id="sm-939">
         <name>_lock</name>
         <value>0x20000e5c</value>
         <object_component_ref idref="oc-2c3"/>
      </symbol>
      <symbol id="sm-93a">
         <name>_unlock</name>
         <value>0x20000e60</value>
         <object_component_ref idref="oc-2c3"/>
      </symbol>
      <symbol id="sm-949">
         <name>__TI_ltoa</name>
         <value>0x454f</value>
         <object_component_ref idref="oc-483"/>
      </symbol>
      <symbol id="sm-958">
         <name>_abort_msg</name>
         <value>0x4fe5</value>
         <object_component_ref idref="oc-31a"/>
      </symbol>
      <symbol id="sm-96e">
         <name>atoi</name>
         <value>0x473d</value>
         <object_component_ref idref="oc-391"/>
      </symbol>
      <symbol id="sm-979">
         <name>_ctypes_</name>
         <value>0x51e0</value>
         <object_component_ref idref="oc-46d"/>
      </symbol>
      <symbol id="sm-98e">
         <name>__TI_tmpnams</name>
         <value>0x20000b40</value>
      </symbol>
      <symbol id="sm-98f">
         <name>__aeabi_stdout</name>
         <value>0x20000e48</value>
         <object_component_ref idref="oc-50d"/>
      </symbol>
      <symbol id="sm-990">
         <name>__aeabi_stderr</name>
         <value>0x20000e4c</value>
         <object_component_ref idref="oc-50d"/>
      </symbol>
      <symbol id="sm-991">
         <name>__aeabi_stdin</name>
         <value>0x20000e44</value>
         <object_component_ref idref="oc-50d"/>
      </symbol>
      <symbol id="sm-992">
         <name>_ftable</name>
         <value>0x20000c40</value>
         <object_component_ref idref="oc-2c6"/>
      </symbol>
      <symbol id="sm-993">
         <name>__TI_ft_end</name>
         <value>0x20000e40</value>
         <object_component_ref idref="oc-50d"/>
      </symbol>
      <symbol id="sm-9a3">
         <name>memccpy</name>
         <value>0x5039</value>
         <object_component_ref idref="oc-3ba"/>
      </symbol>
      <symbol id="sm-9b3">
         <name>memchr</name>
         <value>0x4fc5</value>
         <object_component_ref idref="oc-4eb"/>
      </symbol>
      <symbol id="sm-a3c">
         <name>_sys_memory</name>
         <value>0x20000000</value>
         <object_component_ref idref="oc-29"/>
      </symbol>
      <symbol id="sm-a3d">
         <name>free</name>
         <value>0x2db1</value>
         <object_component_ref idref="oc-5c6"/>
      </symbol>
      <symbol id="sm-a3e">
         <name>memalign</name>
         <value>0x2715</value>
         <object_component_ref idref="oc-608"/>
      </symbol>
      <symbol id="sm-a3f">
         <name>malloc</name>
         <value>0x51c5</value>
         <object_component_ref idref="oc-5cc"/>
      </symbol>
      <symbol id="sm-a40">
         <name>aligned_alloc</name>
         <value>0x2715</value>
         <object_component_ref idref="oc-608"/>
      </symbol>
      <symbol id="sm-a50">
         <name>strchr</name>
         <value>0x50e9</value>
         <object_component_ref idref="oc-4ba"/>
      </symbol>
      <symbol id="sm-a5e">
         <name>strlen</name>
         <value>0x5129</value>
         <object_component_ref idref="oc-38b"/>
      </symbol>
      <symbol id="sm-a74">
         <name>__aeabi_errno_addr</name>
         <value>0x51bd</value>
         <object_component_ref idref="oc-3c6"/>
      </symbol>
      <symbol id="sm-a75">
         <name>errno</name>
         <value>0x20000e6c</value>
         <object_component_ref idref="oc-4ca"/>
      </symbol>
      <symbol id="sm-a88">
         <name>__stack</name>
         <value>0x2000fe00</value>
         <object_component_ref idref="oc-2c"/>
      </symbol>
      <symbol id="sm-a89">
         <name>_c_int00_noargs</name>
         <value>0x4ced</value>
         <object_component_ref idref="oc-58"/>
      </symbol>
      <symbol id="sm-aa3">
         <name>write</name>
         <value>0x4f55</value>
         <object_component_ref idref="oc-4f7"/>
      </symbol>
      <symbol id="sm-ab4">
         <name>_stream</name>
         <value>0x20000da8</value>
         <object_component_ref idref="oc-594"/>
      </symbol>
      <symbol id="sm-ab5">
         <name>_device</name>
         <value>0x20000d30</value>
         <object_component_ref idref="oc-5e3"/>
      </symbol>
      <symbol id="sm-ace">
         <name>wcslen</name>
         <value>0x514f</value>
         <object_component_ref idref="oc-3c0"/>
      </symbol>
      <symbol id="sm-aef">
         <name>__TI_doflush</name>
         <value>0x46f1</value>
         <object_component_ref idref="oc-4f1"/>
      </symbol>
      <symbol id="sm-af0">
         <name>fflush</name>
         <value>0x3a19</value>
         <object_component_ref idref="oc-416"/>
      </symbol>
      <symbol id="sm-b00">
         <name>__TI_cleanup</name>
         <value>0x4c85</value>
         <object_component_ref idref="oc-5d2"/>
      </symbol>
      <symbol id="sm-b12">
         <name>fseek</name>
         <value>0x414d</value>
         <object_component_ref idref="oc-583"/>
      </symbol>
      <symbol id="sm-b1c">
         <name>__aeabi_idiv0</name>
         <value>0x34a7</value>
         <object_component_ref idref="oc-550"/>
      </symbol>
      <symbol id="sm-b1d">
         <name>__aeabi_ldiv0</name>
         <value>0x34a7</value>
         <object_component_ref idref="oc-550"/>
      </symbol>
      <symbol id="sm-b45">
         <name>__TI_auto_init_nobinit_nopinit</name>
         <value>0x4a59</value>
         <object_component_ref idref="oc-198"/>
      </symbol>
      <symbol id="sm-b58">
         <name>HOSTclose</name>
         <value>0x498d</value>
         <object_component_ref idref="oc-61e"/>
      </symbol>
      <symbol id="sm-b69">
         <name>HOSTlseek</name>
         <value>0x3e1d</value>
         <object_component_ref idref="oc-630"/>
      </symbol>
      <symbol id="sm-b7b">
         <name>parmbuf</name>
         <value>0x20000c24</value>
      </symbol>
      <symbol id="sm-b7c">
         <name>HOSTopen</name>
         <value>0x4275</value>
         <object_component_ref idref="oc-618"/>
      </symbol>
      <symbol id="sm-b8d">
         <name>HOSTread</name>
         <value>0x4449</value>
         <object_component_ref idref="oc-624"/>
      </symbol>
      <symbol id="sm-b9e">
         <name>HOSTrename</name>
         <value>0x3d49</value>
         <object_component_ref idref="oc-63c"/>
      </symbol>
      <symbol id="sm-baf">
         <name>HOSTunlink</name>
         <value>0x49d1</value>
         <object_component_ref idref="oc-636"/>
      </symbol>
      <symbol id="sm-bc0">
         <name>HOSTwrite</name>
         <value>0x44a1</value>
         <object_component_ref idref="oc-62a"/>
      </symbol>
      <symbol id="sm-be4">
         <name>__TI_readmsg</name>
         <value>0x4cb9</value>
         <object_component_ref idref="oc-669"/>
      </symbol>
      <symbol id="sm-be5">
         <name>C$$IO$$</name>
         <value>0x4c0b</value>
         <object_component_ref idref="oc-663"/>
      </symbol>
      <symbol id="sm-be6">
         <name>__CIOBUF_</name>
         <value>0x20000800</value>
         <object_component_ref idref="oc-694"/>
      </symbol>
      <symbol id="sm-be7">
         <name>__TI_writemsg</name>
         <value>0x4bdd</value>
         <object_component_ref idref="oc-663"/>
      </symbol>
      <symbol id="sm-bf8">
         <name>lseek</name>
         <value>0x4edd</value>
         <object_component_ref idref="oc-5be"/>
      </symbol>
      <symbol id="sm-c0d">
         <name>__TI_closefile</name>
         <value>0x3b89</value>
         <object_component_ref idref="oc-60f"/>
      </symbol>
      <symbol id="sm-c30">
         <name>finddevice</name>
         <value>0x4d81</value>
         <object_component_ref idref="oc-6b2"/>
      </symbol>
      <symbol id="sm-c31">
         <name>getdevice</name>
         <value>0x4ae1</value>
         <object_component_ref idref="oc-68a"/>
      </symbol>
      <symbol id="sm-c40">
         <name>strcmp</name>
         <value>0x50d1</value>
         <object_component_ref idref="oc-6c9"/>
      </symbol>
      <symbol id="sm-c4e">
         <name>strcpy</name>
         <value>0x5115</value>
         <object_component_ref idref="oc-67d"/>
      </symbol>
      <symbol id="sm-c5e">
         <name>strncpy</name>
         <value>0x4c4d</value>
         <object_component_ref idref="oc-6ac"/>
      </symbol>
      <symbol id="sm-c73">
         <name>close</name>
         <value>0x43ed</value>
         <object_component_ref idref="oc-654"/>
      </symbol>
      <symbol id="sm-c83">
         <name>unlink</name>
         <value>0x4e39</value>
         <object_component_ref idref="oc-65a"/>
      </symbol>
      <symbol id="sm-c84">
         <name>__TI_static_base__</name>
         <value>0x0</value>
      </symbol>
      <symbol id="sm-c87">
         <name>__mpu_init</name>
         <value>0x0</value>
      </symbol>
      <symbol id="sm-c88">
         <name>_system_post_cinit</name>
         <value>0x0</value>
      </symbol>
      <symbol id="sm-c89">
         <name>NMI_Handler</name>
         <value>0xb33</value>
      </symbol>
      <symbol id="sm-c8a">
         <name>HardFault_Handler</name>
         <value>0xb33</value>
      </symbol>
      <symbol id="sm-c8b">
         <name>MemManage_Handler</name>
         <value>0xb33</value>
      </symbol>
      <symbol id="sm-c8c">
         <name>BusFault_Handler</name>
         <value>0xb33</value>
      </symbol>
      <symbol id="sm-c8d">
         <name>UsageFault_Handler</name>
         <value>0xb33</value>
      </symbol>
      <symbol id="sm-c8e">
         <name>SVC_Handler</name>
         <value>0xb33</value>
      </symbol>
      <symbol id="sm-c8f">
         <name>DebugMon_Handler</name>
         <value>0xb33</value>
      </symbol>
      <symbol id="sm-c90">
         <name>PendSV_Handler</name>
         <value>0xb33</value>
      </symbol>
      <symbol id="sm-c91">
         <name>SysTick_Handler</name>
         <value>0xb33</value>
      </symbol>
      <symbol id="sm-c92">
         <name>PSS_IRQHandler</name>
         <value>0xb33</value>
      </symbol>
      <symbol id="sm-c93">
         <name>CS_IRQHandler</name>
         <value>0xb33</value>
      </symbol>
      <symbol id="sm-c94">
         <name>PCM_IRQHandler</name>
         <value>0xb33</value>
      </symbol>
      <symbol id="sm-c95">
         <name>WDT_A_IRQHandler</name>
         <value>0x13cf</value>
      </symbol>
      <symbol id="sm-c96">
         <name>FPU_IRQHandler</name>
         <value>0xb33</value>
      </symbol>
      <symbol id="sm-c97">
         <name>FLCTL_IRQHandler</name>
         <value>0xb33</value>
      </symbol>
      <symbol id="sm-c98">
         <name>COMP_E0_IRQHandler</name>
         <value>0xb33</value>
      </symbol>
      <symbol id="sm-c99">
         <name>COMP_E1_IRQHandler</name>
         <value>0xb33</value>
      </symbol>
      <symbol id="sm-c9a">
         <name>TA0_0_IRQHandler</name>
         <value>0x50a1</value>
      </symbol>
      <symbol id="sm-c9b">
         <name>TA0_N_IRQHandler</name>
         <value>0xb33</value>
      </symbol>
      <symbol id="sm-c9c">
         <name>TA1_0_IRQHandler</name>
         <value>0xb33</value>
      </symbol>
      <symbol id="sm-c9d">
         <name>TA1_N_IRQHandler</name>
         <value>0xb33</value>
      </symbol>
      <symbol id="sm-c9e">
         <name>TA2_0_IRQHandler</name>
         <value>0xb33</value>
      </symbol>
      <symbol id="sm-c9f">
         <name>TA2_N_IRQHandler</name>
         <value>0xb33</value>
      </symbol>
      <symbol id="sm-ca0">
         <name>TA3_0_IRQHandler</name>
         <value>0xb33</value>
      </symbol>
      <symbol id="sm-ca1">
         <name>TA3_N_IRQHandler</name>
         <value>0xb33</value>
      </symbol>
      <symbol id="sm-ca2">
         <name>EUSCIA0_IRQHandler</name>
         <value>0x3db5</value>
      </symbol>
      <symbol id="sm-ca3">
         <name>EUSCIA1_IRQHandler</name>
         <value>0xb33</value>
      </symbol>
      <symbol id="sm-ca4">
         <name>EUSCIA2_IRQHandler</name>
         <value>0xb33</value>
      </symbol>
      <symbol id="sm-ca5">
         <name>EUSCIA3_IRQHandler</name>
         <value>0xb33</value>
      </symbol>
      <symbol id="sm-ca6">
         <name>EUSCIB0_IRQHandler</name>
         <value>0xb33</value>
      </symbol>
      <symbol id="sm-ca7">
         <name>EUSCIB1_IRQHandler</name>
         <value>0x2af9</value>
      </symbol>
      <symbol id="sm-ca8">
         <name>EUSCIB2_IRQHandler</name>
         <value>0xb33</value>
      </symbol>
      <symbol id="sm-ca9">
         <name>EUSCIB3_IRQHandler</name>
         <value>0xb33</value>
      </symbol>
      <symbol id="sm-caa">
         <name>ADC14_IRQHandler</name>
         <value>0xb33</value>
      </symbol>
      <symbol id="sm-cab">
         <name>T32_INT1_IRQHandler</name>
         <value>0xb33</value>
      </symbol>
      <symbol id="sm-cac">
         <name>T32_INT2_IRQHandler</name>
         <value>0xb33</value>
      </symbol>
      <symbol id="sm-cad">
         <name>T32_INTC_IRQHandler</name>
         <value>0xb33</value>
      </symbol>
      <symbol id="sm-cae">
         <name>AES256_IRQHandler</name>
         <value>0xb33</value>
      </symbol>
      <symbol id="sm-caf">
         <name>RTC_C_IRQHandler</name>
         <value>0xb33</value>
      </symbol>
      <symbol id="sm-cb0">
         <name>DMA_ERR_IRQHandler</name>
         <value>0xb33</value>
      </symbol>
      <symbol id="sm-cb1">
         <name>DMA_INT3_IRQHandler</name>
         <value>0xb33</value>
      </symbol>
      <symbol id="sm-cb2">
         <name>DMA_INT2_IRQHandler</name>
         <value>0xb33</value>
      </symbol>
      <symbol id="sm-cb3">
         <name>DMA_INT1_IRQHandler</name>
         <value>0xb33</value>
      </symbol>
      <symbol id="sm-cb4">
         <name>DMA_INT0_IRQHandler</name>
         <value>0xb33</value>
      </symbol>
      <symbol id="sm-cb5">
         <name>PORT1_IRQHandler</name>
         <value>0x46a1</value>
      </symbol>
      <symbol id="sm-cb6">
         <name>PORT2_IRQHandler</name>
         <value>0xb33</value>
      </symbol>
      <symbol id="sm-cb7">
         <name>PORT3_IRQHandler</name>
         <value>0xb33</value>
      </symbol>
      <symbol id="sm-cb8">
         <name>PORT4_IRQHandler</name>
         <value>0xb33</value>
      </symbol>
      <symbol id="sm-cb9">
         <name>PORT5_IRQHandler</name>
         <value>0x4a15</value>
      </symbol>
      <symbol id="sm-cba">
         <name>PORT6_IRQHandler</name>
         <value>0xb33</value>
      </symbol>
      <symbol id="sm-cbb">
         <name>remove</name>
         <value>0x4e39</value>
      </symbol>
   </symbol_table>
   <title>Link successful</title>
</link_info>
