<?xml version="1.0" encoding="ISO-8859-1" ?>
<link_info>
   <banner>TI ARM Linker PC v20.2.4.LTS</banner>
   <copyright>Copyright (c) 1996-2018 Texas Instruments Incorporated</copyright>
   <link_time>0x608fea4c</link_time>
   <link_errors>0x0</link_errors>
   <output_file>BME280_Uart_cmd_processor_Working_perfect2.out</output_file>
   <entry_point>
      <name>_c_int00_noargs</name>
      <address>0x18a5</address>
   </entry_point>
   <input_file_list>
      <input_file id="fl-2">
         <path>.\ccs\</path>
         <kind>object</kind>
         <file>startup_msp432p401r_ccs.obj</file>
         <name>startup_msp432p401r_ccs.obj</name>
      </input_file>
      <input_file id="fl-3">
         <path>.\source\</path>
         <kind>object</kind>
         <file>UART0.obj</file>
         <name>UART0.obj</name>
      </input_file>
      <input_file id="fl-4">
         <path>.\source\</path>
         <kind>object</kind>
         <file>bme280.obj</file>
         <name>bme280.obj</name>
      </input_file>
      <input_file id="fl-5">
         <path>.\source\</path>
         <kind>object</kind>
         <file>bme280_support.obj</file>
         <name>bme280_support.obj</name>
      </input_file>
      <input_file id="fl-6">
         <path>.\source\</path>
         <kind>object</kind>
         <file>cbfifo.obj</file>
         <name>cbfifo.obj</name>
      </input_file>
      <input_file id="fl-7">
         <path>.\source\</path>
         <kind>object</kind>
         <file>cli.obj</file>
         <name>cli.obj</name>
      </input_file>
      <input_file id="fl-8">
         <path>.\source\</path>
         <kind>object</kind>
         <file>demo_sysctl.obj</file>
         <name>demo_sysctl.obj</name>
      </input_file>
      <input_file id="fl-9">
         <path>.\source\</path>
         <kind>object</kind>
         <file>i2c_driver.obj</file>
         <name>i2c_driver.obj</name>
      </input_file>
      <input_file id="fl-a">
         <path>.\source\</path>
         <kind>object</kind>
         <file>main.obj</file>
         <name>main.obj</name>
      </input_file>
      <input_file id="fl-b">
         <path>.\source\</path>
         <kind>object</kind>
         <file>system_msp432p401r.obj</file>
         <name>system_msp432p401r.obj</name>
      </input_file>
      <input_file id="fl-15">
         <kind>object</kind>
         <file>&lt;internal&gt;</file>
         <name>&lt;internal&gt;</name>
      </input_file>
      <input_file id="fl-16">
         <path>C:\ti\simplelink_msp432p4_sdk_3_40_01_02\source\ti\devices\msp432p4xx\driverlib\ccs\</path>
         <kind>archive</kind>
         <file>msp432p4xx_driverlib.lib</file>
         <name>cs.o</name>
      </input_file>
      <input_file id="fl-17">
         <path>C:\ti\simplelink_msp432p4_sdk_3_40_01_02\source\ti\devices\msp432p4xx\driverlib\ccs\</path>
         <kind>archive</kind>
         <file>msp432p4xx_driverlib.lib</file>
         <name>gpio.o</name>
      </input_file>
      <input_file id="fl-18">
         <path>C:\ti\simplelink_msp432p4_sdk_3_40_01_02\source\ti\devices\msp432p4xx\driverlib\ccs\</path>
         <kind>archive</kind>
         <file>msp432p4xx_driverlib.lib</file>
         <name>i2c.o</name>
      </input_file>
      <input_file id="fl-19">
         <path>C:\ti\simplelink_msp432p4_sdk_3_40_01_02\source\ti\devices\msp432p4xx\driverlib\ccs\</path>
         <kind>archive</kind>
         <file>msp432p4xx_driverlib.lib</file>
         <name>interrupt.o</name>
      </input_file>
      <input_file id="fl-1a">
         <path>C:\ti\simplelink_msp432p4_sdk_3_40_01_02\source\ti\devices\msp432p4xx\driverlib\ccs\</path>
         <kind>archive</kind>
         <file>msp432p4xx_driverlib.lib</file>
         <name>sysctl_a.o</name>
      </input_file>
      <input_file id="fl-1b">
         <path>C:\ti\simplelink_msp432p4_sdk_3_40_01_02\source\ti\devices\msp432p4xx\driverlib\ccs\</path>
         <kind>archive</kind>
         <file>msp432p4xx_driverlib.lib</file>
         <name>cpu.o</name>
      </input_file>
      <input_file id="fl-d1">
         <path>C:\ti\ccs1020\ccs\tools\compiler\ti-cgt-arm_20.2.4.LTS\lib\</path>
         <kind>archive</kind>
         <file>rtsv7M4_T_le_v4SPD16_eabi.lib</file>
         <name>memset_t2.asm.obj</name>
      </input_file>
      <input_file id="fl-d2">
         <path>C:\ti\ccs1020\ccs\tools\compiler\ti-cgt-arm_20.2.4.LTS\lib\</path>
         <kind>archive</kind>
         <file>rtsv7M4_T_le_v4SPD16_eabi.lib</file>
         <name>copy_zero_init.c.obj</name>
      </input_file>
      <input_file id="fl-d3">
         <path>C:\ti\ccs1020\ccs\tools\compiler\ti-cgt-arm_20.2.4.LTS\lib\</path>
         <kind>archive</kind>
         <file>rtsv7M4_T_le_v4SPD16_eabi.lib</file>
         <name>copy_decompress_none.c.obj</name>
      </input_file>
      <input_file id="fl-d4">
         <path>C:\ti\ccs1020\ccs\tools\compiler\ti-cgt-arm_20.2.4.LTS\lib\</path>
         <kind>archive</kind>
         <file>rtsv7M4_T_le_v4SPD16_eabi.lib</file>
         <name>copy_decompress_lzss.c.obj</name>
      </input_file>
      <input_file id="fl-d5">
         <path>C:\ti\ccs1020\ccs\tools\compiler\ti-cgt-arm_20.2.4.LTS\lib\</path>
         <kind>archive</kind>
         <file>rtsv7M4_T_le_v4SPD16_eabi.lib</file>
         <name>assert.c.obj</name>
      </input_file>
      <input_file id="fl-d6">
         <path>C:\ti\ccs1020\ccs\tools\compiler\ti-cgt-arm_20.2.4.LTS\lib\</path>
         <kind>archive</kind>
         <file>rtsv7M4_T_le_v4SPD16_eabi.lib</file>
         <name>defs.c.obj</name>
      </input_file>
      <input_file id="fl-d7">
         <path>C:\ti\ccs1020\ccs\tools\compiler\ti-cgt-arm_20.2.4.LTS\lib\</path>
         <kind>archive</kind>
         <file>rtsv7M4_T_le_v4SPD16_eabi.lib</file>
         <name>boot_cortex_m.c.obj</name>
      </input_file>
      <input_file id="fl-d8">
         <path>C:\ti\ccs1020\ccs\tools\compiler\ti-cgt-arm_20.2.4.LTS\lib\</path>
         <kind>archive</kind>
         <file>rtsv7M4_T_le_v4SPD16_eabi.lib</file>
         <name>fflush.c.obj</name>
      </input_file>
      <input_file id="fl-d9">
         <path>C:\ti\ccs1020\ccs\tools\compiler\ti-cgt-arm_20.2.4.LTS\lib\</path>
         <kind>archive</kind>
         <file>rtsv7M4_T_le_v4SPD16_eabi.lib</file>
         <name>fputs.c.obj</name>
      </input_file>
      <input_file id="fl-da">
         <path>C:\ti\ccs1020\ccs\tools\compiler\ti-cgt-arm_20.2.4.LTS\lib\</path>
         <kind>archive</kind>
         <file>rtsv7M4_T_le_v4SPD16_eabi.lib</file>
         <name>_io_perm.c.obj</name>
      </input_file>
      <input_file id="fl-db">
         <path>C:\ti\ccs1020\ccs\tools\compiler\ti-cgt-arm_20.2.4.LTS\lib\</path>
         <kind>archive</kind>
         <file>rtsv7M4_T_le_v4SPD16_eabi.lib</file>
         <name>setvbuf.c.obj</name>
      </input_file>
      <input_file id="fl-dc">
         <path>C:\ti\ccs1020\ccs\tools\compiler\ti-cgt-arm_20.2.4.LTS\lib\</path>
         <kind>archive</kind>
         <file>rtsv7M4_T_le_v4SPD16_eabi.lib</file>
         <name>memcpy_t2.asm.obj</name>
      </input_file>
      <input_file id="fl-dd">
         <path>C:\ti\ccs1020\ccs\tools\compiler\ti-cgt-arm_20.2.4.LTS\lib\</path>
         <kind>archive</kind>
         <file>rtsv7M4_T_le_v4SPD16_eabi.lib</file>
         <name>autoinit.c.obj</name>
      </input_file>
      <input_file id="fl-de">
         <path>C:\ti\ccs1020\ccs\tools\compiler\ti-cgt-arm_20.2.4.LTS\lib\</path>
         <kind>archive</kind>
         <file>rtsv7M4_T_le_v4SPD16_eabi.lib</file>
         <name>cpy_tbl.c.obj</name>
      </input_file>
      <input_file id="fl-df">
         <path>C:\ti\ccs1020\ccs\tools\compiler\ti-cgt-arm_20.2.4.LTS\lib\</path>
         <kind>archive</kind>
         <file>rtsv7M4_T_le_v4SPD16_eabi.lib</file>
         <name>exit.c.obj</name>
      </input_file>
      <input_file id="fl-e0">
         <path>C:\ti\ccs1020\ccs\tools\compiler\ti-cgt-arm_20.2.4.LTS\lib\</path>
         <kind>archive</kind>
         <file>rtsv7M4_T_le_v4SPD16_eabi.lib</file>
         <name>_lock.c.obj</name>
      </input_file>
      <input_file id="fl-e1">
         <path>C:\ti\ccs1020\ccs\tools\compiler\ti-cgt-arm_20.2.4.LTS\lib\</path>
         <kind>archive</kind>
         <file>rtsv7M4_T_le_v4SPD16_eabi.lib</file>
         <name>args_main.c.obj</name>
      </input_file>
      <input_file id="fl-e2">
         <path>C:\ti\ccs1020\ccs\tools\compiler\ti-cgt-arm_20.2.4.LTS\lib\</path>
         <kind>archive</kind>
         <file>rtsv7M4_T_le_v4SPD16_eabi.lib</file>
         <name>memchr.c.obj</name>
      </input_file>
      <input_file id="fl-e3">
         <path>C:\ti\ccs1020\ccs\tools\compiler\ti-cgt-arm_20.2.4.LTS\lib\</path>
         <kind>archive</kind>
         <file>rtsv7M4_T_le_v4SPD16_eabi.lib</file>
         <name>memory.c.obj</name>
      </input_file>
      <input_file id="fl-e4">
         <path>C:\ti\ccs1020\ccs\tools\compiler\ti-cgt-arm_20.2.4.LTS\lib\</path>
         <kind>archive</kind>
         <file>rtsv7M4_T_le_v4SPD16_eabi.lib</file>
         <name>strlen.c.obj</name>
      </input_file>
      <input_file id="fl-e5">
         <path>C:\ti\ccs1020\ccs\tools\compiler\ti-cgt-arm_20.2.4.LTS\lib\</path>
         <kind>archive</kind>
         <file>rtsv7M4_T_le_v4SPD16_eabi.lib</file>
         <name>write.c.obj</name>
      </input_file>
      <input_file id="fl-e6">
         <path>C:\ti\ccs1020\ccs\tools\compiler\ti-cgt-arm_20.2.4.LTS\lib\</path>
         <kind>archive</kind>
         <file>rtsv7M4_T_le_v4SPD16_eabi.lib</file>
         <name>host_device.c.obj</name>
      </input_file>
      <input_file id="fl-e7">
         <path>C:\ti\ccs1020\ccs\tools\compiler\ti-cgt-arm_20.2.4.LTS\lib\</path>
         <kind>archive</kind>
         <file>rtsv7M4_T_le_v4SPD16_eabi.lib</file>
         <name>fopen.c.obj</name>
      </input_file>
      <input_file id="fl-e8">
         <path>C:\ti\ccs1020\ccs\tools\compiler\ti-cgt-arm_20.2.4.LTS\lib\</path>
         <kind>archive</kind>
         <file>rtsv7M4_T_le_v4SPD16_eabi.lib</file>
         <name>fseek.c.obj</name>
      </input_file>
      <input_file id="fl-e9">
         <path>C:\ti\ccs1020\ccs\tools\compiler\ti-cgt-arm_20.2.4.LTS\lib\</path>
         <kind>archive</kind>
         <file>rtsv7M4_T_le_v4SPD16_eabi.lib</file>
         <name>hostclose.c.obj</name>
      </input_file>
      <input_file id="fl-ea">
         <path>C:\ti\ccs1020\ccs\tools\compiler\ti-cgt-arm_20.2.4.LTS\lib\</path>
         <kind>archive</kind>
         <file>rtsv7M4_T_le_v4SPD16_eabi.lib</file>
         <name>hostlseek.c.obj</name>
      </input_file>
      <input_file id="fl-eb">
         <path>C:\ti\ccs1020\ccs\tools\compiler\ti-cgt-arm_20.2.4.LTS\lib\</path>
         <kind>archive</kind>
         <file>rtsv7M4_T_le_v4SPD16_eabi.lib</file>
         <name>hostopen.c.obj</name>
      </input_file>
      <input_file id="fl-ec">
         <path>C:\ti\ccs1020\ccs\tools\compiler\ti-cgt-arm_20.2.4.LTS\lib\</path>
         <kind>archive</kind>
         <file>rtsv7M4_T_le_v4SPD16_eabi.lib</file>
         <name>hostread.c.obj</name>
      </input_file>
      <input_file id="fl-ed">
         <path>C:\ti\ccs1020\ccs\tools\compiler\ti-cgt-arm_20.2.4.LTS\lib\</path>
         <kind>archive</kind>
         <file>rtsv7M4_T_le_v4SPD16_eabi.lib</file>
         <name>hostrename.c.obj</name>
      </input_file>
      <input_file id="fl-ee">
         <path>C:\ti\ccs1020\ccs\tools\compiler\ti-cgt-arm_20.2.4.LTS\lib\</path>
         <kind>archive</kind>
         <file>rtsv7M4_T_le_v4SPD16_eabi.lib</file>
         <name>hostunlink.c.obj</name>
      </input_file>
      <input_file id="fl-ef">
         <path>C:\ti\ccs1020\ccs\tools\compiler\ti-cgt-arm_20.2.4.LTS\lib\</path>
         <kind>archive</kind>
         <file>rtsv7M4_T_le_v4SPD16_eabi.lib</file>
         <name>hostwrite.c.obj</name>
      </input_file>
      <input_file id="fl-f0">
         <path>C:\ti\ccs1020\ccs\tools\compiler\ti-cgt-arm_20.2.4.LTS\lib\</path>
         <kind>archive</kind>
         <file>rtsv7M4_T_le_v4SPD16_eabi.lib</file>
         <name>trgmsg.c.obj</name>
      </input_file>
      <input_file id="fl-f1">
         <path>C:\ti\ccs1020\ccs\tools\compiler\ti-cgt-arm_20.2.4.LTS\lib\</path>
         <kind>archive</kind>
         <file>rtsv7M4_T_le_v4SPD16_eabi.lib</file>
         <name>open.c.obj</name>
      </input_file>
      <input_file id="fl-f2">
         <path>C:\ti\ccs1020\ccs\tools\compiler\ti-cgt-arm_20.2.4.LTS\lib\</path>
         <kind>archive</kind>
         <file>rtsv7M4_T_le_v4SPD16_eabi.lib</file>
         <name>lseek.c.obj</name>
      </input_file>
      <input_file id="fl-f3">
         <path>C:\ti\ccs1020\ccs\tools\compiler\ti-cgt-arm_20.2.4.LTS\lib\</path>
         <kind>archive</kind>
         <file>rtsv7M4_T_le_v4SPD16_eabi.lib</file>
         <name>fclose.c.obj</name>
      </input_file>
      <input_file id="fl-f4">
         <path>C:\ti\ccs1020\ccs\tools\compiler\ti-cgt-arm_20.2.4.LTS\lib\</path>
         <kind>archive</kind>
         <file>rtsv7M4_T_le_v4SPD16_eabi.lib</file>
         <name>getdevice.c.obj</name>
      </input_file>
      <input_file id="fl-f5">
         <path>C:\ti\ccs1020\ccs\tools\compiler\ti-cgt-arm_20.2.4.LTS\lib\</path>
         <kind>archive</kind>
         <file>rtsv7M4_T_le_v4SPD16_eabi.lib</file>
         <name>strchr.c.obj</name>
      </input_file>
      <input_file id="fl-f6">
         <path>C:\ti\ccs1020\ccs\tools\compiler\ti-cgt-arm_20.2.4.LTS\lib\</path>
         <kind>archive</kind>
         <file>rtsv7M4_T_le_v4SPD16_eabi.lib</file>
         <name>strcmp.c.obj</name>
      </input_file>
      <input_file id="fl-f7">
         <path>C:\ti\ccs1020\ccs\tools\compiler\ti-cgt-arm_20.2.4.LTS\lib\</path>
         <kind>archive</kind>
         <file>rtsv7M4_T_le_v4SPD16_eabi.lib</file>
         <name>strcpy.c.obj</name>
      </input_file>
      <input_file id="fl-f8">
         <path>C:\ti\ccs1020\ccs\tools\compiler\ti-cgt-arm_20.2.4.LTS\lib\</path>
         <kind>archive</kind>
         <file>rtsv7M4_T_le_v4SPD16_eabi.lib</file>
         <name>strncpy.c.obj</name>
      </input_file>
      <input_file id="fl-f9">
         <path>C:\ti\ccs1020\ccs\tools\compiler\ti-cgt-arm_20.2.4.LTS\lib\</path>
         <kind>archive</kind>
         <file>rtsv7M4_T_le_v4SPD16_eabi.lib</file>
         <name>remove.c.obj</name>
      </input_file>
      <input_file id="fl-fa">
         <path>C:\ti\ccs1020\ccs\tools\compiler\ti-cgt-arm_20.2.4.LTS\lib\</path>
         <kind>archive</kind>
         <file>rtsv7M4_T_le_v4SPD16_eabi.lib</file>
         <name>close.c.obj</name>
      </input_file>
      <input_file id="fl-fb">
         <path>C:\ti\ccs1020\ccs\tools\compiler\ti-cgt-arm_20.2.4.LTS\lib\</path>
         <kind>archive</kind>
         <file>rtsv7M4_T_le_v4SPD16_eabi.lib</file>
         <name>unlink.c.obj</name>
      </input_file>
   </input_file_list>
   <object_component_list>
      <object_component id="oc-26">
         <name>.intvecs:retain</name>
         <load_address>0x0</load_address>
         <run_address>0x0</run_address>
         <size>0xe4</size>
         <input_file_ref idref="fl-2"/>
      </object_component>
      <object_component id="oc-e6">
         <name>.text:cbfifo_dequeue</name>
         <load_address>0xe4</load_address>
         <run_address>0xe4</run_address>
         <size>0x148</size>
         <input_file_ref idref="fl-6"/>
      </object_component>
      <object_component id="oc-147">
         <name>.text:getipline_n_process</name>
         <load_address>0x22c</load_address>
         <run_address>0x22c</run_address>
         <size>0x11c</size>
         <input_file_ref idref="fl-7"/>
      </object_component>
      <object_component id="oc-27c">
         <name>.text:fputs</name>
         <load_address>0x348</load_address>
         <run_address>0x348</run_address>
         <size>0x114</size>
         <input_file_ref idref="fl-d9"/>
      </object_component>
      <object_component id="oc-377">
         <name>.text:aligned_alloc</name>
         <load_address>0x45c</load_address>
         <run_address>0x45c</run_address>
         <size>0x100</size>
         <input_file_ref idref="fl-e3"/>
      </object_component>
      <object_component id="oc-88">
         <name>.text:EUSCIB1_IRQHandler</name>
         <load_address>0x55c</load_address>
         <run_address>0x55c</run_address>
         <size>0xec</size>
         <input_file_ref idref="fl-9"/>
      </object_component>
      <object_component id="oc-246">
         <name>.text:CS_startHFXTWithTimeout</name>
         <load_address>0x648</load_address>
         <run_address>0x648</run_address>
         <size>0xe4</size>
         <input_file_ref idref="fl-16"/>
      </object_component>
      <object_component id="oc-335">
         <name>.text:free</name>
         <load_address>0x72c</load_address>
         <run_address>0x72c</run_address>
         <size>0xe4</size>
         <input_file_ref idref="fl-e3"/>
      </object_component>
      <object_component id="oc-24d">
         <name>.text:CS_startLFXTWithTimeout</name>
         <load_address>0x810</load_address>
         <run_address>0x810</run_address>
         <size>0xe0</size>
         <input_file_ref idref="fl-16"/>
      </object_component>
      <object_component id="oc-2a0">
         <name>.text:_CSGetHFXTFrequency</name>
         <load_address>0x8f0</load_address>
         <run_address>0x8f0</run_address>
         <size>0xdc</size>
         <input_file_ref idref="fl-16"/>
      </object_component>
      <object_component id="oc-2fd">
         <name>.text:setvbuf</name>
         <load_address>0x9cc</load_address>
         <run_address>0x9cc</run_address>
         <size>0xdc</size>
         <input_file_ref idref="fl-db"/>
      </object_component>
      <object_component id="oc-e0">
         <name>.text:cbfifo_enqueue</name>
         <load_address>0xaa8</load_address>
         <run_address>0xaa8</run_address>
         <size>0xbc</size>
         <input_file_ref idref="fl-6"/>
      </object_component>
      <object_component id="oc-135">
         <name>.text:setSystemClock</name>
         <load_address>0xb64</load_address>
         <run_address>0xb64</run_address>
         <size>0xb4</size>
         <input_file_ref idref="fl-a"/>
      </object_component>
      <object_component id="oc-3a">
         <name>.text</name>
         <load_address>0xc18</load_address>
         <run_address>0xc18</run_address>
         <size>0x9c</size>
         <input_file_ref idref="fl-dc"/>
      </object_component>
      <object_component id="oc-13b">
         <name>.text:UART0_Init</name>
         <load_address>0xcb4</load_address>
         <run_address>0xcb4</run_address>
         <size>0x94</size>
         <input_file_ref idref="fl-3"/>
      </object_component>
      <object_component id="oc-c4">
         <name>.text:main</name>
         <load_address>0xd48</load_address>
         <run_address>0xd48</run_address>
         <size>0x84</size>
         <input_file_ref idref="fl-a"/>
      </object_component>
      <object_component id="oc-282">
         <name>.text:fflush</name>
         <load_address>0xdcc</load_address>
         <run_address>0xdcc</run_address>
         <size>0x7c</size>
         <input_file_ref idref="fl-d8"/>
      </object_component>
      <object_component id="oc-b8">
         <name>.text</name>
         <load_address>0xe48</load_address>
         <run_address>0xe48</run_address>
         <size>0x7a</size>
         <input_file_ref idref="fl-d1"/>
      </object_component>
      <object_component id="oc-70">
         <name>.text:Default_Handler</name>
         <load_address>0xec2</load_address>
         <run_address>0xec2</run_address>
         <size>0x2</size>
         <input_file_ref idref="fl-2"/>
      </object_component>
      <object_component id="oc-d6">
         <name>.text:SystemInit</name>
         <load_address>0xec4</load_address>
         <run_address>0xec4</run_address>
         <size>0x78</size>
         <input_file_ref idref="fl-b"/>
      </object_component>
      <object_component id="oc-37e">
         <name>.text:__TI_closefile</name>
         <load_address>0xf3c</load_address>
         <run_address>0xf3c</run_address>
         <size>0x74</size>
         <input_file_ref idref="fl-f3"/>
      </object_component>
      <object_component id="oc-3bc">
         <name>.text:split</name>
         <load_address>0xfb0</load_address>
         <run_address>0xfb0</run_address>
         <size>0x70</size>
         <input_file_ref idref="fl-e3"/>
      </object_component>
      <object_component id="oc-3ab">
         <name>.text:HOSTrename</name>
         <load_address>0x1020</load_address>
         <run_address>0x1020</run_address>
         <size>0x6c</size>
         <input_file_ref idref="fl-ed"/>
      </object_component>
      <object_component id="oc-82">
         <name>.text:EUSCIA0_IRQHandler</name>
         <load_address>0x108c</load_address>
         <run_address>0x108c</run_address>
         <size>0x68</size>
         <input_file_ref idref="fl-3"/>
      </object_component>
      <object_component id="oc-39f">
         <name>.text:HOSTlseek</name>
         <load_address>0x10f4</load_address>
         <run_address>0x10f4</run_address>
         <size>0x68</size>
         <input_file_ref idref="fl-ea"/>
      </object_component>
      <object_component id="oc-17">
         <name>.text:decompress:lzss:__TI_decompress_lzss</name>
         <load_address>0x115c</load_address>
         <run_address>0x115c</run_address>
         <size>0x68</size>
         <input_file_ref idref="fl-d4"/>
      </object_component>
      <object_component id="oc-2f7">
         <name>.text:fseek</name>
         <load_address>0x11c4</load_address>
         <run_address>0x11c4</run_address>
         <size>0x64</size>
         <input_file_ref idref="fl-e8"/>
      </object_component>
      <object_component id="oc-2c2">
         <name>.text:__TI_wrt_ok</name>
         <load_address>0x1228</load_address>
         <run_address>0x1228</run_address>
         <size>0x62</size>
         <input_file_ref idref="fl-da"/>
      </object_component>
      <object_component id="oc-76">
         <name>.text:WDT_A_IRQHandler</name>
         <load_address>0x128a</load_address>
         <run_address>0x128a</run_address>
         <size>0x2</size>
         <input_file_ref idref="fl-a"/>
      </object_component>
      <object_component id="oc-387">
         <name>.text:HOSTopen</name>
         <load_address>0x128c</load_address>
         <run_address>0x128c</run_address>
         <size>0x60</size>
         <input_file_ref idref="fl-eb"/>
      </object_component>
      <object_component id="oc-1ef">
         <name>.text:check_cbfifo_empty</name>
         <load_address>0x12ec</load_address>
         <run_address>0x12ec</run_address>
         <size>0x5e</size>
         <input_file_ref idref="fl-6"/>
      </object_component>
      <object_component id="oc-25d">
         <name>.text:_nop</name>
         <load_address>0x134a</load_address>
         <run_address>0x134a</run_address>
         <size>0x2</size>
         <input_file_ref idref="fl-e0"/>
      </object_component>
      <object_component id="oc-195">
         <name>.text:check_cbfifo_full</name>
         <load_address>0x134c</load_address>
         <run_address>0x134c</run_address>
         <size>0x5e</size>
         <input_file_ref idref="fl-6"/>
      </object_component>
      <object_component id="oc-3c3">
         <name>.text:close</name>
         <load_address>0x13ac</load_address>
         <run_address>0x13ac</run_address>
         <size>0x5c</size>
         <input_file_ref idref="fl-fa"/>
      </object_component>
      <object_component id="oc-393">
         <name>.text:HOSTread</name>
         <load_address>0x1408</load_address>
         <run_address>0x1408</run_address>
         <size>0x58</size>
         <input_file_ref idref="fl-ec"/>
      </object_component>
      <object_component id="oc-399">
         <name>.text:HOSTwrite</name>
         <load_address>0x1460</load_address>
         <run_address>0x1460</run_address>
         <size>0x58</size>
         <input_file_ref idref="fl-ef"/>
      </object_component>
      <object_component id="oc-8e">
         <name>.text:PORT1_IRQHandler</name>
         <load_address>0x14b8</load_address>
         <run_address>0x14b8</run_address>
         <size>0x50</size>
         <input_file_ref idref="fl-a"/>
      </object_component>
      <object_component id="oc-2d4">
         <name>.text:__TI_doflush</name>
         <load_address>0x1508</load_address>
         <run_address>0x1508</run_address>
         <size>0x4c</size>
         <input_file_ref idref="fl-d8"/>
      </object_component>
      <object_component id="oc-1e8">
         <name>.text:uart_prime_tx</name>
         <load_address>0x1554</load_address>
         <run_address>0x1554</run_address>
         <size>0x4c</size>
         <input_file_ref idref="fl-3"/>
      </object_component>
      <object_component id="oc-18f">
         <name>.text:cbfifo_length</name>
         <load_address>0x15a0</load_address>
         <run_address>0x15a0</run_address>
         <size>0x48</size>
         <input_file_ref idref="fl-6"/>
      </object_component>
      <object_component id="oc-156">
         <name>.text:exit</name>
         <load_address>0x15e8</load_address>
         <run_address>0x15e8</run_address>
         <size>0x48</size>
         <input_file_ref idref="fl-df"/>
      </object_component>
      <object_component id="oc-1e1">
         <name>.text:Init_cbfifo</name>
         <load_address>0x1630</load_address>
         <run_address>0x1630</run_address>
         <size>0x46</size>
         <input_file_ref idref="fl-6"/>
      </object_component>
      <object_component id="oc-38d">
         <name>.text:HOSTclose</name>
         <load_address>0x1678</load_address>
         <run_address>0x1678</run_address>
         <size>0x44</size>
         <input_file_ref idref="fl-e9"/>
      </object_component>
      <object_component id="oc-3a5">
         <name>.text:HOSTunlink</name>
         <load_address>0x16bc</load_address>
         <run_address>0x16bc</run_address>
         <size>0x44</size>
         <input_file_ref idref="fl-ee"/>
      </object_component>
      <object_component id="oc-94">
         <name>.text:PORT5_IRQHandler</name>
         <load_address>0x1700</load_address>
         <run_address>0x1700</run_address>
         <size>0x44</size>
         <input_file_ref idref="fl-a"/>
      </object_component>
      <object_component id="oc-15c">
         <name>.text:__TI_auto_init_nobinit_nopinit:__TI_auto_init_nobinit_nopinit</name>
         <load_address>0x1744</load_address>
         <run_address>0x1744</run_address>
         <size>0x44</size>
         <input_file_ref idref="fl-dd"/>
      </object_component>
      <object_component id="oc-3f9">
         <name>.text:getdevice</name>
         <load_address>0x1788</load_address>
         <run_address>0x1788</run_address>
         <size>0x44</size>
         <input_file_ref idref="fl-f4"/>
      </object_component>
      <object_component id="oc-3d2">
         <name>.text:__TI_writemsg</name>
         <load_address>0x17cc</load_address>
         <run_address>0x17cc</run_address>
         <size>0x38</size>
         <input_file_ref idref="fl-f0"/>
      </object_component>
      <object_component id="oc-421">
         <name>.text:strncpy</name>
         <load_address>0x1804</load_address>
         <run_address>0x1804</run_address>
         <size>0x36</size>
         <input_file_ref idref="fl-f8"/>
      </object_component>
      <object_component id="oc-341">
         <name>.text:__TI_cleanup</name>
         <load_address>0x183c</load_address>
         <run_address>0x183c</run_address>
         <size>0x34</size>
         <input_file_ref idref="fl-e7"/>
      </object_component>
      <object_component id="oc-3d8">
         <name>.text:__TI_readmsg</name>
         <load_address>0x1870</load_address>
         <run_address>0x1870</run_address>
         <size>0x34</size>
         <input_file_ref idref="fl-f0"/>
      </object_component>
      <object_component id="oc-58">
         <name>.text:_c_int00_noargs:_c_int00_noargs</name>
         <load_address>0x18a4</load_address>
         <run_address>0x18a4</run_address>
         <size>0x34</size>
         <input_file_ref idref="fl-d7"/>
      </object_component>
      <object_component id="oc-1db">
         <name>.text:__NVIC_EnableIRQ</name>
         <load_address>0x18d8</load_address>
         <run_address>0x18d8</run_address>
         <size>0x30</size>
         <input_file_ref idref="fl-3"/>
      </object_component>
      <object_component id="oc-427">
         <name>.text:finddevice</name>
         <load_address>0x1908</load_address>
         <run_address>0x1908</run_address>
         <size>0x30</size>
         <input_file_ref idref="fl-f4"/>
      </object_component>
      <object_component id="oc-3c9">
         <name>.text:unlink</name>
         <load_address>0x1938</load_address>
         <run_address>0x1938</run_address>
         <size>0x2c</size>
         <input_file_ref idref="fl-fb"/>
      </object_component>
      <object_component id="oc-370">
         <name>.text:free_list_insert</name>
         <load_address>0x1964</load_address>
         <run_address>0x1964</run_address>
         <size>0x28</size>
         <input_file_ref idref="fl-e3"/>
      </object_component>
      <object_component id="oc-32d">
         <name>.text:lseek</name>
         <load_address>0x198c</load_address>
         <run_address>0x198c</run_address>
         <size>0x28</size>
         <input_file_ref idref="fl-f2"/>
      </object_component>
      <object_component id="oc-12f">
         <name>.text:startCrystalOscillator</name>
         <load_address>0x19b4</load_address>
         <run_address>0x19b4</run_address>
         <size>0x28</size>
         <input_file_ref idref="fl-a"/>
      </object_component>
      <object_component id="oc-141">
         <name>.text:uart_queue_str</name>
         <load_address>0x19dc</load_address>
         <run_address>0x19dc</run_address>
         <size>0x28</size>
         <input_file_ref idref="fl-3"/>
      </object_component>
      <object_component id="oc-2da">
         <name>.text:write</name>
         <load_address>0x1a04</load_address>
         <run_address>0x1a04</run_address>
         <size>0x28</size>
         <input_file_ref idref="fl-e5"/>
      </object_component>
      <object_component id="oc-1f5">
         <name>.text:uart_queue</name>
         <load_address>0x1a2c</load_address>
         <run_address>0x1a2c</run_address>
         <size>0x24</size>
         <input_file_ref idref="fl-3"/>
      </object_component>
      <object_component id="oc-1c8">
         <name>.text:CS_setExternalClockSourceFrequency</name>
         <load_address>0x1a50</load_address>
         <run_address>0x1a50</run_address>
         <size>0x20</size>
         <input_file_ref idref="fl-16"/>
      </object_component>
      <object_component id="oc-2ce">
         <name>.text:memchr</name>
         <load_address>0x1a70</load_address>
         <run_address>0x1a70</run_address>
         <size>0x20</size>
         <input_file_ref idref="fl-e2"/>
      </object_component>
      <object_component id="oc-22f">
         <name>.text:_abort_msg</name>
         <load_address>0x1a90</load_address>
         <run_address>0x1a90</run_address>
         <size>0x1c</size>
         <input_file_ref idref="fl-d5"/>
      </object_component>
      <object_component id="oc-36a">
         <name>.text:free_list_remove</name>
         <load_address>0x1aac</load_address>
         <run_address>0x1aac</run_address>
         <size>0x1c</size>
         <input_file_ref idref="fl-e3"/>
      </object_component>
      <object_component id="oc-29a">
         <name>.text:SysCtl_A_disableNMISource</name>
         <load_address>0x1ac8</load_address>
         <run_address>0x1ac8</run_address>
         <size>0x18</size>
         <input_file_ref idref="fl-1a"/>
      </object_component>
      <object_component id="oc-2a6">
         <name>.text:SysCtl_A_enableNMISource</name>
         <load_address>0x1ae0</load_address>
         <run_address>0x1ae0</run_address>
         <size>0x18</size>
         <input_file_ref idref="fl-1a"/>
      </object_component>
      <object_component id="oc-7c">
         <name>.text:TA0_0_IRQHandler</name>
         <load_address>0x1af8</load_address>
         <run_address>0x1af8</run_address>
         <size>0x18</size>
         <input_file_ref idref="fl-a"/>
      </object_component>
      <object_component id="oc-440">
         <name>.text:strcmp</name>
         <load_address>0x1b10</load_address>
         <run_address>0x1b10</run_address>
         <size>0x18</size>
         <input_file_ref idref="fl-f6"/>
      </object_component>
      <object_component id="oc-41b">
         <name>.text:strchr</name>
         <load_address>0x1b28</load_address>
         <run_address>0x1b28</run_address>
         <size>0x16</size>
         <input_file_ref idref="fl-f5"/>
      </object_component>
      <object_component id="oc-be">
         <name>.text:_system_pre_init</name>
         <load_address>0x1b40</load_address>
         <run_address>0x1b40</run_address>
         <size>0x14</size>
         <input_file_ref idref="fl-a"/>
      </object_component>
      <object_component id="oc-3ec">
         <name>.text:strcpy</name>
         <load_address>0x1b54</load_address>
         <run_address>0x1b54</run_address>
         <size>0x14</size>
         <input_file_ref idref="fl-f7"/>
      </object_component>
      <object_component id="oc-2c8">
         <name>.text:strlen</name>
         <load_address>0x1b68</load_address>
         <run_address>0x1b68</run_address>
         <size>0x14</size>
         <input_file_ref idref="fl-e4"/>
      </object_component>
      <object_component id="oc-1ce">
         <name>.text:CS_startHFXT</name>
         <load_address>0x1b7c</load_address>
         <run_address>0x1b7c</run_address>
         <size>0x12</size>
         <input_file_ref idref="fl-16"/>
      </object_component>
      <object_component id="oc-294">
         <name>.text:SysCtl_A_getNMISourceStatus</name>
         <load_address>0x1b90</load_address>
         <run_address>0x1b90</run_address>
         <size>0x10</size>
         <input_file_ref idref="fl-1a"/>
      </object_component>
      <object_component id="oc-1d4">
         <name>.text:CS_startLFXT</name>
         <load_address>0x1ba0</load_address>
         <run_address>0x1ba0</run_address>
         <size>0xe</size>
         <input_file_ref idref="fl-16"/>
      </object_component>
      <object_component id="oc-1d">
         <name>.text:decompress:none:__TI_decompress_none</name>
         <load_address>0x1bae</load_address>
         <run_address>0x1bae</run_address>
         <size>0xe</size>
         <input_file_ref idref="fl-d3"/>
      </object_component>
      <object_component id="oc-6a">
         <name>.text:Reset_Handler</name>
         <load_address>0x1bbc</load_address>
         <run_address>0x1bbc</run_address>
         <size>0xc</size>
         <input_file_ref idref="fl-2"/>
      </object_component>
      <object_component id="oc-4c">
         <name>.text:decompress:ZI:__TI_zero_init</name>
         <load_address>0x1bc8</load_address>
         <run_address>0x1bc8</run_address>
         <size>0xc</size>
         <input_file_ref idref="fl-d2"/>
      </object_component>
      <object_component id="oc-33b">
         <name>.text:malloc</name>
         <load_address>0x1bd4</load_address>
         <run_address>0x1bd4</run_address>
         <size>0x8</size>
         <input_file_ref idref="fl-e3"/>
      </object_component>
      <object_component id="oc-150">
         <name>.text:abort:abort</name>
         <load_address>0x1bdc</load_address>
         <run_address>0x1bdc</run_address>
         <size>0x4</size>
         <input_file_ref idref="fl-df"/>
      </object_component>
      <object_component id="oc-487">
         <name>.cinit..data.load</name>
         <load_address>0x1be0</load_address>
         <run_address>0x1be0</run_address>
         <size>0x69</size>
      </object_component>
      <object_component id="oc-485">
         <name>__TI_handler_table</name>
         <load_address>0x1c4c</load_address>
         <run_address>0x1c4c</run_address>
         <size>0xc</size>
      </object_component>
      <object_component id="oc-488">
         <name>.cinit..bss.load</name>
         <load_address>0x1c58</load_address>
         <run_address>0x1c58</run_address>
         <size>0x8</size>
      </object_component>
      <object_component id="oc-486">
         <name>__TI_cinit_table</name>
         <load_address>0x1c60</load_address>
         <run_address>0x1c60</run_address>
         <size>0x10</size>
      </object_component>
      <object_component id="oc-459">
         <name>.binit</name>
         <load_address>0x0</load_address>
         <run_address>0x0</run_address>
         <size>0x0</size>
      </object_component>
      <object_component id="oc-fb">
         <name>.data</name>
         <load_address>0x20000de0</load_address>
         <run_address>0x20000de0</run_address>
         <size>0x1</size>
         <input_file_ref idref="fl-9"/>
      </object_component>
      <object_component id="oc-288">
         <name>.data:_ftable</name>
         <load_address>0x20000bfc</load_address>
         <run_address>0x20000bfc</run_address>
         <size>0xf0</size>
         <input_file_ref idref="fl-d6"/>
      </object_component>
      <object_component id="oc-2e2">
         <name>.data</name>
         <load_address>0x20000db4</load_address>
         <run_address>0x20000db4</run_address>
         <size>0x10</size>
         <input_file_ref idref="fl-d6"/>
      </object_component>
      <object_component id="oc-20f">
         <name>.data:$O1$$</name>
         <load_address>0x20000dc4</load_address>
         <run_address>0x20000dc4</run_address>
         <size>0xc</size>
         <input_file_ref idref="fl-df"/>
      </object_component>
      <object_component id="oc-212">
         <name>.data:$O1$$</name>
         <load_address>0x20000dd0</load_address>
         <run_address>0x20000dd0</run_address>
         <size>0x8</size>
         <input_file_ref idref="fl-e0"/>
      </object_component>
      <object_component id="oc-3b7">
         <name>.data:$O1$$</name>
         <load_address>0x20000dd8</load_address>
         <run_address>0x20000dd8</run_address>
         <size>0x8</size>
         <input_file_ref idref="fl-e3"/>
      </object_component>
      <object_component id="oc-354">
         <name>.data:_device</name>
         <load_address>0x20000cec</load_address>
         <run_address>0x20000cec</run_address>
         <size>0x78</size>
         <input_file_ref idref="fl-e6"/>
      </object_component>
      <object_component id="oc-30a">
         <name>.data:_stream</name>
         <load_address>0x20000d64</load_address>
         <run_address>0x20000d64</run_address>
         <size>0x50</size>
         <input_file_ref idref="fl-e6"/>
      </object_component>
      <object_component id="oc-23d">
         <name>.bss</name>
         <uninitialized>true</uninitialized>
         <run_address>0x20000be0</run_address>
         <size>0x8</size>
         <input_file_ref idref="fl-16"/>
      </object_component>
      <object_component id="oc-403">
         <name>.bss:_CIOBUF_</name>
         <uninitialized>true</uninitialized>
         <run_address>0x20000800</run_address>
         <size>0x120</size>
         <input_file_ref idref="fl-f0"/>
      </object_component>
      <object_component id="oc-ec">
         <name>.common:Rx_cbuff0</name>
         <uninitialized>true</uninitialized>
         <run_address>0x20000920</run_address>
         <size>0x110</size>
      </object_component>
      <object_component id="oc-ef">
         <name>.common:Tx_cbuff0</name>
         <uninitialized>true</uninitialized>
         <run_address>0x20000a30</run_address>
         <size>0x110</size>
      </object_component>
      <object_component id="oc-f6">
         <name>.common:ui8Status</name>
         <uninitialized>true</uninitialized>
         <run_address>0x20000bf9</run_address>
         <size>0x1</size>
      </object_component>
      <object_component id="oc-f9">
         <name>.common:pData</name>
         <uninitialized>true</uninitialized>
         <run_address>0x20000bf4</run_address>
         <size>0x4</size>
      </object_component>
      <object_component id="oc-fa">
         <name>.common:ui8DummyRead</name>
         <uninitialized>true</uninitialized>
         <run_address>0x20000bf8</run_address>
         <size>0x1</size>
      </object_component>
      <object_component id="oc-fe">
         <name>.common:g_ui32ByteCount</name>
         <uninitialized>true</uninitialized>
         <run_address>0x20000bf0</run_address>
         <size>0x4</size>
      </object_component>
      <object_component id="oc-3cf">
         <name>.common:__TI_tmpnams</name>
         <uninitialized>true</uninitialized>
         <run_address>0x20000b40</run_address>
         <size>0xa0</size>
      </object_component>
      <object_component id="oc-3de">
         <name>.common:parmbuf</name>
         <uninitialized>true</uninitialized>
         <run_address>0x20000be8</run_address>
         <size>0x8</size>
      </object_component>
      <object_component id="oc-2c">
         <name>.sysmem</name>
         <uninitialized>true</uninitialized>
         <run_address>0x20000000</run_address>
         <size>0x10</size>
         <input_file_ref idref="fl-e3"/>
      </object_component>
      <object_component id="oc-48b">
         <name>.sysmem</name>
         <uninitialized>true</uninitialized>
         <run_address>0x20000000</run_address>
         <size>0x0</size>
      </object_component>
      <object_component id="oc-29">
         <name>.stack</name>
         <uninitialized>true</uninitialized>
         <run_address>0x2000fe00</run_address>
         <size>0x4</size>
         <input_file_ref idref="fl-d7"/>
      </object_component>
      <object_component id="oc-48a">
         <name>.stack</name>
         <uninitialized>true</uninitialized>
         <run_address>0x2000fe00</run_address>
         <size>0x0</size>
      </object_component>
      <object_component id="oc-9c">
         <name>.debug_info</name>
         <load_address>0x0</load_address>
         <run_address>0x0</run_address>
         <size>0x2da</size>
         <input_file_ref idref="fl-2"/>
      </object_component>
      <object_component id="oc-27">
         <name>.debug_info</name>
         <load_address>0x2da</load_address>
         <run_address>0x2da</run_address>
         <size>0x106</size>
         <input_file_ref idref="fl-2"/>
      </object_component>
      <object_component id="oc-6b">
         <name>.debug_info</name>
         <load_address>0x3e0</load_address>
         <run_address>0x3e0</run_address>
         <size>0x169</size>
         <input_file_ref idref="fl-2"/>
      </object_component>
      <object_component id="oc-72">
         <name>.debug_info</name>
         <load_address>0x549</load_address>
         <run_address>0x549</run_address>
         <size>0x151</size>
         <input_file_ref idref="fl-2"/>
      </object_component>
      <object_component id="oc-10e">
         <name>.debug_info</name>
         <load_address>0x69a</load_address>
         <run_address>0x69a</run_address>
         <size>0x26b</size>
         <input_file_ref idref="fl-2"/>
      </object_component>
      <object_component id="oc-35">
         <name>.debug_info</name>
         <load_address>0x905</load_address>
         <run_address>0x905</run_address>
         <size>0x84</size>
         <input_file_ref idref="fl-2"/>
      </object_component>
      <object_component id="oc-1c2">
         <name>.debug_info</name>
         <load_address>0x989</load_address>
         <run_address>0x989</run_address>
         <size>0x2a4</size>
         <input_file_ref idref="fl-2"/>
      </object_component>
      <object_component id="oc-100">
         <name>.debug_info</name>
         <load_address>0xc2d</load_address>
         <run_address>0xc2d</run_address>
         <size>0xef</size>
         <input_file_ref idref="fl-2"/>
      </object_component>
      <object_component id="oc-106">
         <name>.debug_info</name>
         <load_address>0xd1c</load_address>
         <run_address>0xd1c</run_address>
         <size>0xbb</size>
         <input_file_ref idref="fl-2"/>
      </object_component>
      <object_component id="oc-ed">
         <name>.debug_info</name>
         <load_address>0xdd7</load_address>
         <run_address>0xdd7</run_address>
         <size>0x653</size>
         <input_file_ref idref="fl-3"/>
      </object_component>
      <object_component id="oc-1dc">
         <name>.debug_info</name>
         <load_address>0x142a</load_address>
         <run_address>0x142a</run_address>
         <size>0x1dc</size>
         <input_file_ref idref="fl-3"/>
      </object_component>
      <object_component id="oc-13d">
         <name>.debug_info</name>
         <load_address>0x1606</load_address>
         <run_address>0x1606</run_address>
         <size>0x160</size>
         <input_file_ref idref="fl-3"/>
      </object_component>
      <object_component id="oc-83">
         <name>.debug_info</name>
         <load_address>0x1766</load_address>
         <run_address>0x1766</run_address>
         <size>0x18b</size>
         <input_file_ref idref="fl-3"/>
      </object_component>
      <object_component id="oc-1eb">
         <name>.debug_info</name>
         <load_address>0x18f1</load_address>
         <run_address>0x18f1</run_address>
         <size>0x14c</size>
         <input_file_ref idref="fl-3"/>
      </object_component>
      <object_component id="oc-1f8">
         <name>.debug_info</name>
         <load_address>0x1a3d</load_address>
         <run_address>0x1a3d</run_address>
         <size>0x173</size>
         <input_file_ref idref="fl-3"/>
      </object_component>
      <object_component id="oc-142">
         <name>.debug_info</name>
         <load_address>0x1bb0</load_address>
         <run_address>0x1bb0</run_address>
         <size>0x175</size>
         <input_file_ref idref="fl-3"/>
      </object_component>
      <object_component id="oc-1a0">
         <name>.debug_info</name>
         <load_address>0x1d25</load_address>
         <run_address>0x1d25</run_address>
         <size>0x9b</size>
         <input_file_ref idref="fl-3"/>
      </object_component>
      <object_component id="oc-1aa">
         <name>.debug_info</name>
         <load_address>0x1dc0</load_address>
         <run_address>0x1dc0</run_address>
         <size>0x1028</size>
         <input_file_ref idref="fl-3"/>
      </object_component>
      <object_component id="oc-1a5">
         <name>.debug_info</name>
         <load_address>0x2de8</load_address>
         <run_address>0x2de8</run_address>
         <size>0x37e2</size>
         <input_file_ref idref="fl-3"/>
      </object_component>
      <object_component id="oc-f1">
         <name>.debug_info</name>
         <load_address>0x65ca</load_address>
         <run_address>0x65ca</run_address>
         <size>0x8b</size>
         <input_file_ref idref="fl-3"/>
      </object_component>
      <object_component id="oc-1af">
         <name>.debug_info</name>
         <load_address>0x6655</load_address>
         <run_address>0x6655</run_address>
         <size>0x53</size>
         <input_file_ref idref="fl-3"/>
      </object_component>
      <object_component id="oc-209">
         <name>.debug_info</name>
         <load_address>0x66a8</load_address>
         <run_address>0x66a8</run_address>
         <size>0x87</size>
         <input_file_ref idref="fl-4"/>
      </object_component>
      <object_component id="oc-1b6">
         <name>.debug_info</name>
         <load_address>0x672f</load_address>
         <run_address>0x672f</run_address>
         <size>0x6c</size>
         <input_file_ref idref="fl-5"/>
      </object_component>
      <object_component id="oc-1bb">
         <name>.debug_info</name>
         <load_address>0x679b</load_address>
         <run_address>0x679b</run_address>
         <size>0x9a</size>
         <input_file_ref idref="fl-5"/>
      </object_component>
      <object_component id="oc-204">
         <name>.debug_info</name>
         <load_address>0x6835</load_address>
         <run_address>0x6835</run_address>
         <size>0x341</size>
         <input_file_ref idref="fl-5"/>
      </object_component>
      <object_component id="oc-19c">
         <name>.debug_info</name>
         <load_address>0x6b76</load_address>
         <run_address>0x6b76</run_address>
         <size>0x560</size>
         <input_file_ref idref="fl-6"/>
      </object_component>
      <object_component id="oc-1e4">
         <name>.debug_info</name>
         <load_address>0x70d6</load_address>
         <run_address>0x70d6</run_address>
         <size>0x151</size>
         <input_file_ref idref="fl-6"/>
      </object_component>
      <object_component id="oc-1f1">
         <name>.debug_info</name>
         <load_address>0x7227</load_address>
         <run_address>0x7227</run_address>
         <size>0x168</size>
         <input_file_ref idref="fl-6"/>
      </object_component>
      <object_component id="oc-198">
         <name>.debug_info</name>
         <load_address>0x738f</load_address>
         <run_address>0x738f</run_address>
         <size>0x17a</size>
         <input_file_ref idref="fl-6"/>
      </object_component>
      <object_component id="oc-191">
         <name>.debug_info</name>
         <load_address>0x7509</load_address>
         <run_address>0x7509</run_address>
         <size>0x15d</size>
         <input_file_ref idref="fl-6"/>
      </object_component>
      <object_component id="oc-e3">
         <name>.debug_info</name>
         <load_address>0x7666</load_address>
         <run_address>0x7666</run_address>
         <size>0x225</size>
         <input_file_ref idref="fl-6"/>
      </object_component>
      <object_component id="oc-e9">
         <name>.debug_info</name>
         <load_address>0x788b</load_address>
         <run_address>0x788b</run_address>
         <size>0x259</size>
         <input_file_ref idref="fl-6"/>
      </object_component>
      <object_component id="oc-238">
         <name>.debug_info</name>
         <load_address>0x7ae4</load_address>
         <run_address>0x7ae4</run_address>
         <size>0x9b</size>
         <input_file_ref idref="fl-6"/>
      </object_component>
      <object_component id="oc-126">
         <name>.debug_info</name>
         <load_address>0x7b7f</load_address>
         <run_address>0x7b7f</run_address>
         <size>0x2c</size>
         <input_file_ref idref="fl-6"/>
      </object_component>
      <object_component id="oc-1fc">
         <name>.debug_info</name>
         <load_address>0x7bab</load_address>
         <run_address>0x7bab</run_address>
         <size>0x6cb</size>
         <input_file_ref idref="fl-7"/>
      </object_component>
      <object_component id="oc-149">
         <name>.debug_info</name>
         <load_address>0x8276</load_address>
         <run_address>0x8276</run_address>
         <size>0x264</size>
         <input_file_ref idref="fl-7"/>
      </object_component>
      <object_component id="oc-f7">
         <name>.debug_info</name>
         <load_address>0x84da</load_address>
         <run_address>0x84da</run_address>
         <size>0x6da</size>
         <input_file_ref idref="fl-9"/>
      </object_component>
      <object_component id="oc-fc">
         <name>.debug_info</name>
         <load_address>0x8bb4</load_address>
         <run_address>0x8bb4</run_address>
         <size>0xee</size>
         <input_file_ref idref="fl-9"/>
      </object_component>
      <object_component id="oc-89">
         <name>.debug_info</name>
         <load_address>0x8ca2</load_address>
         <run_address>0x8ca2</run_address>
         <size>0x195</size>
         <input_file_ref idref="fl-9"/>
      </object_component>
      <object_component id="oc-14e">
         <name>.debug_info</name>
         <load_address>0x8e37</load_address>
         <run_address>0x8e37</run_address>
         <size>0x912</size>
         <input_file_ref idref="fl-a"/>
      </object_component>
      <object_component id="oc-c5">
         <name>.debug_info</name>
         <load_address>0x9749</load_address>
         <run_address>0x9749</run_address>
         <size>0x21c</size>
         <input_file_ref idref="fl-a"/>
      </object_component>
      <object_component id="oc-130">
         <name>.debug_info</name>
         <load_address>0x9965</load_address>
         <run_address>0x9965</run_address>
         <size>0x14b</size>
         <input_file_ref idref="fl-a"/>
      </object_component>
      <object_component id="oc-136">
         <name>.debug_info</name>
         <load_address>0x9ab0</load_address>
         <run_address>0x9ab0</run_address>
         <size>0x202</size>
         <input_file_ref idref="fl-a"/>
      </object_component>
      <object_component id="oc-7d">
         <name>.debug_info</name>
         <load_address>0x9cb2</load_address>
         <run_address>0x9cb2</run_address>
         <size>0x138</size>
         <input_file_ref idref="fl-a"/>
      </object_component>
      <object_component id="oc-77">
         <name>.debug_info</name>
         <load_address>0x9dea</load_address>
         <run_address>0x9dea</run_address>
         <size>0x131</size>
         <input_file_ref idref="fl-a"/>
      </object_component>
      <object_component id="oc-8f">
         <name>.debug_info</name>
         <load_address>0x9f1b</load_address>
         <run_address>0x9f1b</run_address>
         <size>0x176</size>
         <input_file_ref idref="fl-a"/>
      </object_component>
      <object_component id="oc-95">
         <name>.debug_info</name>
         <load_address>0xa091</load_address>
         <run_address>0xa091</run_address>
         <size>0x163</size>
         <input_file_ref idref="fl-a"/>
      </object_component>
      <object_component id="oc-bf">
         <name>.debug_info</name>
         <load_address>0xa1f4</load_address>
         <run_address>0xa1f4</run_address>
         <size>0x13c</size>
         <input_file_ref idref="fl-a"/>
      </object_component>
      <object_component id="oc-1ff">
         <name>.debug_info</name>
         <load_address>0xa330</load_address>
         <run_address>0xa330</run_address>
         <size>0x37e2</size>
         <input_file_ref idref="fl-a"/>
      </object_component>
      <object_component id="oc-d7">
         <name>.debug_info</name>
         <load_address>0xdb12</load_address>
         <run_address>0xdb12</run_address>
         <size>0x14f</size>
         <input_file_ref idref="fl-b"/>
      </object_component>
      <object_component id="oc-2f2">
         <name>.debug_info</name>
         <load_address>0xdc61</load_address>
         <run_address>0xdc61</run_address>
         <size>0x807</size>
         <input_file_ref idref="fl-16"/>
      </object_component>
      <object_component id="oc-23e">
         <name>.debug_info</name>
         <load_address>0xe468</load_address>
         <run_address>0xe468</run_address>
         <size>0x140</size>
         <input_file_ref idref="fl-16"/>
      </object_component>
      <object_component id="oc-2a1">
         <name>.debug_info</name>
         <load_address>0xe5a8</load_address>
         <run_address>0xe5a8</run_address>
         <size>0x1a8</size>
         <input_file_ref idref="fl-16"/>
      </object_component>
      <object_component id="oc-1c9">
         <name>.debug_info</name>
         <load_address>0xe750</load_address>
         <run_address>0xe750</run_address>
         <size>0x291</size>
         <input_file_ref idref="fl-16"/>
      </object_component>
      <object_component id="oc-1cf">
         <name>.debug_info</name>
         <load_address>0xe9e1</load_address>
         <run_address>0xe9e1</run_address>
         <size>0x1f7</size>
         <input_file_ref idref="fl-16"/>
      </object_component>
      <object_component id="oc-247">
         <name>.debug_info</name>
         <load_address>0xebd8</load_address>
         <run_address>0xebd8</run_address>
         <size>0x2f9</size>
         <input_file_ref idref="fl-16"/>
      </object_component>
      <object_component id="oc-1d5">
         <name>.debug_info</name>
         <load_address>0xeed1</load_address>
         <run_address>0xeed1</run_address>
         <size>0x1eb</size>
         <input_file_ref idref="fl-16"/>
      </object_component>
      <object_component id="oc-24e">
         <name>.debug_info</name>
         <load_address>0xf0bc</load_address>
         <run_address>0xf0bc</run_address>
         <size>0x2d7</size>
         <input_file_ref idref="fl-16"/>
      </object_component>
      <object_component id="oc-31e">
         <name>.debug_info</name>
         <load_address>0xf393</load_address>
         <run_address>0xf393</run_address>
         <size>0x431a</size>
         <input_file_ref idref="fl-16"/>
      </object_component>
      <object_component id="oc-319">
         <name>.debug_info</name>
         <load_address>0x136ad</load_address>
         <run_address>0x136ad</run_address>
         <size>0x1b5</size>
         <input_file_ref idref="fl-16"/>
      </object_component>
      <object_component id="oc-328">
         <name>.debug_info</name>
         <load_address>0x13862</load_address>
         <run_address>0x13862</run_address>
         <size>0x26b</size>
         <input_file_ref idref="fl-16"/>
      </object_component>
      <object_component id="oc-323">
         <name>.debug_info</name>
         <load_address>0x13acd</load_address>
         <run_address>0x13acd</run_address>
         <size>0x1028</size>
         <input_file_ref idref="fl-16"/>
      </object_component>
      <object_component id="oc-28f">
         <name>.debug_info</name>
         <load_address>0x14af5</load_address>
         <run_address>0x14af5</run_address>
         <size>0x297</size>
         <input_file_ref idref="fl-16"/>
      </object_component>
      <object_component id="oc-2ad">
         <name>.debug_info</name>
         <load_address>0x14d8c</load_address>
         <run_address>0x14d8c</run_address>
         <size>0xef</size>
         <input_file_ref idref="fl-16"/>
      </object_component>
      <object_component id="oc-241">
         <name>.debug_info</name>
         <load_address>0x14e7b</load_address>
         <run_address>0x14e7b</run_address>
         <size>0xbb</size>
         <input_file_ref idref="fl-16"/>
      </object_component>
      <object_component id="oc-29c">
         <name>.debug_info</name>
         <load_address>0x14f36</load_address>
         <run_address>0x14f36</run_address>
         <size>0x1eb</size>
         <input_file_ref idref="fl-1a"/>
      </object_component>
      <object_component id="oc-2a8">
         <name>.debug_info</name>
         <load_address>0x15121</load_address>
         <run_address>0x15121</run_address>
         <size>0x1e9</size>
         <input_file_ref idref="fl-1a"/>
      </object_component>
      <object_component id="oc-296">
         <name>.debug_info</name>
         <load_address>0x1530a</load_address>
         <run_address>0x1530a</run_address>
         <size>0x1cc</size>
         <input_file_ref idref="fl-1a"/>
      </object_component>
      <object_component id="oc-bb">
         <name>.debug_info</name>
         <load_address>0x154d6</load_address>
         <run_address>0x154d6</run_address>
         <size>0x147</size>
         <input_file_ref idref="fl-d1"/>
      </object_component>
      <object_component id="oc-b7">
         <name>.debug_info</name>
         <load_address>0x1561d</load_address>
         <run_address>0x1561d</run_address>
         <size>0x2d4</size>
         <input_file_ref idref="fl-d2"/>
      </object_component>
      <object_component id="oc-50">
         <name>.debug_info</name>
         <load_address>0x158f1</load_address>
         <run_address>0x158f1</run_address>
         <size>0x1b5</size>
         <input_file_ref idref="fl-d2"/>
      </object_component>
      <object_component id="oc-b2">
         <name>.debug_info</name>
         <load_address>0x15aa6</load_address>
         <run_address>0x15aa6</run_address>
         <size>0x46</size>
         <input_file_ref idref="fl-d2"/>
      </object_component>
      <object_component id="oc-45">
         <name>.debug_info</name>
         <load_address>0x15aec</load_address>
         <run_address>0x15aec</run_address>
         <size>0x2a8</size>
         <input_file_ref idref="fl-d3"/>
      </object_component>
      <object_component id="oc-1e">
         <name>.debug_info</name>
         <load_address>0x15d94</load_address>
         <run_address>0x15d94</run_address>
         <size>0x1ea</size>
         <input_file_ref idref="fl-d3"/>
      </object_component>
      <object_component id="oc-40">
         <name>.debug_info</name>
         <load_address>0x15f7e</load_address>
         <run_address>0x15f7e</run_address>
         <size>0x46</size>
         <input_file_ref idref="fl-d3"/>
      </object_component>
      <object_component id="oc-aa">
         <name>.debug_info</name>
         <load_address>0x15fc4</load_address>
         <run_address>0x15fc4</run_address>
         <size>0x2c</size>
         <input_file_ref idref="fl-d3"/>
      </object_component>
      <object_component id="oc-a8">
         <name>.debug_info</name>
         <load_address>0x15ff0</load_address>
         <run_address>0x15ff0</run_address>
         <size>0x29e</size>
         <input_file_ref idref="fl-d4"/>
      </object_component>
      <object_component id="oc-19">
         <name>.debug_info</name>
         <load_address>0x1628e</load_address>
         <run_address>0x1628e</run_address>
         <size>0x250</size>
         <input_file_ref idref="fl-d4"/>
      </object_component>
      <object_component id="oc-30">
         <name>.debug_info</name>
         <load_address>0x164de</load_address>
         <run_address>0x164de</run_address>
         <size>0x60</size>
         <input_file_ref idref="fl-d4"/>
      </object_component>
      <object_component id="oc-11f">
         <name>.debug_info</name>
         <load_address>0x1653e</load_address>
         <run_address>0x1653e</run_address>
         <size>0x46</size>
         <input_file_ref idref="fl-d4"/>
      </object_component>
      <object_component id="oc-a3">
         <name>.debug_info</name>
         <load_address>0x16584</load_address>
         <run_address>0x16584</run_address>
         <size>0x39</size>
         <input_file_ref idref="fl-d4"/>
      </object_component>
      <object_component id="oc-28c">
         <name>.debug_info</name>
         <load_address>0x165bd</load_address>
         <run_address>0x165bd</run_address>
         <size>0x322</size>
         <input_file_ref idref="fl-d5"/>
      </object_component>
      <object_component id="oc-230">
         <name>.debug_info</name>
         <load_address>0x168df</load_address>
         <run_address>0x168df</run_address>
         <size>0x177</size>
         <input_file_ref idref="fl-d5"/>
      </object_component>
      <object_component id="oc-2ed">
         <name>.debug_info</name>
         <load_address>0x16a56</load_address>
         <run_address>0x16a56</run_address>
         <size>0xb2</size>
         <input_file_ref idref="fl-d5"/>
      </object_component>
      <object_component id="oc-2e9">
         <name>.debug_info</name>
         <load_address>0x16b08</load_address>
         <run_address>0x16b08</run_address>
         <size>0x144</size>
         <input_file_ref idref="fl-d6"/>
      </object_component>
      <object_component id="oc-289">
         <name>.debug_info</name>
         <load_address>0x16c4c</load_address>
         <run_address>0x16c4c</run_address>
         <size>0x102</size>
         <input_file_ref idref="fl-d6"/>
      </object_component>
      <object_component id="oc-2e3">
         <name>.debug_info</name>
         <load_address>0x16d4e</load_address>
         <run_address>0x16d4e</run_address>
         <size>0x18f</size>
         <input_file_ref idref="fl-d6"/>
      </object_component>
      <object_component id="oc-2a">
         <name>.debug_info</name>
         <load_address>0x16edd</load_address>
         <run_address>0x16edd</run_address>
         <size>0x10b</size>
         <input_file_ref idref="fl-d7"/>
      </object_component>
      <object_component id="oc-5c">
         <name>.debug_info</name>
         <load_address>0x16fe8</load_address>
         <run_address>0x16fe8</run_address>
         <size>0x1a9</size>
         <input_file_ref idref="fl-d7"/>
      </object_component>
      <object_component id="oc-2e6">
         <name>.debug_info</name>
         <load_address>0x17191</load_address>
         <run_address>0x17191</run_address>
         <size>0x347</size>
         <input_file_ref idref="fl-d8"/>
      </object_component>
      <object_component id="oc-2d5">
         <name>.debug_info</name>
         <load_address>0x174d8</load_address>
         <run_address>0x174d8</run_address>
         <size>0x18a</size>
         <input_file_ref idref="fl-d8"/>
      </object_component>
      <object_component id="oc-283">
         <name>.debug_info</name>
         <load_address>0x17662</load_address>
         <run_address>0x17662</run_address>
         <size>0x1c8</size>
         <input_file_ref idref="fl-d8"/>
      </object_component>
      <object_component id="oc-2e1">
         <name>.debug_info</name>
         <load_address>0x1782a</load_address>
         <run_address>0x1782a</run_address>
         <size>0x3fc</size>
         <input_file_ref idref="fl-d9"/>
      </object_component>
      <object_component id="oc-27d">
         <name>.debug_info</name>
         <load_address>0x17c26</load_address>
         <run_address>0x17c26</run_address>
         <size>0x2e2</size>
         <input_file_ref idref="fl-d9"/>
      </object_component>
      <object_component id="oc-304">
         <name>.debug_info</name>
         <load_address>0x17f08</load_address>
         <run_address>0x17f08</run_address>
         <size>0x300</size>
         <input_file_ref idref="fl-da"/>
      </object_component>
      <object_component id="oc-2c4">
         <name>.debug_info</name>
         <load_address>0x18208</load_address>
         <run_address>0x18208</run_address>
         <size>0x19c</size>
         <input_file_ref idref="fl-da"/>
      </object_component>
      <object_component id="oc-349">
         <name>.debug_info</name>
         <load_address>0x183a4</load_address>
         <run_address>0x183a4</run_address>
         <size>0xbf</size>
         <input_file_ref idref="fl-da"/>
      </object_component>
      <object_component id="oc-348">
         <name>.debug_info</name>
         <load_address>0x18463</load_address>
         <run_address>0x18463</run_address>
         <size>0x374</size>
         <input_file_ref idref="fl-db"/>
      </object_component>
      <object_component id="oc-2fe">
         <name>.debug_info</name>
         <load_address>0x187d7</load_address>
         <run_address>0x187d7</run_address>
         <size>0x20b</size>
         <input_file_ref idref="fl-db"/>
      </object_component>
      <object_component id="oc-3c">
         <name>.debug_info</name>
         <load_address>0x189e2</load_address>
         <run_address>0x189e2</run_address>
         <size>0x119</size>
         <input_file_ref idref="fl-dc"/>
      </object_component>
      <object_component id="oc-219">
         <name>.debug_info</name>
         <load_address>0x18afb</load_address>
         <run_address>0x18afb</run_address>
         <size>0x4b3</size>
         <input_file_ref idref="fl-dd"/>
      </object_component>
      <object_component id="oc-15d">
         <name>.debug_info</name>
         <load_address>0x18fae</load_address>
         <run_address>0x18fae</run_address>
         <size>0x1a6</size>
         <input_file_ref idref="fl-dd"/>
      </object_component>
      <object_component id="oc-26b">
         <name>.debug_info</name>
         <load_address>0x19154</load_address>
         <run_address>0x19154</run_address>
         <size>0x39</size>
         <input_file_ref idref="fl-dd"/>
      </object_component>
      <object_component id="oc-2b6">
         <name>.debug_info</name>
         <load_address>0x1918d</load_address>
         <run_address>0x1918d</run_address>
         <size>0x39</size>
         <input_file_ref idref="fl-dd"/>
      </object_component>
      <object_component id="oc-270">
         <name>.debug_info</name>
         <load_address>0x191c6</load_address>
         <run_address>0x191c6</run_address>
         <size>0x39</size>
         <input_file_ref idref="fl-dd"/>
      </object_component>
      <object_component id="oc-275">
         <name>.debug_info</name>
         <load_address>0x191ff</load_address>
         <run_address>0x191ff</run_address>
         <size>0xcd</size>
         <input_file_ref idref="fl-dd"/>
      </object_component>
      <object_component id="oc-216">
         <name>.debug_info</name>
         <load_address>0x192cc</load_address>
         <run_address>0x192cc</run_address>
         <size>0x3ad</size>
         <input_file_ref idref="fl-df"/>
      </object_component>
      <object_component id="oc-210">
         <name>.debug_info</name>
         <load_address>0x19679</load_address>
         <run_address>0x19679</run_address>
         <size>0x190</size>
         <input_file_ref idref="fl-df"/>
      </object_component>
      <object_component id="oc-151">
         <name>.debug_info</name>
         <load_address>0x19809</load_address>
         <run_address>0x19809</run_address>
         <size>0x122</size>
         <input_file_ref idref="fl-df"/>
      </object_component>
      <object_component id="oc-157">
         <name>.debug_info</name>
         <load_address>0x1992b</load_address>
         <run_address>0x1992b</run_address>
         <size>0x184</size>
         <input_file_ref idref="fl-df"/>
      </object_component>
      <object_component id="oc-265">
         <name>.debug_info</name>
         <load_address>0x19aaf</load_address>
         <run_address>0x19aaf</run_address>
         <size>0x2c9</size>
         <input_file_ref idref="fl-e0"/>
      </object_component>
      <object_component id="oc-213">
         <name>.debug_info</name>
         <load_address>0x19d78</load_address>
         <run_address>0x19d78</run_address>
         <size>0x11e</size>
         <input_file_ref idref="fl-e0"/>
      </object_component>
      <object_component id="oc-25f">
         <name>.debug_info</name>
         <load_address>0x19e96</load_address>
         <run_address>0x19e96</run_address>
         <size>0x12e</size>
         <input_file_ref idref="fl-e0"/>
      </object_component>
      <object_component id="oc-308">
         <name>.debug_info</name>
         <load_address>0x19fc4</load_address>
         <run_address>0x19fc4</run_address>
         <size>0x2a5</size>
         <input_file_ref idref="fl-e2"/>
      </object_component>
      <object_component id="oc-2d0">
         <name>.debug_info</name>
         <load_address>0x1a269</load_address>
         <run_address>0x1a269</run_address>
         <size>0x25d</size>
         <input_file_ref idref="fl-e2"/>
      </object_component>
      <object_component id="oc-a1">
         <name>.debug_info</name>
         <load_address>0x1a4c6</load_address>
         <run_address>0x1a4c6</run_address>
         <size>0x3b2</size>
         <input_file_ref idref="fl-e3"/>
      </object_component>
      <object_component id="oc-2d">
         <name>.debug_info</name>
         <load_address>0x1a878</load_address>
         <run_address>0x1a878</run_address>
         <size>0x10c</size>
         <input_file_ref idref="fl-e3"/>
      </object_component>
      <object_component id="oc-3b8">
         <name>.debug_info</name>
         <load_address>0x1a984</load_address>
         <run_address>0x1a984</run_address>
         <size>0x13f</size>
         <input_file_ref idref="fl-e3"/>
      </object_component>
      <object_component id="oc-33c">
         <name>.debug_info</name>
         <load_address>0x1aac3</load_address>
         <run_address>0x1aac3</run_address>
         <size>0x168</size>
         <input_file_ref idref="fl-e3"/>
      </object_component>
      <object_component id="oc-36d">
         <name>.debug_info</name>
         <load_address>0x1ac2b</load_address>
         <run_address>0x1ac2b</run_address>
         <size>0x18e</size>
         <input_file_ref idref="fl-e3"/>
      </object_component>
      <object_component id="oc-371">
         <name>.debug_info</name>
         <load_address>0x1adb9</load_address>
         <run_address>0x1adb9</run_address>
         <size>0x19f</size>
         <input_file_ref idref="fl-e3"/>
      </object_component>
      <object_component id="oc-336">
         <name>.debug_info</name>
         <load_address>0x1af58</load_address>
         <run_address>0x1af58</run_address>
         <size>0x203</size>
         <input_file_ref idref="fl-e3"/>
      </object_component>
      <object_component id="oc-3bf">
         <name>.debug_info</name>
         <load_address>0x1b15b</load_address>
         <run_address>0x1b15b</run_address>
         <size>0x1db</size>
         <input_file_ref idref="fl-e3"/>
      </object_component>
      <object_component id="oc-378">
         <name>.debug_info</name>
         <load_address>0x1b336</load_address>
         <run_address>0x1b336</run_address>
         <size>0x299</size>
         <input_file_ref idref="fl-e3"/>
      </object_component>
      <object_component id="oc-11a">
         <name>.debug_info</name>
         <load_address>0x1b5cf</load_address>
         <run_address>0x1b5cf</run_address>
         <size>0xb2</size>
         <input_file_ref idref="fl-e3"/>
      </object_component>
      <object_component id="oc-115">
         <name>.debug_info</name>
         <load_address>0x1b681</load_address>
         <run_address>0x1b681</run_address>
         <size>0x2c</size>
         <input_file_ref idref="fl-e3"/>
      </object_component>
      <object_component id="oc-306">
         <name>.debug_info</name>
         <load_address>0x1b6ad</load_address>
         <run_address>0x1b6ad</run_address>
         <size>0x28f</size>
         <input_file_ref idref="fl-e4"/>
      </object_component>
      <object_component id="oc-2c9">
         <name>.debug_info</name>
         <load_address>0x1b93c</load_address>
         <run_address>0x1b93c</run_address>
         <size>0x245</size>
         <input_file_ref idref="fl-e4"/>
      </object_component>
      <object_component id="oc-30e">
         <name>.debug_info</name>
         <load_address>0x1bb81</load_address>
         <run_address>0x1bb81</run_address>
         <size>0x397</size>
         <input_file_ref idref="fl-e5"/>
      </object_component>
      <object_component id="oc-2de">
         <name>.debug_info</name>
         <load_address>0x1bf18</load_address>
         <run_address>0x1bf18</run_address>
         <size>0x18f</size>
         <input_file_ref idref="fl-e5"/>
      </object_component>
      <object_component id="oc-35c">
         <name>.debug_info</name>
         <load_address>0x1c0a7</load_address>
         <run_address>0x1c0a7</run_address>
         <size>0x120</size>
         <input_file_ref idref="fl-e5"/>
      </object_component>
      <object_component id="oc-361">
         <name>.debug_info</name>
         <load_address>0x1c1c7</load_address>
         <run_address>0x1c1c7</run_address>
         <size>0x2c</size>
         <input_file_ref idref="fl-e5"/>
      </object_component>
      <object_component id="oc-359">
         <name>.debug_info</name>
         <load_address>0x1c1f3</load_address>
         <run_address>0x1c1f3</run_address>
         <size>0x337</size>
         <input_file_ref idref="fl-e6"/>
      </object_component>
      <object_component id="oc-355">
         <name>.debug_info</name>
         <load_address>0x1c52a</load_address>
         <run_address>0x1c52a</run_address>
         <size>0x109</size>
         <input_file_ref idref="fl-e6"/>
      </object_component>
      <object_component id="oc-30b">
         <name>.debug_info</name>
         <load_address>0x1c633</load_address>
         <run_address>0x1c633</run_address>
         <size>0x109</size>
         <input_file_ref idref="fl-e6"/>
      </object_component>
      <object_component id="oc-342">
         <name>.debug_info</name>
         <load_address>0x1c73c</load_address>
         <run_address>0x1c73c</run_address>
         <size>0x176</size>
         <input_file_ref idref="fl-e7"/>
      </object_component>
      <object_component id="oc-334">
         <name>.debug_info</name>
         <load_address>0x1c8b2</load_address>
         <run_address>0x1c8b2</run_address>
         <size>0x324</size>
         <input_file_ref idref="fl-e8"/>
      </object_component>
      <object_component id="oc-2f8">
         <name>.debug_info</name>
         <load_address>0x1cbd6</load_address>
         <run_address>0x1cbd6</run_address>
         <size>0x1ec</size>
         <input_file_ref idref="fl-e8"/>
      </object_component>
      <object_component id="oc-3e3">
         <name>.debug_info</name>
         <load_address>0x1cdc2</load_address>
         <run_address>0x1cdc2</run_address>
         <size>0x373</size>
         <input_file_ref idref="fl-e9"/>
      </object_component>
      <object_component id="oc-38e">
         <name>.debug_info</name>
         <load_address>0x1d135</load_address>
         <run_address>0x1d135</run_address>
         <size>0x1bc</size>
         <input_file_ref idref="fl-e9"/>
      </object_component>
      <object_component id="oc-3e9">
         <name>.debug_info</name>
         <load_address>0x1d2f1</load_address>
         <run_address>0x1d2f1</run_address>
         <size>0x378</size>
         <input_file_ref idref="fl-ea"/>
      </object_component>
      <object_component id="oc-3a0">
         <name>.debug_info</name>
         <load_address>0x1d669</load_address>
         <run_address>0x1d669</run_address>
         <size>0x210</size>
         <input_file_ref idref="fl-ea"/>
      </object_component>
      <object_component id="oc-3df">
         <name>.debug_info</name>
         <load_address>0x1d879</load_address>
         <run_address>0x1d879</run_address>
         <size>0x3a3</size>
         <input_file_ref idref="fl-eb"/>
      </object_component>
      <object_component id="oc-38a">
         <name>.debug_info</name>
         <load_address>0x1dc1c</load_address>
         <run_address>0x1dc1c</run_address>
         <size>0x20c</size>
         <input_file_ref idref="fl-eb"/>
      </object_component>
      <object_component id="oc-3e5">
         <name>.debug_info</name>
         <load_address>0x1de28</load_address>
         <run_address>0x1de28</run_address>
         <size>0x377</size>
         <input_file_ref idref="fl-ec"/>
      </object_component>
      <object_component id="oc-395">
         <name>.debug_info</name>
         <load_address>0x1e19f</load_address>
         <run_address>0x1e19f</run_address>
         <size>0x1fb</size>
         <input_file_ref idref="fl-ec"/>
      </object_component>
      <object_component id="oc-3f3">
         <name>.debug_info</name>
         <load_address>0x1e39a</load_address>
         <run_address>0x1e39a</run_address>
         <size>0x3d5</size>
         <input_file_ref idref="fl-ed"/>
      </object_component>
      <object_component id="oc-3ac">
         <name>.debug_info</name>
         <load_address>0x1e76f</load_address>
         <run_address>0x1e76f</run_address>
         <size>0x236</size>
         <input_file_ref idref="fl-ed"/>
      </object_component>
      <object_component id="oc-3eb">
         <name>.debug_info</name>
[...]
         <name>setSystemClock</name>
         <value>0xb65</value>
         <object_component_ref idref="oc-135"/>
      </symbol>
      <symbol id="sm-207">
         <name>PORT1_IRQHandler</name>
         <value>0x14b9</value>
         <object_component_ref idref="oc-8e"/>
      </symbol>
      <symbol id="sm-208">
         <name>TA0_0_IRQHandler</name>
         <value>0x1af9</value>
         <object_component_ref idref="oc-7c"/>
      </symbol>
      <symbol id="sm-209">
         <name>WDT_A_IRQHandler</name>
         <value>0x128b</value>
         <object_component_ref idref="oc-76"/>
      </symbol>
      <symbol id="sm-20a">
         <name>main</name>
         <value>0xd49</value>
         <object_component_ref idref="oc-c4"/>
      </symbol>
      <symbol id="sm-20b">
         <name>PORT5_IRQHandler</name>
         <value>0x1701</value>
         <object_component_ref idref="oc-94"/>
      </symbol>
      <symbol id="sm-20c">
         <name>startCrystalOscillator</name>
         <value>0x19b5</value>
         <object_component_ref idref="oc-12f"/>
      </symbol>
      <symbol id="sm-20d">
         <name>_system_pre_init</name>
         <value>0x1b41</value>
         <object_component_ref idref="oc-be"/>
      </symbol>
      <symbol id="sm-220">
         <name>SystemInit</name>
         <value>0xec5</value>
         <object_component_ref idref="oc-d6"/>
      </symbol>
      <symbol id="sm-2c2">
         <name>CS_startLFXT</name>
         <value>0x1ba1</value>
         <object_component_ref idref="oc-1d4"/>
      </symbol>
      <symbol id="sm-2c3">
         <name>CS_startHFXT</name>
         <value>0x1b7d</value>
         <object_component_ref idref="oc-1ce"/>
      </symbol>
      <symbol id="sm-2c4">
         <name>CS_setExternalClockSourceFrequency</name>
         <value>0x1a51</value>
         <object_component_ref idref="oc-1c8"/>
      </symbol>
      <symbol id="sm-2c5">
         <name>CS_startHFXTWithTimeout</name>
         <value>0x649</value>
         <object_component_ref idref="oc-246"/>
      </symbol>
      <symbol id="sm-2c6">
         <name>CS_startLFXTWithTimeout</name>
         <value>0x811</value>
         <object_component_ref idref="oc-24d"/>
      </symbol>
      <symbol id="sm-2e9">
         <name>SysCtl_A_enableNMISource</name>
         <value>0x1ae1</value>
         <object_component_ref idref="oc-2a6"/>
      </symbol>
      <symbol id="sm-2ea">
         <name>SysCtl_A_getNMISourceStatus</name>
         <value>0x1b91</value>
         <object_component_ref idref="oc-294"/>
      </symbol>
      <symbol id="sm-2eb">
         <name>SysCtl_A_disableNMISource</name>
         <value>0x1ac9</value>
         <object_component_ref idref="oc-29a"/>
      </symbol>
      <symbol id="sm-2fb">
         <name>__aeabi_memset</name>
         <value>0xe4b</value>
         <object_component_ref idref="oc-b8"/>
      </symbol>
      <symbol id="sm-2fc">
         <name>memset</name>
         <value>0xe51</value>
         <object_component_ref idref="oc-b8"/>
      </symbol>
      <symbol id="sm-2fd">
         <name>__aeabi_memset8</name>
         <value>0xe4b</value>
         <object_component_ref idref="oc-b8"/>
      </symbol>
      <symbol id="sm-2fe">
         <name>__aeabi_memset4</name>
         <value>0xe4b</value>
         <object_component_ref idref="oc-b8"/>
      </symbol>
      <symbol id="sm-2ff">
         <name>__aeabi_memclr8</name>
         <value>0xe49</value>
         <object_component_ref idref="oc-b8"/>
      </symbol>
      <symbol id="sm-300">
         <name>__aeabi_memclr4</name>
         <value>0xe49</value>
         <object_component_ref idref="oc-b8"/>
      </symbol>
      <symbol id="sm-301">
         <name>__aeabi_memclr</name>
         <value>0xe49</value>
         <object_component_ref idref="oc-b8"/>
      </symbol>
      <symbol id="sm-313">
         <name>__TI_zero_init</name>
         <value>0x1bc9</value>
         <object_component_ref idref="oc-4c"/>
      </symbol>
      <symbol id="sm-32a">
         <name>__TI_decompress_none</name>
         <value>0x1baf</value>
         <object_component_ref idref="oc-1d"/>
      </symbol>
      <symbol id="sm-34d">
         <name>__TI_decompress_lzss</name>
         <value>0x115d</value>
         <object_component_ref idref="oc-17"/>
      </symbol>
      <symbol id="sm-361">
         <name>_abort_msg</name>
         <value>0x1a91</value>
         <object_component_ref idref="oc-22f"/>
      </symbol>
      <symbol id="sm-376">
         <name>__TI_tmpnams</name>
         <value>0x20000b40</value>
      </symbol>
      <symbol id="sm-377">
         <name>__aeabi_stdout</name>
         <value>0x20000dbc</value>
         <object_component_ref idref="oc-2e2"/>
      </symbol>
      <symbol id="sm-378">
         <name>__aeabi_stderr</name>
         <value>0x20000dc0</value>
         <object_component_ref idref="oc-2e2"/>
      </symbol>
      <symbol id="sm-379">
         <name>__aeabi_stdin</name>
         <value>0x20000db8</value>
         <object_component_ref idref="oc-2e2"/>
      </symbol>
      <symbol id="sm-37a">
         <name>_ftable</name>
         <value>0x20000bfc</value>
         <object_component_ref idref="oc-288"/>
      </symbol>
      <symbol id="sm-37b">
         <name>__TI_ft_end</name>
         <value>0x20000db4</value>
         <object_component_ref idref="oc-2e2"/>
      </symbol>
      <symbol id="sm-38e">
         <name>__stack</name>
         <value>0x2000fe00</value>
         <object_component_ref idref="oc-29"/>
      </symbol>
      <symbol id="sm-38f">
         <name>_c_int00_noargs</name>
         <value>0x18a5</value>
         <object_component_ref idref="oc-58"/>
      </symbol>
      <symbol id="sm-3b0">
         <name>__TI_doflush</name>
         <value>0x1509</value>
         <object_component_ref idref="oc-2d4"/>
      </symbol>
      <symbol id="sm-3b1">
         <name>fflush</name>
         <value>0xdcd</value>
         <object_component_ref idref="oc-282"/>
      </symbol>
      <symbol id="sm-3cf">
         <name>fputs</name>
         <value>0x349</value>
         <object_component_ref idref="oc-27c"/>
      </symbol>
      <symbol id="sm-3e7">
         <name>__TI_wrt_ok</name>
         <value>0x1229</value>
         <object_component_ref idref="oc-2c2"/>
      </symbol>
      <symbol id="sm-403">
         <name>setvbuf</name>
         <value>0x9cd</value>
         <object_component_ref idref="oc-2fd"/>
      </symbol>
      <symbol id="sm-41e">
         <name>memcpy</name>
         <value>0xc19</value>
         <object_component_ref idref="oc-3a"/>
      </symbol>
      <symbol id="sm-41f">
         <name>__aeabi_memcpy</name>
         <value>0xc19</value>
         <object_component_ref idref="oc-3a"/>
      </symbol>
      <symbol id="sm-420">
         <name>__aeabi_memcpy8</name>
         <value>0xc19</value>
         <object_component_ref idref="oc-3a"/>
      </symbol>
      <symbol id="sm-421">
         <name>__aeabi_memcpy4</name>
         <value>0xc19</value>
         <object_component_ref idref="oc-3a"/>
      </symbol>
      <symbol id="sm-449">
         <name>__TI_auto_init_nobinit_nopinit</name>
         <value>0x1745</value>
         <object_component_ref idref="oc-15c"/>
      </symbol>
      <symbol id="sm-470">
         <name>C$$EXIT</name>
         <value>0x1bdd</value>
         <object_component_ref idref="oc-150"/>
      </symbol>
      <symbol id="sm-471">
         <name>abort</name>
         <value>0x1bdd</value>
         <object_component_ref idref="oc-150"/>
      </symbol>
      <symbol id="sm-472">
         <name>__TI_dtors_ptr</name>
         <value>0x20000dc8</value>
         <object_component_ref idref="oc-20f"/>
      </symbol>
      <symbol id="sm-473">
         <name>__TI_cleanup_ptr</name>
         <value>0x20000dc4</value>
         <object_component_ref idref="oc-20f"/>
      </symbol>
      <symbol id="sm-474">
         <name>__TI_enable_exit_profile_output</name>
         <value>0x20000dcc</value>
         <object_component_ref idref="oc-20f"/>
      </symbol>
      <symbol id="sm-475">
         <name>exit</name>
         <value>0x15e9</value>
         <object_component_ref idref="oc-156"/>
      </symbol>
      <symbol id="sm-48a">
         <name>_nop</name>
         <value>0x134b</value>
         <object_component_ref idref="oc-25d"/>
      </symbol>
      <symbol id="sm-48b">
         <name>_lock</name>
         <value>0x20000dd0</value>
         <object_component_ref idref="oc-212"/>
      </symbol>
      <symbol id="sm-48c">
         <name>_unlock</name>
         <value>0x20000dd4</value>
         <object_component_ref idref="oc-212"/>
      </symbol>
      <symbol id="sm-49d">
         <name>memchr</name>
         <value>0x1a71</value>
         <object_component_ref idref="oc-2ce"/>
      </symbol>
      <symbol id="sm-526">
         <name>_sys_memory</name>
         <value>0x20000000</value>
         <object_component_ref idref="oc-2c"/>
      </symbol>
      <symbol id="sm-527">
         <name>free</name>
         <value>0x72d</value>
         <object_component_ref idref="oc-335"/>
      </symbol>
      <symbol id="sm-528">
         <name>memalign</name>
         <value>0x45d</value>
         <object_component_ref idref="oc-377"/>
      </symbol>
      <symbol id="sm-529">
         <name>malloc</name>
         <value>0x1bd5</value>
         <object_component_ref idref="oc-33b"/>
      </symbol>
      <symbol id="sm-52a">
         <name>aligned_alloc</name>
         <value>0x45d</value>
         <object_component_ref idref="oc-377"/>
      </symbol>
      <symbol id="sm-538">
         <name>strlen</name>
         <value>0x1b69</value>
         <object_component_ref idref="oc-2c8"/>
      </symbol>
      <symbol id="sm-552">
         <name>write</name>
         <value>0x1a05</value>
         <object_component_ref idref="oc-2da"/>
      </symbol>
      <symbol id="sm-563">
         <name>_stream</name>
         <value>0x20000d64</value>
         <object_component_ref idref="oc-30a"/>
      </symbol>
      <symbol id="sm-564">
         <name>_device</name>
         <value>0x20000cec</value>
         <object_component_ref idref="oc-354"/>
      </symbol>
      <symbol id="sm-574">
         <name>__TI_cleanup</name>
         <value>0x183d</value>
         <object_component_ref idref="oc-341"/>
      </symbol>
      <symbol id="sm-586">
         <name>fseek</name>
         <value>0x11c5</value>
         <object_component_ref idref="oc-2f7"/>
      </symbol>
      <symbol id="sm-597">
         <name>HOSTclose</name>
         <value>0x1679</value>
         <object_component_ref idref="oc-38d"/>
      </symbol>
      <symbol id="sm-5a8">
         <name>HOSTlseek</name>
         <value>0x10f5</value>
         <object_component_ref idref="oc-39f"/>
      </symbol>
      <symbol id="sm-5ba">
         <name>parmbuf</name>
         <value>0x20000be8</value>
      </symbol>
      <symbol id="sm-5bb">
         <name>HOSTopen</name>
         <value>0x128d</value>
         <object_component_ref idref="oc-387"/>
      </symbol>
      <symbol id="sm-5cc">
         <name>HOSTread</name>
         <value>0x1409</value>
         <object_component_ref idref="oc-393"/>
      </symbol>
      <symbol id="sm-5dd">
         <name>HOSTrename</name>
         <value>0x1021</value>
         <object_component_ref idref="oc-3ab"/>
      </symbol>
      <symbol id="sm-5ee">
         <name>HOSTunlink</name>
         <value>0x16bd</value>
         <object_component_ref idref="oc-3a5"/>
      </symbol>
      <symbol id="sm-5ff">
         <name>HOSTwrite</name>
         <value>0x1461</value>
         <object_component_ref idref="oc-399"/>
      </symbol>
      <symbol id="sm-623">
         <name>__TI_readmsg</name>
         <value>0x1871</value>
         <object_component_ref idref="oc-3d8"/>
      </symbol>
      <symbol id="sm-624">
         <name>C$$IO$$</name>
         <value>0x17fb</value>
         <object_component_ref idref="oc-3d2"/>
      </symbol>
      <symbol id="sm-625">
         <name>__CIOBUF_</name>
         <value>0x20000800</value>
         <object_component_ref idref="oc-403"/>
      </symbol>
      <symbol id="sm-626">
         <name>__TI_writemsg</name>
         <value>0x17cd</value>
         <object_component_ref idref="oc-3d2"/>
      </symbol>
      <symbol id="sm-637">
         <name>lseek</name>
         <value>0x198d</value>
         <object_component_ref idref="oc-32d"/>
      </symbol>
      <symbol id="sm-64c">
         <name>__TI_closefile</name>
         <value>0xf3d</value>
         <object_component_ref idref="oc-37e"/>
      </symbol>
      <symbol id="sm-674">
         <name>finddevice</name>
         <value>0x1909</value>
         <object_component_ref idref="oc-427"/>
      </symbol>
      <symbol id="sm-675">
         <name>getdevice</name>
         <value>0x1789</value>
         <object_component_ref idref="oc-3f9"/>
      </symbol>
      <symbol id="sm-685">
         <name>strchr</name>
         <value>0x1b29</value>
         <object_component_ref idref="oc-41b"/>
      </symbol>
      <symbol id="sm-694">
         <name>strcmp</name>
         <value>0x1b11</value>
         <object_component_ref idref="oc-440"/>
      </symbol>
      <symbol id="sm-6a2">
         <name>strcpy</name>
         <value>0x1b55</value>
         <object_component_ref idref="oc-3ec"/>
      </symbol>
      <symbol id="sm-6b2">
         <name>strncpy</name>
         <value>0x1805</value>
         <object_component_ref idref="oc-421"/>
      </symbol>
      <symbol id="sm-6c7">
         <name>close</name>
         <value>0x13ad</value>
         <object_component_ref idref="oc-3c3"/>
      </symbol>
      <symbol id="sm-6d7">
         <name>unlink</name>
         <value>0x1939</value>
         <object_component_ref idref="oc-3c9"/>
      </symbol>
      <symbol id="sm-6d8">
         <name>__TI_static_base__</name>
         <value>0x0</value>
      </symbol>
      <symbol id="sm-6db">
         <name>__mpu_init</name>
         <value>0x0</value>
      </symbol>
      <symbol id="sm-6dc">
         <name>_system_post_cinit</name>
         <value>0x0</value>
      </symbol>
      <symbol id="sm-6dd">
         <name>NMI_Handler</name>
         <value>0xec3</value>
      </symbol>
      <symbol id="sm-6de">
         <name>HardFault_Handler</name>
         <value>0xec3</value>
      </symbol>
      <symbol id="sm-6df">
         <name>MemManage_Handler</name>
         <value>0xec3</value>
      </symbol>
      <symbol id="sm-6e0">
         <name>BusFault_Handler</name>
         <value>0xec3</value>
      </symbol>
      <symbol id="sm-6e1">
         <name>UsageFault_Handler</name>
         <value>0xec3</value>
      </symbol>
      <symbol id="sm-6e2">
         <name>SVC_Handler</name>
         <value>0xec3</value>
      </symbol>
      <symbol id="sm-6e3">
         <name>DebugMon_Handler</name>
         <value>0xec3</value>
      </symbol>
      <symbol id="sm-6e4">
         <name>PendSV_Handler</name>
         <value>0xec3</value>
      </symbol>
      <symbol id="sm-6e5">
         <name>SysTick_Handler</name>
         <value>0xec3</value>
      </symbol>
      <symbol id="sm-6e6">
         <name>PSS_IRQHandler</name>
         <value>0xec3</value>
      </symbol>
      <symbol id="sm-6e7">
         <name>CS_IRQHandler</name>
         <value>0xec3</value>
      </symbol>
      <symbol id="sm-6e8">
         <name>PCM_IRQHandler</name>
         <value>0xec3</value>
      </symbol>
      <symbol id="sm-6e9">
         <name>WDT_A_IRQHandler</name>
         <value>0x128b</value>
      </symbol>
      <symbol id="sm-6ea">
         <name>FPU_IRQHandler</name>
         <value>0xec3</value>
      </symbol>
      <symbol id="sm-6eb">
         <name>FLCTL_IRQHandler</name>
         <value>0xec3</value>
      </symbol>
      <symbol id="sm-6ec">
         <name>COMP_E0_IRQHandler</name>
         <value>0xec3</value>
      </symbol>
      <symbol id="sm-6ed">
         <name>COMP_E1_IRQHandler</name>
         <value>0xec3</value>
      </symbol>
      <symbol id="sm-6ee">
         <name>TA0_0_IRQHandler</name>
         <value>0x1af9</value>
      </symbol>
      <symbol id="sm-6ef">
         <name>TA0_N_IRQHandler</name>
         <value>0xec3</value>
      </symbol>
      <symbol id="sm-6f0">
         <name>TA1_0_IRQHandler</name>
         <value>0xec3</value>
      </symbol>
      <symbol id="sm-6f1">
         <name>TA1_N_IRQHandler</name>
         <value>0xec3</value>
      </symbol>
      <symbol id="sm-6f2">
         <name>TA2_0_IRQHandler</name>
         <value>0xec3</value>
      </symbol>
      <symbol id="sm-6f3">
         <name>TA2_N_IRQHandler</name>
         <value>0xec3</value>
      </symbol>
      <symbol id="sm-6f4">
         <name>TA3_0_IRQHandler</name>
         <value>0xec3</value>
      </symbol>
      <symbol id="sm-6f5">
         <name>TA3_N_IRQHandler</name>
         <value>0xec3</value>
      </symbol>
      <symbol id="sm-6f6">
         <name>EUSCIA0_IRQHandler</name>
         <value>0x108d</value>
      </symbol>
      <symbol id="sm-6f7">
         <name>EUSCIA1_IRQHandler</name>
         <value>0xec3</value>
      </symbol>
      <symbol id="sm-6f8">
         <name>EUSCIA2_IRQHandler</name>
         <value>0xec3</value>
      </symbol>
      <symbol id="sm-6f9">
         <name>EUSCIA3_IRQHandler</name>
         <value>0xec3</value>
      </symbol>
      <symbol id="sm-6fa">
         <name>EUSCIB0_IRQHandler</name>
         <value>0xec3</value>
      </symbol>
      <symbol id="sm-6fb">
         <name>EUSCIB1_IRQHandler</name>
         <value>0x55d</value>
      </symbol>
      <symbol id="sm-6fc">
         <name>EUSCIB2_IRQHandler</name>
         <value>0xec3</value>
      </symbol>
      <symbol id="sm-6fd">
         <name>EUSCIB3_IRQHandler</name>
         <value>0xec3</value>
      </symbol>
      <symbol id="sm-6fe">
         <name>ADC14_IRQHandler</name>
         <value>0xec3</value>
      </symbol>
      <symbol id="sm-6ff">
         <name>T32_INT1_IRQHandler</name>
         <value>0xec3</value>
      </symbol>
      <symbol id="sm-700">
         <name>T32_INT2_IRQHandler</name>
         <value>0xec3</value>
      </symbol>
      <symbol id="sm-701">
         <name>T32_INTC_IRQHandler</name>
         <value>0xec3</value>
      </symbol>
      <symbol id="sm-702">
         <name>AES256_IRQHandler</name>
         <value>0xec3</value>
      </symbol>
      <symbol id="sm-703">
         <name>RTC_C_IRQHandler</name>
         <value>0xec3</value>
      </symbol>
      <symbol id="sm-704">
         <name>DMA_ERR_IRQHandler</name>
         <value>0xec3</value>
      </symbol>
      <symbol id="sm-705">
         <name>DMA_INT3_IRQHandler</name>
         <value>0xec3</value>
      </symbol>
      <symbol id="sm-706">
         <name>DMA_INT2_IRQHandler</name>
         <value>0xec3</value>
      </symbol>
      <symbol id="sm-707">
         <name>DMA_INT1_IRQHandler</name>
         <value>0xec3</value>
      </symbol>
      <symbol id="sm-708">
         <name>DMA_INT0_IRQHandler</name>
         <value>0xec3</value>
      </symbol>
      <symbol id="sm-709">
         <name>PORT1_IRQHandler</name>
         <value>0x14b9</value>
      </symbol>
      <symbol id="sm-70a">
         <name>PORT2_IRQHandler</name>
         <value>0xec3</value>
      </symbol>
      <symbol id="sm-70b">
         <name>PORT3_IRQHandler</name>
         <value>0xec3</value>
      </symbol>
      <symbol id="sm-70c">
         <name>PORT4_IRQHandler</name>
         <value>0xec3</value>
      </symbol>
      <symbol id="sm-70d">
         <name>PORT5_IRQHandler</name>
         <value>0x1701</value>
      </symbol>
      <symbol id="sm-70e">
         <name>PORT6_IRQHandler</name>
         <value>0xec3</value>
      </symbol>
      <symbol id="sm-70f">
         <name>remove</name>
         <value>0x1939</value>
      </symbol>
   </symbol_table>
   <title>Link successful</title>
</link_info>
